:::MLLOG {"namespace": "", "time_ms": 1790243503995, "event_type": "POINT_IN_TIME", "key": "cache_clear", "value": true, "metadata": {"file": "/workspace/recommendation/generative_recommenders/dlrm_v4/train/train_ranker.py", "lineno": 104}}
:::MLLOG {"namespace": "", "time_ms": 1790243504072, "event_type": "INTERVAL_START", "key": "init_start", "value": null, "metadata": {"file": "/workspace/recommendation/generative_recommenders/dlrm_v4/train/train_ranker.py", "lineno": 105}}
:::MLLOG {"namespace": "", "time_ms": 1790243519706, "event_type": "POINT_IN_TIME", "key": "submission_benchmark", "value": "dlrmv4", "metadata": {"file": "/workspace/recommendation/generative_recommenders/dlrm_v4/train/mlperf_logging_utils.py", "lineno": 153}}
:::MLLOG {"namespace": "", "time_ms": 1790243519712, "event_type": "POINT_IN_TIME", "key": "submission_org", "value": "AMD", "metadata": {"file": "/workspace/recommendation/generative_recommenders/dlrm_v4/train/mlperf_logging_utils.py", "lineno": 154}}
:::MLLOG {"namespace": "", "time_ms": 1790243519715, "event_type": "POINT_IN_TIME", "key": "submission_division", "value": "closed", "metadata": {"file": "/workspace/recommendation/generative_recommenders/dlrm_v4/train/mlperf_logging_utils.py", "lineno": 155}}
:::MLLOG {"namespace": "", "time_ms": 1790243519718, "event_type": "POINT_IN_TIME", "key": "submission_status", "value": "onprem", "metadata": {"file": "/workspace/recommendation/generative_recommenders/dlrm_v4/train/mlperf_logging_utils.py", "lineno": 156}}
:::MLLOG {"namespace": "", "time_ms": 1790243519720, "event_type": "POINT_IN_TIME", "key": "submission_platform", "value": "GB300", "metadata": {"file": "/workspace/recommendation/generative_recommenders/dlrm_v4/train/mlperf_logging_utils.py", "lineno": 157}}
:::MLLOG {"namespace": "", "time_ms": 1790243519723, "event_type": "POINT_IN_TIME", "key": "global_batch_size", "value": 8192, "metadata": {"file": "/workspace/recommendation/generative_recommenders/dlrm_v4/train/mlperf_logging_utils.py", "lineno": 179}}
:::MLLOG {"namespace": "", "time_ms": 1790243519726, "event_type": "POINT_IN_TIME", "key": "gradient_accumulation_steps", "value": 1, "metadata": {"file": "/workspace/recommendation/generative_recommenders/dlrm_v4/train/mlperf_logging_utils.py", "lineno": 180}}
:::MLLOG {"namespace": "", "time_ms": 1790243519728, "event_type": "POINT_IN_TIME", "key": "seed", "value": 8752, "metadata": {"file": "/workspace/recommendation/generative_recommenders/dlrm_v4/train/mlperf_logging_utils.py", "lineno": 183}}
:::MLLOG {"namespace": "", "time_ms": 1790243519731, "event_type": "POINT_IN_TIME", "key": "opt_name", "value": "Adam", "metadata": {"file": "/workspace/recommendation/generative_recommenders/dlrm_v4/train/mlperf_logging_utils.py", "lineno": 184}}
:::MLLOG {"namespace": "", "time_ms": 1790243519734, "event_type": "POINT_IN_TIME", "key": "opt_base_learning_rate", "value": 1e-06, "metadata": {"file": "/workspace/recommendation/generative_recommenders/dlrm_v4/train/mlperf_logging_utils.py", "lineno": 188}}
:::MLLOG {"namespace": "", "time_ms": 1790243519737, "event_type": "POINT_IN_TIME", "key": "opt_adam_beta_1", "value": 0.95, "metadata": {"file": "/workspace/recommendation/generative_recommenders/dlrm_v4/train/mlperf_logging_utils.py", "lineno": 193}}
:::MLLOG {"namespace": "", "time_ms": 1790243519739, "event_type": "POINT_IN_TIME", "key": "opt_adam_beta_2", "value": 0.999, "metadata": {"file": "/workspace/recommendation/generative_recommenders/dlrm_v4/train/mlperf_logging_utils.py", "lineno": 194}}
:::MLLOG {"namespace": "", "time_ms": 1790243519742, "event_type": "POINT_IN_TIME", "key": "opt_adam_epsilon", "value": 1e-08, "metadata": {"file": "/workspace/recommendation/generative_recommenders/dlrm_v4/train/mlperf_logging_utils.py", "lineno": 195}}
:::MLLOG {"namespace": "", "time_ms": 1790243519745, "event_type": "POINT_IN_TIME", "key": "opt_weight_decay", "value": 0.0, "metadata": {"file": "/workspace/recommendation/generative_recommenders/dlrm_v4/train/mlperf_logging_utils.py", "lineno": 199}}
:::MLLOG {"namespace": "", "time_ms": 1790243519748, "event_type": "POINT_IN_TIME", "key": "opt_gradient_clip_norm", "value": 1.0, "metadata": {"file": "/workspace/recommendation/generative_recommenders/dlrm_v4/train/mlperf_logging_utils.py", "lineno": 205}}
:::MLLOG {"namespace": "", "time_ms": 1790243519751, "event_type": "POINT_IN_TIME", "key": "opt_learning_rate_warmup_steps", "value": 24000, "metadata": {"file": "/workspace/recommendation/generative_recommenders/dlrm_v4/train/mlperf_logging_utils.py", "lineno": 209}}
:::MLLOG {"namespace": "", "time_ms": 1790243519754, "event_type": "POINT_IN_TIME", "key": "opt_learning_rate_warmup_start_lr", "value": 0.0, "metadata": {"file": "/workspace/recommendation/generative_recommenders/dlrm_v4/train/mlperf_logging_utils.py", "lineno": 215}}
:::MLLOG {"namespace": "", "time_ms": 1790243519756, "event_type": "POINT_IN_TIME", "key": "opt_sparse_name", "value": "RowWiseAdagrad", "metadata": {"file": "/workspace/recommendation/generative_recommenders/dlrm_v4/train/mlperf_logging_utils.py", "lineno": 221}}
:::MLLOG {"namespace": "", "time_ms": 1790243519759, "event_type": "POINT_IN_TIME", "key": "opt_sparse_base_learning_rate", "value": 1e-06, "metadata": {"file": "/workspace/recommendation/generative_recommenders/dlrm_v4/train/mlperf_logging_utils.py", "lineno": 227}}
:::MLLOG {"namespace": "", "time_ms": 1790243519762, "event_type": "POINT_IN_TIME", "key": "max_sequence_length", "value": 4096, "metadata": {"file": "/workspace/recommendation/generative_recommenders/dlrm_v4/train/mlperf_logging_utils.py", "lineno": 233}}
:::MLLOG {"namespace": "", "time_ms": 1790243519765, "event_type": "POINT_IN_TIME", "key": "eval_every_data_pct", "value": 0.001, "metadata": {"file": "/workspace/recommendation/generative_recommenders/dlrm_v4/train/mlperf_logging_utils.py", "lineno": 242}}
:::MLLOG {"namespace": "", "time_ms": 1790243519767, "event_type": "POINT_IN_TIME", "key": "skip_eval_epoch_pct", "value": 0.025, "metadata": {"file": "/workspace/recommendation/generative_recommenders/dlrm_v4/train/mlperf_logging_utils.py", "lineno": 248}}
:::MLLOG {"namespace": "", "time_ms": 1790243519771, "event_type": "INTERVAL_END", "key": "init_stop", "value": null, "metadata": {"file": "/workspace/recommendation/generative_recommenders/dlrm_v4/train/mlperf_logging_utils.py", "lineno": 254}}
:::MLLOG {"namespace": "", "time_ms": 1790243519773, "event_type": "INTERVAL_START", "key": "run_start", "value": null, "metadata": {"file": "/workspace/recommendation/generative_recommenders/dlrm_v4/train/mlperf_logging_utils.py", "lineno": 255}}
:::MLLOG {"namespace": "", "time_ms": 1790244473353, "event_type": "POINT_IN_TIME", "key": "train_samples", "value": 2290835423, "metadata": {"file": "/workspace/recommendation/generative_recommenders/dlrm_v4/train/mlperf_logging_utils.py", "lineno": 323}}
:::MLLOG {"namespace": "", "time_ms": 1790244473896, "event_type": "POINT_IN_TIME", "key": "eval_samples", "value": 2058204, "metadata": {"file": "/workspace/recommendation/generative_recommenders/dlrm_v4/train/mlperf_logging_utils.py", "lineno": 325}}
:::MLLOG {"namespace": "", "time_ms": 1790244473977, "event_type": "INTERVAL_START", "key": "block_start", "value": null, "metadata": {"file": "/workspace/recommendation/generative_recommenders/dlrm_v4/train/mlperf_logging_utils.py", "lineno": 329, "samples_count": 0, "epoch_num": 0.0}}
:::MLLOG {"namespace": "", "time_ms": 1790255155961, "event_type": "POINT_IN_TIME", "key": "train_loss", "value": 0.1388198733329773, "metadata": {"file": "/workspace/recommendation/generative_recommenders/dlrm_v4/utils.py", "lineno": 1262, "samples_count": 409600, "lr": 2.0416666666666663e-09}}
:::MLLOG {"namespace": "", "time_ms": 1790255179464, "event_type": "POINT_IN_TIME", "key": "train_loss", "value": 0.13860371708869934, "metadata": {"file": "/workspace/recommendation/generative_recommenders/dlrm_v4/utils.py", "lineno": 1262, "samples_count": 819200, "lr": 4.125e-09}}
:::MLLOG {"namespace": "", "time_ms": 1790255202460, "event_type": "POINT_IN_TIME", "key": "train_loss", "value": 0.13822172582149506, "metadata": {"file": "/workspace/recommendation/generative_recommenders/dlrm_v4/utils.py", "lineno": 1262, "samples_count": 1228800, "lr": 6.208333333333333e-09}}
:::MLLOG {"namespace": "", "time_ms": 1790255225557, "event_type": "POINT_IN_TIME", "key": "train_loss", "value": 0.138494074344635, "metadata": {"file": "/workspace/recommendation/generative_recommenders/dlrm_v4/utils.py", "lineno": 1262, "samples_count": 1638400, "lr": 8.291666666666665e-09}}
:::MLLOG {"namespace": "", "time_ms": 1790255249027, "event_type": "POINT_IN_TIME", "key": "train_loss", "value": 0.13874728977680206, "metadata": {"file": "/workspace/recommendation/generative_recommenders/dlrm_v4/utils.py", "lineno": 1262, "samples_count": 2048000, "lr": 1.0375e-08}}
:::MLLOG {"namespace": "", "time_ms": 1790255272321, "event_type": "POINT_IN_TIME", "key": "train_loss", "value": 0.13844628632068634, "metadata": {"file": "/workspace/recommendation/generative_recommenders/dlrm_v4/utils.py", "lineno": 1262, "samples_count": 2457600, "lr": 1.2458333333333332e-08}}
:::MLLOG {"namespace": "", "time_ms": 1790255296140, "event_type": "POINT_IN_TIME", "key": "train_loss", "value": 0.13830417394638062, "metadata": {"file": "/workspace/recommendation/generative_recommenders/dlrm_v4/utils.py", "lineno": 1262, "samples_count": 2867200, "lr": 1.4541666666666666e-08}}
:::MLLOG {"namespace": "", "time_ms": 1790255319709, "event_type": "POINT_IN_TIME", "key": "train_loss", "value": 0.13803496956825256, "metadata": {"file": "/workspace/recommendation/generative_recommenders/dlrm_v4/utils.py", "lineno": 1262, "samples_count": 3276800, "lr": 1.6625e-08}}
:::MLLOG {"namespace": "", "time_ms": 1790255343301, "event_type": "POINT_IN_TIME", "key": "train_loss", "value": 0.13860347867012024, "metadata": {"file": "/workspace/recommendation/generative_recommenders/dlrm_v4/utils.py", "lineno": 1262, "samples_count": 3686400, "lr": 1.8708333333333334e-08}}
:::MLLOG {"namespace": "", "time_ms": 1790255367344, "event_type": "POINT_IN_TIME", "key": "train_loss", "value": 0.1385633945465088, "metadata": {"file": "/workspace/recommendation/generative_recommenders/dlrm_v4/utils.py", "lineno": 1262, "samples_count": 4096000, "lr": 2.0791666666666666e-08}}
:::MLLOG {"namespace": "", "time_ms": 1790255392068, "event_type": "POINT_IN_TIME", "key": "train_loss", "value": 0.13799647986888885, "metadata": {"file": "/workspace/recommendation/generative_recommenders/dlrm_v4/utils.py", "lineno": 1262, "samples_count": 4505600, "lr": 2.2874999999999998e-08}}
:::MLLOG {"namespace": "", "time_ms": 1790255423603, "event_type": "POINT_IN_TIME", "key": "train_loss", "value": 0.13822798430919647, "metadata": {"file": "/workspace/recommendation/generative_recommenders/dlrm_v4/utils.py", "lineno": 1262, "samples_count": 4915200, "lr": 2.495833333333333e-08}}
:::MLLOG {"namespace": "", "time_ms": 1790255447650, "event_type": "POINT_IN_TIME", "key": "train_loss", "value": 0.1378171443939209, "metadata": {"file": "/workspace/recommendation/generative_recommenders/dlrm_v4/utils.py", "lineno": 1262, "samples_count": 5324800, "lr": 2.7041666666666666e-08}}
:::MLLOG {"namespace": "", "time_ms": 1790255471361, "event_type": "POINT_IN_TIME", "key": "train_loss", "value": 0.13738186657428741, "metadata": {"file": "/workspace/recommendation/generative_recommenders/dlrm_v4/utils.py", "lineno": 1262, "samples_count": 5734400, "lr": 2.9125e-08}}
:::MLLOG {"namespace": "", "time_ms": 1790255495212, "event_type": "POINT_IN_TIME", "key": "train_loss", "value": 0.13663779199123383, "metadata": {"file": "/workspace/recommendation/generative_recommenders/dlrm_v4/utils.py", "lineno": 1262, "samples_count": 6144000, "lr": 3.120833333333333e-08}}
:::MLLOG {"namespace": "", "time_ms": 1790255519068, "event_type": "POINT_IN_TIME", "key": "train_loss", "value": 0.13775920867919922, "metadata": {"file": "/workspace/recommendation/generative_recommenders/dlrm_v4/utils.py", "lineno": 1262, "samples_count": 6553600, "lr": 3.329166666666666e-08}}
:::MLLOG {"namespace": "", "time_ms": 1790255543324, "event_type": "POINT_IN_TIME", "key": "train_loss", "value": 0.13674622774124146, "metadata": {"file": "/workspace/recommendation/generative_recommenders/dlrm_v4/utils.py", "lineno": 1262, "samples_count": 6963200, "lr": 3.5375e-08}}
:::MLLOG {"namespace": "", "time_ms": 1790255567580, "event_type": "POINT_IN_TIME", "key": "train_loss", "value": 0.13675494492053986, "metadata": {"file": "/workspace/recommendation/generative_recommenders/dlrm_v4/utils.py", "lineno": 1262, "samples_count": 7372800, "lr": 3.745833333333333e-08}}
:::MLLOG {"namespace": "", "time_ms": 1790255592499, "event_type": "POINT_IN_TIME", "key": "train_loss", "value": 0.1359887421131134, "metadata": {"file": "/workspace/recommendation/generative_recommenders/dlrm_v4/utils.py", "lineno": 1262, "samples_count": 7782400, "lr": 3.954166666666667e-08}}
:::MLLOG {"namespace": "", "time_ms": 1790255617026, "event_type": "POINT_IN_TIME", "key": "train_loss", "value": 0.1373639553785324, "metadata": {"file": "/workspace/recommendation/generative_recommenders/dlrm_v4/utils.py", "lineno": 1262, "samples_count": 8192000, "lr": 4.1625e-08}}
:::MLLOG {"namespace": "", "time_ms": 1790255641803, "event_type": "POINT_IN_TIME", "key": "train_loss", "value": 0.13457700610160828, "metadata": {"file": "/workspace/recommendation/generative_recommenders/dlrm_v4/utils.py", "lineno": 1262, "samples_count": 8601600, "lr": 4.370833333333333e-08}}
:::MLLOG {"namespace": "", "time_ms": 1790255666250, "event_type": "POINT_IN_TIME", "key": "train_loss", "value": 0.13517656922340393, "metadata": {"file": "/workspace/recommendation/generative_recommenders/dlrm_v4/utils.py", "lineno": 1262, "samples_count": 9011200, "lr": 4.579166666666667e-08}}
:::MLLOG {"namespace": "", "time_ms": 1790255718410, "event_type": "POINT_IN_TIME", "key": "train_loss", "value": 0.13558700680732727, "metadata": {"file": "/workspace/recommendation/generative_recommenders/dlrm_v4/utils.py", "lineno": 1262, "samples_count": 9420800, "lr": 4.7875e-08}}
:::MLLOG {"namespace": "", "time_ms": 1790255742872, "event_type": "POINT_IN_TIME", "key": "train_loss", "value": 0.13440872728824615, "metadata": {"file": "/workspace/recommendation/generative_recommenders/dlrm_v4/utils.py", "lineno": 1262, "samples_count": 9830400, "lr": 4.995833333333333e-08}}
:::MLLOG {"namespace": "", "time_ms": 1790255767194, "event_type": "POINT_IN_TIME", "key": "train_loss", "value": 0.1366450935602188, "metadata": {"file": "/workspace/recommendation/generative_recommenders/dlrm_v4/utils.py", "lineno": 1262, "samples_count": 10240000, "lr": 5.204166666666666e-08}}
:::MLLOG {"namespace": "", "time_ms": 1790255791346, "event_type": "POINT_IN_TIME", "key": "train_loss", "value": 0.13768011331558228, "metadata": {"file": "/workspace/recommendation/generative_recommenders/dlrm_v4/utils.py", "lineno": 1262, "samples_count": 10649600, "lr": 5.4124999999999997e-08}}
:::MLLOG {"namespace": "", "time_ms": 1790255815438, "event_type": "POINT_IN_TIME", "key": "train_loss", "value": 0.13581585884094238, "metadata": {"file": "/workspace/recommendation/generative_recommenders/dlrm_v4/utils.py", "lineno": 1262, "samples_count": 11059200, "lr": 5.620833333333333e-08}}
:::MLLOG {"namespace": "", "time_ms": 1790255839406, "event_type": "POINT_IN_TIME", "key": "train_loss", "value": 0.13771489262580872, "metadata": {"file": "/workspace/recommendation/generative_recommenders/dlrm_v4/utils.py", "lineno": 1262, "samples_count": 11468800, "lr": 5.829166666666666e-08}}
:::MLLOG {"namespace": "", "time_ms": 1790255863616, "event_type": "POINT_IN_TIME", "key": "train_loss", "value": 0.13634708523750305, "metadata": {"file": "/workspace/recommendation/generative_recommenders/dlrm_v4/utils.py", "lineno": 1262, "samples_count": 11878400, "lr": 6.0375e-08}}
:::MLLOG {"namespace": "", "time_ms": 1790255887903, "event_type": "POINT_IN_TIME", "key": "train_loss", "value": 0.13471098244190216, "metadata": {"file": "/workspace/recommendation/generative_recommenders/dlrm_v4/utils.py", "lineno": 1262, "samples_count": 12288000, "lr": 6.245833333333333e-08}}
:::MLLOG {"namespace": "", "time_ms": 1790255912126, "event_type": "POINT_IN_TIME", "key": "train_loss", "value": 0.13682039082050323, "metadata": {"file": "/workspace/recommendation/generative_recommenders/dlrm_v4/utils.py", "lineno": 1262, "samples_count": 12697600, "lr": 6.454166666666667e-08}}
:::MLLOG {"namespace": "", "time_ms": 1790255936394, "event_type": "POINT_IN_TIME", "key": "train_loss", "value": 0.131260946393013, "metadata": {"file": "/workspace/recommendation/generative_recommenders/dlrm_v4/utils.py", "lineno": 1262, "samples_count": 13107200, "lr": 6.6625e-08}}
:::MLLOG {"namespace": "", "time_ms": 1790255960451, "event_type": "POINT_IN_TIME", "key": "train_loss", "value": 0.13313864171504974, "metadata": {"file": "/workspace/recommendation/generative_recommenders/dlrm_v4/utils.py", "lineno": 1262, "samples_count": 13516800, "lr": 6.870833333333332e-08}}
:::MLLOG {"namespace": "", "time_ms": 1790255984776, "event_type": "POINT_IN_TIME", "key": "train_loss", "value": 0.13374972343444824, "metadata": {"file": "/workspace/recommendation/generative_recommenders/dlrm_v4/utils.py", "lineno": 1262, "samples_count": 13926400, "lr": 7.079166666666666e-08}}
:::MLLOG {"namespace": "", "time_ms": 1790256009024, "event_type": "POINT_IN_TIME", "key": "train_loss", "value": 0.12911346554756165, "metadata": {"file": "/workspace/recommendation/generative_recommenders/dlrm_v4/utils.py", "lineno": 1262, "samples_count": 14336000, "lr": 7.2875e-08}}
:::MLLOG {"namespace": "", "time_ms": 1790256033316, "event_type": "POINT_IN_TIME", "key": "train_loss", "value": 0.12758584320545197, "metadata": {"file": "/workspace/recommendation/generative_recommenders/dlrm_v4/utils.py", "lineno": 1262, "samples_count": 14745600, "lr": 7.495833333333333e-08}}
:::MLLOG {"namespace": "", "time_ms": 1790256057457, "event_type": "POINT_IN_TIME", "key": "train_loss", "value": 0.13232578337192535, "metadata": {"file": "/workspace/recommendation/generative_recommenders/dlrm_v4/utils.py", "lineno": 1262, "samples_count": 15155200, "lr": 7.704166666666665e-08}}
:::MLLOG {"namespace": "", "time_ms": 1790256082089, "event_type": "POINT_IN_TIME", "key": "train_loss", "value": 0.13340149819850922, "metadata": {"file": "/workspace/recommendation/generative_recommenders/dlrm_v4/utils.py", "lineno": 1262, "samples_count": 15564800, "lr": 7.9125e-08}}
:::MLLOG {"namespace": "", "time_ms": 1790256106906, "event_type": "POINT_IN_TIME", "key": "train_loss", "value": 0.13427753746509552, "metadata": {"file": "/workspace/recommendation/generative_recommenders/dlrm_v4/utils.py", "lineno": 1262, "samples_count": 15974400, "lr": 8.120833333333332e-08}}
:::MLLOG {"namespace": "", "time_ms": 1790256131757, "event_type": "POINT_IN_TIME", "key": "train_loss", "value": 0.1337192952632904, "metadata": {"file": "/workspace/recommendation/generative_recommenders/dlrm_v4/utils.py", "lineno": 1262, "samples_count": 16384000, "lr": 8.329166666666666e-08}}
:::MLLOG {"namespace": "", "time_ms": 1790256156675, "event_type": "POINT_IN_TIME", "key": "train_loss", "value": 0.1356012523174286, "metadata": {"file": "/workspace/recommendation/generative_recommenders/dlrm_v4/utils.py", "lineno": 1262, "samples_count": 16793600, "lr": 8.537500000000001e-08}}
:::MLLOG {"namespace": "", "time_ms": 1790256181897, "event_type": "POINT_IN_TIME", "key": "train_loss", "value": 0.1354008913040161, "metadata": {"file": "/workspace/recommendation/generative_recommenders/dlrm_v4/utils.py", "lineno": 1262, "samples_count": 17203200, "lr": 8.745833333333333e-08}}
:::MLLOG {"namespace": "", "time_ms": 1790256206821, "event_type": "POINT_IN_TIME", "key": "train_loss", "value": 0.13525725901126862, "metadata": {"file": "/workspace/recommendation/generative_recommenders/dlrm_v4/utils.py", "lineno": 1262, "samples_count": 17612800, "lr": 8.954166666666667e-08}}
:::MLLOG {"namespace": "", "time_ms": 1790256231733, "event_type": "POINT_IN_TIME", "key": "train_loss", "value": 0.13360312581062317, "metadata": {"file": "/workspace/recommendation/generative_recommenders/dlrm_v4/utils.py", "lineno": 1262, "samples_count": 18022400, "lr": 9.162499999999999e-08}}
:::MLLOG {"namespace": "", "time_ms": 1790256256800, "event_type": "POINT_IN_TIME", "key": "train_loss", "value": 0.13196465373039246, "metadata": {"file": "/workspace/recommendation/generative_recommenders/dlrm_v4/utils.py", "lineno": 1262, "samples_count": 18432000, "lr": 9.370833333333334e-08}}
:::MLLOG {"namespace": "", "time_ms": 1790256282176, "event_type": "POINT_IN_TIME", "key": "train_loss", "value": 0.13529887795448303, "metadata": {"file": "/workspace/recommendation/generative_recommenders/dlrm_v4/utils.py", "lineno": 1262, "samples_count": 18841600, "lr": 9.579166666666666e-08}}
:::MLLOG {"namespace": "", "time_ms": 1790256307363, "event_type": "POINT_IN_TIME", "key": "train_loss", "value": 0.1306421458721161, "metadata": {"file": "/workspace/recommendation/generative_recommenders/dlrm_v4/utils.py", "lineno": 1262, "samples_count": 19251200, "lr": 9.7875e-08}}
:::MLLOG {"namespace": "", "time_ms": 1790256332747, "event_type": "POINT_IN_TIME", "key": "train_loss", "value": 0.133970245718956, "metadata": {"file": "/workspace/recommendation/generative_recommenders/dlrm_v4/utils.py", "lineno": 1262, "samples_count": 19660800, "lr": 9.995833333333333e-08}}
:::MLLOG {"namespace": "", "time_ms": 1790256357691, "event_type": "POINT_IN_TIME", "key": "train_loss", "value": 0.1318528652191162, "metadata": {"file": "/workspace/recommendation/generative_recommenders/dlrm_v4/utils.py", "lineno": 1262, "samples_count": 20070400, "lr": 1.0204166666666667e-07}}
:::MLLOG {"namespace": "", "time_ms": 1790256382118, "event_type": "POINT_IN_TIME", "key": "train_loss", "value": 0.1297042965888977, "metadata": {"file": "/workspace/recommendation/generative_recommenders/dlrm_v4/utils.py", "lineno": 1262, "samples_count": 20480000, "lr": 1.0412499999999999e-07}}
:::MLLOG {"namespace": "", "time_ms": 1790256406639, "event_type": "POINT_IN_TIME", "key": "train_loss", "value": 0.13963176310062408, "metadata": {"file": "/workspace/recommendation/generative_recommenders/dlrm_v4/utils.py", "lineno": 1262, "samples_count": 20889600, "lr": 1.0620833333333334e-07}}
:::MLLOG {"namespace": "", "time_ms": 1790256431312, "event_type": "POINT_IN_TIME", "key": "train_loss", "value": 0.1301773488521576, "metadata": {"file": "/workspace/recommendation/generative_recommenders/dlrm_v4/utils.py", "lineno": 1262, "samples_count": 21299200, "lr": 1.0829166666666666e-07}}
:::MLLOG {"namespace": "", "time_ms": 1790256455922, "event_type": "POINT_IN_TIME", "key": "train_loss", "value": 0.13023315370082855, "metadata": {"file": "/workspace/recommendation/generative_recommenders/dlrm_v4/utils.py", "lineno": 1262, "samples_count": 21708800, "lr": 1.10375e-07}}
:::MLLOG {"namespace": "", "time_ms": 1790256480507, "event_type": "POINT_IN_TIME", "key": "train_loss", "value": 0.13555099070072174, "metadata": {"file": "/workspace/recommendation/generative_recommenders/dlrm_v4/utils.py", "lineno": 1262, "samples_count": 22118400, "lr": 1.1245833333333332e-07}}
:::MLLOG {"namespace": "", "time_ms": 1790256504878, "event_type": "POINT_IN_TIME", "key": "train_loss", "value": 0.1339532732963562, "metadata": {"file": "/workspace/recommendation/generative_recommenders/dlrm_v4/utils.py", "lineno": 1262, "samples_count": 22528000, "lr": 1.1454166666666666e-07}}
:::MLLOG {"namespace": "", "time_ms": 1790256529834, "event_type": "POINT_IN_TIME", "key": "train_loss", "value": 0.12947332859039307, "metadata": {"file": "/workspace/recommendation/generative_recommenders/dlrm_v4/utils.py", "lineno": 1262, "samples_count": 22937600, "lr": 1.16625e-07}}
:::MLLOG {"namespace": "", "time_ms": 1790256554341, "event_type": "POINT_IN_TIME", "key": "train_loss", "value": 0.12942004203796387, "metadata": {"file": "/workspace/recommendation/generative_recommenders/dlrm_v4/utils.py", "lineno": 1262, "samples_count": 23347200, "lr": 1.1870833333333332e-07}}
:::MLLOG {"namespace": "", "time_ms": 1790256578994, "event_type": "POINT_IN_TIME", "key": "train_loss", "value": 0.12956927716732025, "metadata": {"file": "/workspace/recommendation/generative_recommenders/dlrm_v4/utils.py", "lineno": 1262, "samples_count": 23756800, "lr": 1.2079166666666667e-07}}
:::MLLOG {"namespace": "", "time_ms": 1790256603475, "event_type": "POINT_IN_TIME", "key": "train_loss", "value": 0.12860742211341858, "metadata": {"file": "/workspace/recommendation/generative_recommenders/dlrm_v4/utils.py", "lineno": 1262, "samples_count": 24166400, "lr": 1.22875e-07}}
:::MLLOG {"namespace": "", "time_ms": 1790256627892, "event_type": "POINT_IN_TIME", "key": "train_loss", "value": 0.1372261941432953, "metadata": {"file": "/workspace/recommendation/generative_recommenders/dlrm_v4/utils.py", "lineno": 1262, "samples_count": 24576000, "lr": 1.2495833333333334e-07}}
:::MLLOG {"namespace": "", "time_ms": 1790256652718, "event_type": "POINT_IN_TIME", "key": "train_loss", "value": 0.1366235315799713, "metadata": {"file": "/workspace/recommendation/generative_recommenders/dlrm_v4/utils.py", "lineno": 1262, "samples_count": 24985600, "lr": 1.2704166666666666e-07}}
:::MLLOG {"namespace": "", "time_ms": 1790256677193, "event_type": "POINT_IN_TIME", "key": "train_loss", "value": 0.13656066358089447, "metadata": {"file": "/workspace/recommendation/generative_recommenders/dlrm_v4/utils.py", "lineno": 1262, "samples_count": 25395200, "lr": 1.2912499999999999e-07}}
:::MLLOG {"namespace": "", "time_ms": 1790256701914, "event_type": "POINT_IN_TIME", "key": "train_loss", "value": 0.13211095333099365, "metadata": {"file": "/workspace/recommendation/generative_recommenders/dlrm_v4/utils.py", "lineno": 1262, "samples_count": 25804800, "lr": 1.3120833333333334e-07}}
:::MLLOG {"namespace": "", "time_ms": 1790256726563, "event_type": "POINT_IN_TIME", "key": "train_loss", "value": 0.13819487392902374, "metadata": {"file": "/workspace/recommendation/generative_recommenders/dlrm_v4/utils.py", "lineno": 1262, "samples_count": 26214400, "lr": 1.3329166666666666e-07}}
:::MLLOG {"namespace": "", "time_ms": 1790256751123, "event_type": "POINT_IN_TIME", "key": "train_loss", "value": 0.13025066256523132, "metadata": {"file": "/workspace/recommendation/generative_recommenders/dlrm_v4/utils.py", "lineno": 1262, "samples_count": 26624000, "lr": 1.3537499999999998e-07}}
:::MLLOG {"namespace": "", "time_ms": 1790256776122, "event_type": "POINT_IN_TIME", "key": "train_loss", "value": 0.1272796243429184, "metadata": {"file": "/workspace/recommendation/generative_recommenders/dlrm_v4/utils.py", "lineno": 1262, "samples_count": 27033600, "lr": 1.374583333333333e-07}}
:::MLLOG {"namespace": "", "time_ms": 1790256800671, "event_type": "POINT_IN_TIME", "key": "train_loss", "value": 0.13442115485668182, "metadata": {"file": "/workspace/recommendation/generative_recommenders/dlrm_v4/utils.py", "lineno": 1262, "samples_count": 27443200, "lr": 1.3954166666666668e-07}}
:::MLLOG {"namespace": "", "time_ms": 1790256826053, "event_type": "POINT_IN_TIME", "key": "train_loss", "value": 0.14237672090530396, "metadata": {"file": "/workspace/recommendation/generative_recommenders/dlrm_v4/utils.py", "lineno": 1262, "samples_count": 27852800, "lr": 1.41625e-07}}
:::MLLOG {"namespace": "", "time_ms": 1790256851285, "event_type": "POINT_IN_TIME", "key": "train_loss", "value": 0.13545121252536774, "metadata": {"file": "/workspace/recommendation/generative_recommenders/dlrm_v4/utils.py", "lineno": 1262, "samples_count": 28262400, "lr": 1.4370833333333332e-07}}
:::MLLOG {"namespace": "", "time_ms": 1790256876762, "event_type": "POINT_IN_TIME", "key": "train_loss", "value": 0.12606994807720184, "metadata": {"file": "/workspace/recommendation/generative_recommenders/dlrm_v4/utils.py", "lineno": 1262, "samples_count": 28672000, "lr": 1.4579166666666667e-07}}
:::MLLOG {"namespace": "", "time_ms": 1790256902382, "event_type": "POINT_IN_TIME", "key": "train_loss", "value": 0.1371033638715744, "metadata": {"file": "/workspace/recommendation/generative_recommenders/dlrm_v4/utils.py", "lineno": 1262, "samples_count": 29081600, "lr": 1.47875e-07}}
:::MLLOG {"namespace": "", "time_ms": 1790256927706, "event_type": "POINT_IN_TIME", "key": "train_loss", "value": 0.13303571939468384, "metadata": {"file": "/workspace/recommendation/generative_recommenders/dlrm_v4/utils.py", "lineno": 1262, "samples_count": 29491200, "lr": 1.4995833333333331e-07}}
:::MLLOG {"namespace": "", "time_ms": 1790256953161, "event_type": "POINT_IN_TIME", "key": "train_loss", "value": 0.13214053213596344, "metadata": {"file": "/workspace/recommendation/generative_recommenders/dlrm_v4/utils.py", "lineno": 1262, "samples_count": 29900800, "lr": 1.5204166666666666e-07}}
:::MLLOG {"namespace": "", "time_ms": 1790256978500, "event_type": "POINT_IN_TIME", "key": "train_loss", "value": 0.13189023733139038, "metadata": {"file": "/workspace/recommendation/generative_recommenders/dlrm_v4/utils.py", "lineno": 1262, "samples_count": 30310400, "lr": 1.54125e-07}}
:::MLLOG {"namespace": "", "time_ms": 1790257004075, "event_type": "POINT_IN_TIME", "key": "train_loss", "value": 0.13789348304271698, "metadata": {"file": "/workspace/recommendation/generative_recommenders/dlrm_v4/utils.py", "lineno": 1262, "samples_count": 30720000, "lr": 1.5620833333333333e-07}}
:::MLLOG {"namespace": "", "time_ms": 1790257029707, "event_type": "POINT_IN_TIME", "key": "train_loss", "value": 0.14117702841758728, "metadata": {"file": "/workspace/recommendation/generative_recommenders/dlrm_v4/utils.py", "lineno": 1262, "samples_count": 31129600, "lr": 1.5829166666666666e-07}}
:::MLLOG {"namespace": "", "time_ms": 1790257054802, "event_type": "POINT_IN_TIME", "key": "train_loss", "value": 0.13337023556232452, "metadata": {"file": "/workspace/recommendation/generative_recommenders/dlrm_v4/utils.py", "lineno": 1262, "samples_count": 31539200, "lr": 1.6037499999999998e-07}}
:::MLLOG {"namespace": "", "time_ms": 1790257079560, "event_type": "POINT_IN_TIME", "key": "train_loss", "value": 0.13412730395793915, "metadata": {"file": "/workspace/recommendation/generative_recommenders/dlrm_v4/utils.py", "lineno": 1262, "samples_count": 31948800, "lr": 1.6245833333333333e-07}}
:::MLLOG {"namespace": "", "time_ms": 1790257104575, "event_type": "POINT_IN_TIME", "key": "train_loss", "value": 0.13183623552322388, "metadata": {"file": "/workspace/recommendation/generative_recommenders/dlrm_v4/utils.py", "lineno": 1262, "samples_count": 32358400, "lr": 1.6454166666666665e-07}}
:::MLLOG {"namespace": "", "time_ms": 1790257129431, "event_type": "POINT_IN_TIME", "key": "train_loss", "value": 0.13206647336483002, "metadata": {"file": "/workspace/recommendation/generative_recommenders/dlrm_v4/utils.py", "lineno": 1262, "samples_count": 32768000, "lr": 1.66625e-07}}
:::MLLOG {"namespace": "", "time_ms": 1790257154436, "event_type": "POINT_IN_TIME", "key": "train_loss", "value": 0.13540193438529968, "metadata": {"file": "/workspace/recommendation/generative_recommenders/dlrm_v4/utils.py", "lineno": 1262, "samples_count": 33177600, "lr": 1.6870833333333332e-07}}
:::MLLOG {"namespace": "", "time_ms": 1790257179439, "event_type": "POINT_IN_TIME", "key": "train_loss", "value": 0.13985103368759155, "metadata": {"file": "/workspace/recommendation/generative_recommenders/dlrm_v4/utils.py", "lineno": 1262, "samples_count": 33587200, "lr": 1.7079166666666667e-07}}
:::MLLOG {"namespace": "", "time_ms": 1790257204600, "event_type": "POINT_IN_TIME", "key": "train_loss", "value": 0.13500739634037018, "metadata": {"file": "/workspace/recommendation/generative_recommenders/dlrm_v4/utils.py", "lineno": 1262, "samples_count": 33996800, "lr": 1.72875e-07}}
:::MLLOG {"namespace": "", "time_ms": 1790257229440, "event_type": "POINT_IN_TIME", "key": "train_loss", "value": 0.13578523695468903, "metadata": {"file": "/workspace/recommendation/generative_recommenders/dlrm_v4/utils.py", "lineno": 1262, "samples_count": 34406400, "lr": 1.7495833333333331e-07}}
:::MLLOG {"namespace": "", "time_ms": 1790257254294, "event_type": "POINT_IN_TIME", "key": "train_loss", "value": 0.13078060746192932, "metadata": {"file": "/workspace/recommendation/generative_recommenders/dlrm_v4/utils.py", "lineno": 1262, "samples_count": 34816000, "lr": 1.7704166666666666e-07}}
:::MLLOG {"namespace": "", "time_ms": 1790257279130, "event_type": "POINT_IN_TIME", "key": "train_loss", "value": 0.1352505385875702, "metadata": {"file": "/workspace/recommendation/generative_recommenders/dlrm_v4/utils.py", "lineno": 1262, "samples_count": 35225600, "lr": 1.79125e-07}}
:::MLLOG {"namespace": "", "time_ms": 1790257304310, "event_type": "POINT_IN_TIME", "key": "train_loss", "value": 0.13458269834518433, "metadata": {"file": "/workspace/recommendation/generative_recommenders/dlrm_v4/utils.py", "lineno": 1262, "samples_count": 35635200, "lr": 1.8120833333333333e-07}}
:::MLLOG {"namespace": "", "time_ms": 1790257329185, "event_type": "POINT_IN_TIME", "key": "train_loss", "value": 0.13110390305519104, "metadata": {"file": "/workspace/recommendation/generative_recommenders/dlrm_v4/utils.py", "lineno": 1262, "samples_count": 36044800, "lr": 1.8329166666666666e-07}}
:::MLLOG {"namespace": "", "time_ms": 1790257354350, "event_type": "POINT_IN_TIME", "key": "train_loss", "value": 0.13388560712337494, "metadata": {"file": "/workspace/recommendation/generative_recommenders/dlrm_v4/utils.py", "lineno": 1262, "samples_count": 36454400, "lr": 1.85375e-07}}
:::MLLOG {"namespace": "", "time_ms": 1790257379121, "event_type": "POINT_IN_TIME", "key": "train_loss", "value": 0.13785317540168762, "metadata": {"file": "/workspace/recommendation/generative_recommenders/dlrm_v4/utils.py", "lineno": 1262, "samples_count": 36864000, "lr": 1.8745833333333333e-07}}
:::MLLOG {"namespace": "", "time_ms": 1790257403875, "event_type": "POINT_IN_TIME", "key": "train_loss", "value": 0.13244329392910004, "metadata": {"file": "/workspace/recommendation/generative_recommenders/dlrm_v4/utils.py", "lineno": 1262, "samples_count": 37273600, "lr": 1.8954166666666665e-07}}
:::MLLOG {"namespace": "", "time_ms": 1790257428620, "event_type": "POINT_IN_TIME", "key": "train_loss", "value": 0.13201889395713806, "metadata": {"file": "/workspace/recommendation/generative_recommenders/dlrm_v4/utils.py", "lineno": 1262, "samples_count": 37683200, "lr": 1.9162499999999997e-07}}
:::MLLOG {"namespace": "", "time_ms": 1790257453772, "event_type": "POINT_IN_TIME", "key": "train_loss", "value": 0.12914808094501495, "metadata": {"file": "/workspace/recommendation/generative_recommenders/dlrm_v4/utils.py", "lineno": 1262, "samples_count": 38092800, "lr": 1.9370833333333335e-07}}
:::MLLOG {"namespace": "", "time_ms": 1790257478894, "event_type": "POINT_IN_TIME", "key": "train_loss", "value": 0.13368940353393555, "metadata": {"file": "/workspace/recommendation/generative_recommenders/dlrm_v4/utils.py", "lineno": 1262, "samples_count": 38502400, "lr": 1.9579166666666667e-07}}
:::MLLOG {"namespace": "", "time_ms": 1790257504184, "event_type": "POINT_IN_TIME", "key": "train_loss", "value": 0.12871864438056946, "metadata": {"file": "/workspace/recommendation/generative_recommenders/dlrm_v4/utils.py", "lineno": 1262, "samples_count": 38912000, "lr": 1.97875e-07}}
:::MLLOG {"namespace": "", "time_ms": 1790257529247, "event_type": "POINT_IN_TIME", "key": "train_loss", "value": 0.1349021941423416, "metadata": {"file": "/workspace/recommendation/generative_recommenders/dlrm_v4/utils.py", "lineno": 1262, "samples_count": 39321600, "lr": 1.999583333333333e-07}}
:::MLLOG {"namespace": "", "time_ms": 1790257554435, "event_type": "POINT_IN_TIME", "key": "train_loss", "value": 0.136677086353302, "metadata": {"file": "/workspace/recommendation/generative_recommenders/dlrm_v4/utils.py", "lineno": 1262, "samples_count": 39731200, "lr": 2.0204166666666666e-07}}
:::MLLOG {"namespace": "", "time_ms": 1790257579371, "event_type": "POINT_IN_TIME", "key": "train_loss", "value": 0.12606298923492432, "metadata": {"file": "/workspace/recommendation/generative_recommenders/dlrm_v4/utils.py", "lineno": 1262, "samples_count": 40140800, "lr": 2.0412499999999998e-07}}
:::MLLOG {"namespace": "", "time_ms": 1790257604410, "event_type": "POINT_IN_TIME", "key": "train_loss", "value": 0.13236361742019653, "metadata": {"file": "/workspace/recommendation/generative_recommenders/dlrm_v4/utils.py", "lineno": 1262, "samples_count": 40550400, "lr": 2.062083333333333e-07}}
:::MLLOG {"namespace": "", "time_ms": 1790257629815, "event_type": "POINT_IN_TIME", "key": "train_loss", "value": 0.1269475370645523, "metadata": {"file": "/workspace/recommendation/generative_recommenders/dlrm_v4/utils.py", "lineno": 1262, "samples_count": 40960000, "lr": 2.0829166666666668e-07}}
:::MLLOG {"namespace": "", "time_ms": 1790257654651, "event_type": "POINT_IN_TIME", "key": "train_loss", "value": 0.13515780866146088, "metadata": {"file": "/workspace/recommendation/generative_recommenders/dlrm_v4/utils.py", "lineno": 1262, "samples_count": 41369600, "lr": 2.10375e-07}}
:::MLLOG {"namespace": "", "time_ms": 1790257679996, "event_type": "POINT_IN_TIME", "key": "train_loss", "value": 0.13368460536003113, "metadata": {"file": "/workspace/recommendation/generative_recommenders/dlrm_v4/utils.py", "lineno": 1262, "samples_count": 41779200, "lr": 2.1245833333333332e-07}}
:::MLLOG {"namespace": "", "time_ms": 1790257705080, "event_type": "POINT_IN_TIME", "key": "train_loss", "value": 0.13509994745254517, "metadata": {"file": "/workspace/recommendation/generative_recommenders/dlrm_v4/utils.py", "lineno": 1262, "samples_count": 42188800, "lr": 2.1454166666666665e-07}}
:::MLLOG {"namespace": "", "time_ms": 1790257730114, "event_type": "POINT_IN_TIME", "key": "train_loss", "value": 0.13501262664794922, "metadata": {"file": "/workspace/recommendation/generative_recommenders/dlrm_v4/utils.py", "lineno": 1262, "samples_count": 42598400, "lr": 2.16625e-07}}
:::MLLOG {"namespace": "", "time_ms": 1790257755292, "event_type": "POINT_IN_TIME", "key": "train_loss", "value": 0.13050588965415955, "metadata": {"file": "/workspace/recommendation/generative_recommenders/dlrm_v4/utils.py", "lineno": 1262, "samples_count": 43008000, "lr": 2.1870833333333332e-07}}
:::MLLOG {"namespace": "", "time_ms": 1790257780548, "event_type": "POINT_IN_TIME", "key": "train_loss", "value": 0.14044973254203796, "metadata": {"file": "/workspace/recommendation/generative_recommenders/dlrm_v4/utils.py", "lineno": 1262, "samples_count": 43417600, "lr": 2.2079166666666667e-07}}
:::MLLOG {"namespace": "", "time_ms": 1790257805816, "event_type": "POINT_IN_TIME", "key": "train_loss", "value": 0.1337449848651886, "metadata": {"file": "/workspace/recommendation/generative_recommenders/dlrm_v4/utils.py", "lineno": 1262, "samples_count": 43827200, "lr": 2.22875e-07}}
:::MLLOG {"namespace": "", "time_ms": 1790257830842, "event_type": "POINT_IN_TIME", "key": "train_loss", "value": 0.13906386494636536, "metadata": {"file": "/workspace/recommendation/generative_recommenders/dlrm_v4/utils.py", "lineno": 1262, "samples_count": 44236800, "lr": 2.2495833333333334e-07}}
:::MLLOG {"namespace": "", "time_ms": 1790257856805, "event_type": "POINT_IN_TIME", "key": "train_loss", "value": 0.12701931595802307, "metadata": {"file": "/workspace/recommendation/generative_recommenders/dlrm_v4/utils.py", "lineno": 1262, "samples_count": 44646400, "lr": 2.2704166666666666e-07}}
:::MLLOG {"namespace": "", "time_ms": 1790257882427, "event_type": "POINT_IN_TIME", "key": "train_loss", "value": 0.13512581586837769, "metadata": {"file": "/workspace/recommendation/generative_recommenders/dlrm_v4/utils.py", "lineno": 1262, "samples_count": 45056000, "lr": 2.2912499999999998e-07}}
:::MLLOG {"namespace": "", "time_ms": 1790257908052, "event_type": "POINT_IN_TIME", "key": "train_loss", "value": 0.13455137610435486, "metadata": {"file": "/workspace/recommendation/generative_recommenders/dlrm_v4/utils.py", "lineno": 1262, "samples_count": 45465600, "lr": 2.312083333333333e-07}}
:::MLLOG {"namespace": "", "time_ms": 1790257933871, "event_type": "POINT_IN_TIME", "key": "train_loss", "value": 0.13333456218242645, "metadata": {"file": "/workspace/recommendation/generative_recommenders/dlrm_v4/utils.py", "lineno": 1262, "samples_count": 45875200, "lr": 2.3329166666666665e-07}}
:::MLLOG {"namespace": "", "time_ms": 1790257959671, "event_type": "POINT_IN_TIME", "key": "train_loss", "value": 0.13756798207759857, "metadata": {"file": "/workspace/recommendation/generative_recommenders/dlrm_v4/utils.py", "lineno": 1262, "samples_count": 46284800, "lr": 2.35375e-07}}
:::MLLOG {"namespace": "", "time_ms": 1790257985682, "event_type": "POINT_IN_TIME", "key": "train_loss", "value": 0.13551485538482666, "metadata": {"file": "/workspace/recommendation/generative_recommenders/dlrm_v4/utils.py", "lineno": 1262, "samples_count": 46694400, "lr": 2.3745833333333332e-07}}
:::MLLOG {"namespace": "", "time_ms": 1790258011626, "event_type": "POINT_IN_TIME", "key": "train_loss", "value": 0.136854887008667, "metadata": {"file": "/workspace/recommendation/generative_recommenders/dlrm_v4/utils.py", "lineno": 1262, "samples_count": 47104000, "lr": 2.3954166666666665e-07}}
:::MLLOG {"namespace": "", "time_ms": 1790258037448, "event_type": "POINT_IN_TIME", "key": "train_loss", "value": 0.13273794949054718, "metadata": {"file": "/workspace/recommendation/generative_recommenders/dlrm_v4/utils.py", "lineno": 1262, "samples_count": 47513600, "lr": 2.41625e-07}}
:::MLLOG {"namespace": "", "time_ms": 1790258063429, "event_type": "POINT_IN_TIME", "key": "train_loss", "value": 0.12912756204605103, "metadata": {"file": "/workspace/recommendation/generative_recommenders/dlrm_v4/utils.py", "lineno": 1262, "samples_count": 47923200, "lr": 2.4370833333333334e-07}}
:::MLLOG {"namespace": "", "time_ms": 1790258089125, "event_type": "POINT_IN_TIME", "key": "train_loss", "value": 0.13188940286636353, "metadata": {"file": "/workspace/recommendation/generative_recommenders/dlrm_v4/utils.py", "lineno": 1262, "samples_count": 48332800, "lr": 2.4579166666666664e-07}}
:::MLLOG {"namespace": "", "time_ms": 1790258115024, "event_type": "POINT_IN_TIME", "key": "train_loss", "value": 0.13241492211818695, "metadata": {"file": "/workspace/recommendation/generative_recommenders/dlrm_v4/utils.py", "lineno": 1262, "samples_count": 48742400, "lr": 2.47875e-07}}
:::MLLOG {"namespace": "", "time_ms": 1790258140688, "event_type": "POINT_IN_TIME", "key": "train_loss", "value": 0.1300315260887146, "metadata": {"file": "/workspace/recommendation/generative_recommenders/dlrm_v4/utils.py", "lineno": 1262, "samples_count": 49152000, "lr": 2.4995833333333334e-07}}
:::MLLOG {"namespace": "", "time_ms": 1790258166283, "event_type": "POINT_IN_TIME", "key": "train_loss", "value": 0.12767599523067474, "metadata": {"file": "/workspace/recommendation/generative_recommenders/dlrm_v4/utils.py", "lineno": 1262, "samples_count": 49561600, "lr": 2.5204166666666663e-07}}
:::MLLOG {"namespace": "", "time_ms": 1790258191502, "event_type": "POINT_IN_TIME", "key": "train_loss", "value": 0.1315668821334839, "metadata": {"file": "/workspace/recommendation/generative_recommenders/dlrm_v4/utils.py", "lineno": 1262, "samples_count": 49971200, "lr": 2.54125e-07}}
:::MLLOG {"namespace": "", "time_ms": 1790258216572, "event_type": "POINT_IN_TIME", "key": "train_loss", "value": 0.12542760372161865, "metadata": {"file": "/workspace/recommendation/generative_recommenders/dlrm_v4/utils.py", "lineno": 1262, "samples_count": 50380800, "lr": 2.5620833333333333e-07}}
:::MLLOG {"namespace": "", "time_ms": 1790258241644, "event_type": "POINT_IN_TIME", "key": "train_loss", "value": 0.12749463319778442, "metadata": {"file": "/workspace/recommendation/generative_recommenders/dlrm_v4/utils.py", "lineno": 1262, "samples_count": 50790400, "lr": 2.582916666666666e-07}}
:::MLLOG {"namespace": "", "time_ms": 1790258267037, "event_type": "POINT_IN_TIME", "key": "train_loss", "value": 0.1421588510274887, "metadata": {"file": "/workspace/recommendation/generative_recommenders/dlrm_v4/utils.py", "lineno": 1262, "samples_count": 51200000, "lr": 2.6037500000000003e-07}}
:::MLLOG {"namespace": "", "time_ms": 1790258292316, "event_type": "POINT_IN_TIME", "key": "train_loss", "value": 0.131652370095253, "metadata": {"file": "/workspace/recommendation/generative_recommenders/dlrm_v4/utils.py", "lineno": 1262, "samples_count": 51609600, "lr": 2.624583333333333e-07}}
:::MLLOG {"namespace": "", "time_ms": 1790258317564, "event_type": "POINT_IN_TIME", "key": "train_loss", "value": 0.12514673173427582, "metadata": {"file": "/workspace/recommendation/generative_recommenders/dlrm_v4/utils.py", "lineno": 1262, "samples_count": 52019200, "lr": 2.6454166666666667e-07}}
:::MLLOG {"namespace": "", "time_ms": 1790258343223, "event_type": "POINT_IN_TIME", "key": "train_loss", "value": 0.11906644701957703, "metadata": {"file": "/workspace/recommendation/generative_recommenders/dlrm_v4/utils.py", "lineno": 1262, "samples_count": 52428800, "lr": 2.6662499999999997e-07}}
:::MLLOG {"namespace": "", "time_ms": 1790258368520, "event_type": "POINT_IN_TIME", "key": "train_loss", "value": 0.13693656027317047, "metadata": {"file": "/workspace/recommendation/generative_recommenders/dlrm_v4/utils.py", "lineno": 1262, "samples_count": 52838400, "lr": 2.687083333333333e-07}}
:::MLLOG {"namespace": "", "time_ms": 1790258393551, "event_type": "POINT_IN_TIME", "key": "train_loss", "value": 0.1301189512014389, "metadata": {"file": "/workspace/recommendation/generative_recommenders/dlrm_v4/utils.py", "lineno": 1262, "samples_count": 53248000, "lr": 2.7079166666666666e-07}}
:::MLLOG {"namespace": "", "time_ms": 1790258418568, "event_type": "POINT_IN_TIME", "key": "train_loss", "value": 0.12582290172576904, "metadata": {"file": "/workspace/recommendation/generative_recommenders/dlrm_v4/utils.py", "lineno": 1262, "samples_count": 53657600, "lr": 2.7287499999999996e-07}}
:::MLLOG {"namespace": "", "time_ms": 1790258443580, "event_type": "POINT_IN_TIME", "key": "train_loss", "value": 0.12308967113494873, "metadata": {"file": "/workspace/recommendation/generative_recommenders/dlrm_v4/utils.py", "lineno": 1262, "samples_count": 54067200, "lr": 2.7495833333333336e-07}}
:::MLLOG {"namespace": "", "time_ms": 1790258468971, "event_type": "POINT_IN_TIME", "key": "train_loss", "value": 0.13053585588932037, "metadata": {"file": "/workspace/recommendation/generative_recommenders/dlrm_v4/utils.py", "lineno": 1262, "samples_count": 54476800, "lr": 2.7704166666666666e-07}}
:::MLLOG {"namespace": "", "time_ms": 1790258494265, "event_type": "POINT_IN_TIME", "key": "train_loss", "value": 0.12906385958194733, "metadata": {"file": "/workspace/recommendation/generative_recommenders/dlrm_v4/utils.py", "lineno": 1262, "samples_count": 54886400, "lr": 2.79125e-07}}
:::MLLOG {"namespace": "", "time_ms": 1790258519429, "event_type": "POINT_IN_TIME", "key": "train_loss", "value": 0.12700308859348297, "metadata": {"file": "/workspace/recommendation/generative_recommenders/dlrm_v4/utils.py", "lineno": 1262, "samples_count": 55296000, "lr": 2.812083333333333e-07}}
:::MLLOG {"namespace": "", "time_ms": 1790258544850, "event_type": "POINT_IN_TIME", "key": "train_loss", "value": 0.12398562580347061, "metadata": {"file": "/workspace/recommendation/generative_recommenders/dlrm_v4/utils.py", "lineno": 1262, "samples_count": 55705600, "lr": 2.8329166666666665e-07}}
:::MLLOG {"namespace": "", "time_ms": 1790258570165, "event_type": "POINT_IN_TIME", "key": "train_loss", "value": 0.12609730660915375, "metadata": {"file": "/workspace/recommendation/generative_recommenders/dlrm_v4/utils.py", "lineno": 1262, "samples_count": 56115200, "lr": 2.85375e-07}}
:::MLLOG {"namespace": "", "time_ms": 1790258595279, "event_type": "POINT_IN_TIME", "key": "train_loss", "value": 0.1277313530445099, "metadata": {"file": "/workspace/recommendation/generative_recommenders/dlrm_v4/utils.py", "lineno": 1262, "samples_count": 56524800, "lr": 2.874583333333333e-07}}
:::MLLOG {"namespace": "", "time_ms": 1790258620382, "event_type": "POINT_IN_TIME", "key": "train_loss", "value": 0.12162792682647705, "metadata": {"file": "/workspace/recommendation/generative_recommenders/dlrm_v4/utils.py", "lineno": 1262, "samples_count": 56934400, "lr": 2.8954166666666664e-07}}
:::MLLOG {"namespace": "", "time_ms": 1790258645493, "event_type": "POINT_IN_TIME", "key": "train_loss", "value": 0.12739518284797668, "metadata": {"file": "/workspace/recommendation/generative_recommenders/dlrm_v4/utils.py", "lineno": 1262, "samples_count": 57344000, "lr": 2.91625e-07}}
:::MLLOG {"namespace": "", "time_ms": 1790258645674, "event_type": "INTERVAL_END", "key": "block_stop", "value": null, "metadata": {"file": "/workspace/recommendation/generative_recommenders/dlrm_v4/train/mlperf_logging_utils.py", "lineno": 336, "samples_count": 57344000, "epoch_num": 0.02503191605309833}}
:::MLLOG {"namespace": "", "time_ms": 1790258645678, "event_type": "INTERVAL_START", "key": "eval_start", "value": null, "metadata": {"file": "/workspace/recommendation/generative_recommenders/dlrm_v4/train/mlperf_logging_utils.py", "lineno": 343, "samples_count": 57344000, "epoch_num": 0.02503191605309833}}
:::MLLOG {"namespace": "", "time_ms": 1790258868761, "event_type": "POINT_IN_TIME", "key": "eval_accuracy", "value": 0.6252747178077698, "metadata": {"file": "/workspace/recommendation/generative_recommenders/dlrm_v4/train/mlperf_logging_utils.py", "lineno": 384, "samples_count": 57344000, "epoch_num": 0.02503191605309833}}
:::MLLOG {"namespace": "", "time_ms": 1790258868767, "event_type": "INTERVAL_END", "key": "eval_stop", "value": null, "metadata": {"file": "/workspace/recommendation/generative_recommenders/dlrm_v4/train/mlperf_logging_utils.py", "lineno": 387, "samples_count": 57344000, "epoch_num": 0.02503191605309833}}
:::MLLOG {"namespace": "", "time_ms": 1790258868770, "event_type": "INTERVAL_START", "key": "block_start", "value": null, "metadata": {"file": "/workspace/recommendation/generative_recommenders/dlrm_v4/train/mlperf_logging_utils.py", "lineno": 329, "samples_count": 57344000, "epoch_num": 0.02503191605309833}}
:::MLLOG {"namespace": "", "time_ms": 1790258894363, "event_type": "POINT_IN_TIME", "key": "train_loss", "value": 0.12406884878873825, "metadata": {"file": "/workspace/recommendation/generative_recommenders/dlrm_v4/utils.py", "lineno": 1262, "samples_count": 57753600, "lr": 2.9370833333333334e-07}}
:::MLLOG {"namespace": "", "time_ms": 1790258919747, "event_type": "POINT_IN_TIME", "key": "train_loss", "value": 0.1273081749677658, "metadata": {"file": "/workspace/recommendation/generative_recommenders/dlrm_v4/utils.py", "lineno": 1262, "samples_count": 58163200, "lr": 2.9579166666666664e-07}}
:::MLLOG {"namespace": "", "time_ms": 1790258944935, "event_type": "POINT_IN_TIME", "key": "train_loss", "value": 0.12391162663698196, "metadata": {"file": "/workspace/recommendation/generative_recommenders/dlrm_v4/utils.py", "lineno": 1262, "samples_count": 58572800, "lr": 2.97875e-07}}
:::MLLOG {"namespace": "", "time_ms": 1790258970331, "event_type": "POINT_IN_TIME", "key": "train_loss", "value": 0.11687986552715302, "metadata": {"file": "/workspace/recommendation/generative_recommenders/dlrm_v4/utils.py", "lineno": 1262, "samples_count": 58982400, "lr": 2.9995833333333333e-07}}
:::MLLOG {"namespace": "", "time_ms": 1790258995702, "event_type": "POINT_IN_TIME", "key": "train_loss", "value": 0.11413659900426865, "metadata": {"file": "/workspace/recommendation/generative_recommenders/dlrm_v4/utils.py", "lineno": 1262, "samples_count": 59392000, "lr": 3.0204166666666663e-07}}
:::MLLOG {"namespace": "", "time_ms": 1790259010816, "event_type": "INTERVAL_END", "key": "block_stop", "value": null, "metadata": {"file": "/workspace/recommendation/generative_recommenders/dlrm_v4/train/mlperf_logging_utils.py", "lineno": 336, "samples_count": 59637760, "epoch_num": 0.026033192695222262}}
:::MLLOG {"namespace": "", "time_ms": 1790259010822, "event_type": "INTERVAL_START", "key": "eval_start", "value": null, "metadata": {"file": "/workspace/recommendation/generative_recommenders/dlrm_v4/train/mlperf_logging_utils.py", "lineno": 343, "samples_count": 59637760, "epoch_num": 0.026033192695222262}}
:::MLLOG {"namespace": "", "time_ms": 1790259104457, "event_type": "POINT_IN_TIME", "key": "eval_accuracy", "value": 0.6413084864616394, "metadata": {"file": "/workspace/recommendation/generative_recommenders/dlrm_v4/train/mlperf_logging_utils.py", "lineno": 384, "samples_count": 59637760, "epoch_num": 0.026033192695222262}}
:::MLLOG {"namespace": "", "time_ms": 1790259104461, "event_type": "INTERVAL_END", "key": "eval_stop", "value": null, "metadata": {"file": "/workspace/recommendation/generative_recommenders/dlrm_v4/train/mlperf_logging_utils.py", "lineno": 387, "samples_count": 59637760, "epoch_num": 0.026033192695222262}}
:::MLLOG {"namespace": "", "time_ms": 1790259104465, "event_type": "INTERVAL_START", "key": "block_start", "value": null, "metadata": {"file": "/workspace/recommendation/generative_recommenders/dlrm_v4/train/mlperf_logging_utils.py", "lineno": 329, "samples_count": 59637760, "epoch_num": 0.026033192695222262}}
:::MLLOG {"namespace": "", "time_ms": 1790259114539, "event_type": "POINT_IN_TIME", "key": "train_loss", "value": 0.12402191013097763, "metadata": {"file": "/workspace/recommendation/generative_recommenders/dlrm_v4/utils.py", "lineno": 1262, "samples_count": 59801600, "lr": 3.04125e-07}}
:::MLLOG {"namespace": "", "time_ms": 1790259139633, "event_type": "POINT_IN_TIME", "key": "train_loss", "value": 0.118625707924366, "metadata": {"file": "/workspace/recommendation/generative_recommenders/dlrm_v4/utils.py", "lineno": 1262, "samples_count": 60211200, "lr": 3.0620833333333333e-07}}
:::MLLOG {"namespace": "", "time_ms": 1790259164754, "event_type": "POINT_IN_TIME", "key": "train_loss", "value": 0.12447389960289001, "metadata": {"file": "/workspace/recommendation/generative_recommenders/dlrm_v4/utils.py", "lineno": 1262, "samples_count": 60620800, "lr": 3.082916666666667e-07}}
:::MLLOG {"namespace": "", "time_ms": 1790259190942, "event_type": "POINT_IN_TIME", "key": "train_loss", "value": 0.12725381553173065, "metadata": {"file": "/workspace/recommendation/generative_recommenders/dlrm_v4/utils.py", "lineno": 1262, "samples_count": 61030400, "lr": 3.1037499999999997e-07}}
:::MLLOG {"namespace": "", "time_ms": 1790259216467, "event_type": "POINT_IN_TIME", "key": "train_loss", "value": 0.11610443145036697, "metadata": {"file": "/workspace/recommendation/generative_recommenders/dlrm_v4/utils.py", "lineno": 1262, "samples_count": 61440000, "lr": 3.124583333333333e-07}}
:::MLLOG {"namespace": "", "time_ms": 1790259241796, "event_type": "POINT_IN_TIME", "key": "train_loss", "value": 0.12028735131025314, "metadata": {"file": "/workspace/recommendation/generative_recommenders/dlrm_v4/utils.py", "lineno": 1262, "samples_count": 61849600, "lr": 3.1454166666666667e-07}}
:::MLLOG {"namespace": "", "time_ms": 1790259247134, "event_type": "INTERVAL_END", "key": "block_stop", "value": null, "metadata": {"file": "/workspace/recommendation/generative_recommenders/dlrm_v4/train/mlperf_logging_utils.py", "lineno": 336, "samples_count": 61931520, "epoch_num": 0.027034469337346195}}
:::MLLOG {"namespace": "", "time_ms": 1790259247140, "event_type": "INTERVAL_START", "key": "eval_start", "value": null, "metadata": {"file": "/workspace/recommendation/generative_recommenders/dlrm_v4/train/mlperf_logging_utils.py", "lineno": 343, "samples_count": 61931520, "epoch_num": 0.027034469337346195}}
:::MLLOG {"namespace": "", "time_ms": 1790259344519, "event_type": "POINT_IN_TIME", "key": "eval_accuracy", "value": 0.6660036444664001, "metadata": {"file": "/workspace/recommendation/generative_recommenders/dlrm_v4/train/mlperf_logging_utils.py", "lineno": 384, "samples_count": 61931520, "epoch_num": 0.027034469337346195}}
:::MLLOG {"namespace": "", "time_ms": 1790259344533, "event_type": "INTERVAL_END", "key": "eval_stop", "value": null, "metadata": {"file": "/workspace/recommendation/generative_recommenders/dlrm_v4/train/mlperf_logging_utils.py", "lineno": 387, "samples_count": 61931520, "epoch_num": 0.027034469337346195}}
:::MLLOG {"namespace": "", "time_ms": 1790259344536, "event_type": "INTERVAL_START", "key": "block_start", "value": null, "metadata": {"file": "/workspace/recommendation/generative_recommenders/dlrm_v4/train/mlperf_logging_utils.py", "lineno": 329, "samples_count": 61931520, "epoch_num": 0.027034469337346195}}
:::MLLOG {"namespace": "", "time_ms": 1790259365020, "event_type": "POINT_IN_TIME", "key": "train_loss", "value": 0.12181524932384491, "metadata": {"file": "/workspace/recommendation/generative_recommenders/dlrm_v4/utils.py", "lineno": 1262, "samples_count": 62259200, "lr": 3.1662499999999996e-07}}
:::MLLOG {"namespace": "", "time_ms": 1790259390605, "event_type": "POINT_IN_TIME", "key": "train_loss", "value": 0.1175486147403717, "metadata": {"file": "/workspace/recommendation/generative_recommenders/dlrm_v4/utils.py", "lineno": 1262, "samples_count": 62668800, "lr": 3.187083333333333e-07}}
:::MLLOG {"namespace": "", "time_ms": 1790259416039, "event_type": "POINT_IN_TIME", "key": "train_loss", "value": 0.12084686756134033, "metadata": {"file": "/workspace/recommendation/generative_recommenders/dlrm_v4/utils.py", "lineno": 1262, "samples_count": 63078400, "lr": 3.207916666666666e-07}}
:::MLLOG {"namespace": "", "time_ms": 1790259441447, "event_type": "POINT_IN_TIME", "key": "train_loss", "value": 0.12145921587944031, "metadata": {"file": "/workspace/recommendation/generative_recommenders/dlrm_v4/utils.py", "lineno": 1262, "samples_count": 63488000, "lr": 3.22875e-07}}
:::MLLOG {"namespace": "", "time_ms": 1790259466626, "event_type": "POINT_IN_TIME", "key": "train_loss", "value": 0.11868929117918015, "metadata": {"file": "/workspace/recommendation/generative_recommenders/dlrm_v4/utils.py", "lineno": 1262, "samples_count": 63897600, "lr": 3.2495833333333336e-07}}
:::MLLOG {"namespace": "", "time_ms": 1790259486974, "event_type": "INTERVAL_END", "key": "block_stop", "value": null, "metadata": {"file": "/workspace/recommendation/generative_recommenders/dlrm_v4/train/mlperf_logging_utils.py", "lineno": 336, "samples_count": 64225280, "epoch_num": 0.028035745979470127}}
:::MLLOG {"namespace": "", "time_ms": 1790259486980, "event_type": "INTERVAL_START", "key": "eval_start", "value": null, "metadata": {"file": "/workspace/recommendation/generative_recommenders/dlrm_v4/train/mlperf_logging_utils.py", "lineno": 343, "samples_count": 64225280, "epoch_num": 0.028035745979470127}}
:::MLLOG {"namespace": "", "time_ms": 1790259583078, "event_type": "POINT_IN_TIME", "key": "eval_accuracy", "value": 0.6981698274612427, "metadata": {"file": "/workspace/recommendation/generative_recommenders/dlrm_v4/train/mlperf_logging_utils.py", "lineno": 384, "samples_count": 64225280, "epoch_num": 0.028035745979470127}}
:::MLLOG {"namespace": "", "time_ms": 1790259583590, "event_type": "INTERVAL_END", "key": "eval_stop", "value": null, "metadata": {"file": "/workspace/recommendation/generative_recommenders/dlrm_v4/train/mlperf_logging_utils.py", "lineno": 387, "samples_count": 64225280, "epoch_num": 0.028035745979470127}}
:::MLLOG {"namespace": "", "time_ms": 1790259583594, "event_type": "INTERVAL_START", "key": "block_start", "value": null, "metadata": {"file": "/workspace/recommendation/generative_recommenders/dlrm_v4/train/mlperf_logging_utils.py", "lineno": 329, "samples_count": 64225280, "epoch_num": 0.028035745979470127}}
:::MLLOG {"namespace": "", "time_ms": 1790259588705, "event_type": "POINT_IN_TIME", "key": "train_loss", "value": 0.11515303701162338, "metadata": {"file": "/workspace/recommendation/generative_recommenders/dlrm_v4/utils.py", "lineno": 1262, "samples_count": 64307200, "lr": 3.2704166666666666e-07}}
:::MLLOG {"namespace": "", "time_ms": 1790259614320, "event_type": "POINT_IN_TIME", "key": "train_loss", "value": 0.11845287680625916, "metadata": {"file": "/workspace/recommendation/generative_recommenders/dlrm_v4/utils.py", "lineno": 1262, "samples_count": 64716800, "lr": 3.29125e-07}}
:::MLLOG {"namespace": "", "time_ms": 1790259639903, "event_type": "POINT_IN_TIME", "key": "train_loss", "value": 0.111719511449337, "metadata": {"file": "/workspace/recommendation/generative_recommenders/dlrm_v4/utils.py", "lineno": 1262, "samples_count": 65126400, "lr": 3.312083333333333e-07}}
:::MLLOG {"namespace": "", "time_ms": 1790259665471, "event_type": "POINT_IN_TIME", "key": "train_loss", "value": 0.11003360897302628, "metadata": {"file": "/workspace/recommendation/generative_recommenders/dlrm_v4/utils.py", "lineno": 1262, "samples_count": 65536000, "lr": 3.3329166666666665e-07}}
:::MLLOG {"namespace": "", "time_ms": 1790259692067, "event_type": "POINT_IN_TIME", "key": "train_loss", "value": 0.12597587704658508, "metadata": {"file": "/workspace/recommendation/generative_recommenders/dlrm_v4/utils.py", "lineno": 1262, "samples_count": 65945600, "lr": 3.3537499999999994e-07}}
:::MLLOG {"namespace": "", "time_ms": 1790259718170, "event_type": "POINT_IN_TIME", "key": "train_loss", "value": 0.1267632693052292, "metadata": {"file": "/workspace/recommendation/generative_recommenders/dlrm_v4/utils.py", "lineno": 1262, "samples_count": 66355200, "lr": 3.3745833333333335e-07}}
:::MLLOG {"namespace": "", "time_ms": 1790259728588, "event_type": "INTERVAL_END", "key": "block_stop", "value": null, "metadata": {"file": "/workspace/recommendation/generative_recommenders/dlrm_v4/train/mlperf_logging_utils.py", "lineno": 336, "samples_count": 66519040, "epoch_num": 0.02903702262159406}}
:::MLLOG {"namespace": "", "time_ms": 1790259728594, "event_type": "INTERVAL_START", "key": "eval_start", "value": null, "metadata": {"file": "/workspace/recommendation/generative_recommenders/dlrm_v4/train/mlperf_logging_utils.py", "lineno": 343, "samples_count": 66519040, "epoch_num": 0.02903702262159406}}
:::MLLOG {"namespace": "", "time_ms": 1790259824118, "event_type": "POINT_IN_TIME", "key": "eval_accuracy", "value": 0.7441772818565369, "metadata": {"file": "/workspace/recommendation/generative_recommenders/dlrm_v4/train/mlperf_logging_utils.py", "lineno": 384, "samples_count": 66519040, "epoch_num": 0.02903702262159406}}
:::MLLOG {"namespace": "", "time_ms": 1790259824123, "event_type": "INTERVAL_END", "key": "eval_stop", "value": null, "metadata": {"file": "/workspace/recommendation/generative_recommenders/dlrm_v4/train/mlperf_logging_utils.py", "lineno": 387, "samples_count": 66519040, "epoch_num": 0.02903702262159406}}
:::MLLOG {"namespace": "", "time_ms": 1790259824126, "event_type": "INTERVAL_START", "key": "block_start", "value": null, "metadata": {"file": "/workspace/recommendation/generative_recommenders/dlrm_v4/train/mlperf_logging_utils.py", "lineno": 329, "samples_count": 66519040, "epoch_num": 0.02903702262159406}}
:::MLLOG {"namespace": "", "time_ms": 1790259839854, "event_type": "POINT_IN_TIME", "key": "train_loss", "value": 0.12199027091264725, "metadata": {"file": "/workspace/recommendation/generative_recommenders/dlrm_v4/utils.py", "lineno": 1262, "samples_count": 66764800, "lr": 3.395416666666667e-07}}
:::MLLOG {"namespace": "", "time_ms": 1790259865799, "event_type": "POINT_IN_TIME", "key": "train_loss", "value": 0.11430482566356659, "metadata": {"file": "/workspace/recommendation/generative_recommenders/dlrm_v4/utils.py", "lineno": 1262, "samples_count": 67174400, "lr": 3.41625e-07}}
:::MLLOG {"namespace": "", "time_ms": 1790259892103, "event_type": "POINT_IN_TIME", "key": "train_loss", "value": 0.11792559921741486, "metadata": {"file": "/workspace/recommendation/generative_recommenders/dlrm_v4/utils.py", "lineno": 1262, "samples_count": 67584000, "lr": 3.4370833333333334e-07}}
:::MLLOG {"namespace": "", "time_ms": 1790259918364, "event_type": "POINT_IN_TIME", "key": "train_loss", "value": 0.11546098440885544, "metadata": {"file": "/workspace/recommendation/generative_recommenders/dlrm_v4/utils.py", "lineno": 1262, "samples_count": 67993600, "lr": 3.4579166666666663e-07}}
:::MLLOG {"namespace": "", "time_ms": 1790259944560, "event_type": "POINT_IN_TIME", "key": "train_loss", "value": 0.12105223536491394, "metadata": {"file": "/workspace/recommendation/generative_recommenders/dlrm_v4/utils.py", "lineno": 1262, "samples_count": 68403200, "lr": 3.47875e-07}}
:::MLLOG {"namespace": "", "time_ms": 1790259970657, "event_type": "POINT_IN_TIME", "key": "train_loss", "value": 0.11689777672290802, "metadata": {"file": "/workspace/recommendation/generative_recommenders/dlrm_v4/utils.py", "lineno": 1262, "samples_count": 68812800, "lr": 3.499583333333333e-07}}
:::MLLOG {"namespace": "", "time_ms": 1790259970663, "event_type": "INTERVAL_END", "key": "block_stop", "value": null, "metadata": {"file": "/workspace/recommendation/generative_recommenders/dlrm_v4/train/mlperf_logging_utils.py", "lineno": 336, "samples_count": 68812800, "epoch_num": 0.030038299263717993}}
:::MLLOG {"namespace": "", "time_ms": 1790259970666, "event_type": "INTERVAL_START", "key": "eval_start", "value": null, "metadata": {"file": "/workspace/recommendation/generative_recommenders/dlrm_v4/train/mlperf_logging_utils.py", "lineno": 343, "samples_count": 68812800, "epoch_num": 0.030038299263717993}}
:::MLLOG {"namespace": "", "time_ms": 1790260069326, "event_type": "POINT_IN_TIME", "key": "eval_accuracy", "value": 0.7572221159934998, "metadata": {"file": "/workspace/recommendation/generative_recommenders/dlrm_v4/train/mlperf_logging_utils.py", "lineno": 384, "samples_count": 68812800, "epoch_num": 0.030038299263717993}}
:::MLLOG {"namespace": "", "time_ms": 1790260069331, "event_type": "INTERVAL_END", "key": "eval_stop", "value": null, "metadata": {"file": "/workspace/recommendation/generative_recommenders/dlrm_v4/train/mlperf_logging_utils.py", "lineno": 387, "samples_count": 68812800, "epoch_num": 0.030038299263717993}}
:::MLLOG {"namespace": "", "time_ms": 1790260069334, "event_type": "INTERVAL_END", "key": "run_stop", "value": null, "metadata": {"file": "/workspace/recommendation/generative_recommenders/dlrm_v4/train/mlperf_logging_utils.py", "lineno": 368, "status": "success", "samples_count": 68812800, "epoch_num": 0.030038299263717993}}
