:::MLLOG {"namespace": "", "time_ms": 1790243501260, "event_type": "POINT_IN_TIME", "key": "cache_clear", "value": true, "metadata": {"file": "/workspace/recommendation/generative_recommenders/dlrm_v4/train/train_ranker.py", "lineno": 104}}
:::MLLOG {"namespace": "", "time_ms": 1790243501340, "event_type": "INTERVAL_START", "key": "init_start", "value": null, "metadata": {"file": "/workspace/recommendation/generative_recommenders/dlrm_v4/train/train_ranker.py", "lineno": 105}}
:::MLLOG {"namespace": "", "time_ms": 1790243517378, "event_type": "POINT_IN_TIME", "key": "submission_benchmark", "value": "dlrmv4", "metadata": {"file": "/workspace/recommendation/generative_recommenders/dlrm_v4/train/mlperf_logging_utils.py", "lineno": 153}}
:::MLLOG {"namespace": "", "time_ms": 1790243517387, "event_type": "POINT_IN_TIME", "key": "submission_org", "value": "AMD", "metadata": {"file": "/workspace/recommendation/generative_recommenders/dlrm_v4/train/mlperf_logging_utils.py", "lineno": 154}}
:::MLLOG {"namespace": "", "time_ms": 1790243517391, "event_type": "POINT_IN_TIME", "key": "submission_division", "value": "closed", "metadata": {"file": "/workspace/recommendation/generative_recommenders/dlrm_v4/train/mlperf_logging_utils.py", "lineno": 155}}
:::MLLOG {"namespace": "", "time_ms": 1790243517395, "event_type": "POINT_IN_TIME", "key": "submission_status", "value": "onprem", "metadata": {"file": "/workspace/recommendation/generative_recommenders/dlrm_v4/train/mlperf_logging_utils.py", "lineno": 156}}
:::MLLOG {"namespace": "", "time_ms": 1790243517399, "event_type": "POINT_IN_TIME", "key": "submission_platform", "value": "GB300", "metadata": {"file": "/workspace/recommendation/generative_recommenders/dlrm_v4/train/mlperf_logging_utils.py", "lineno": 157}}
:::MLLOG {"namespace": "", "time_ms": 1790243517403, "event_type": "POINT_IN_TIME", "key": "global_batch_size", "value": 8192, "metadata": {"file": "/workspace/recommendation/generative_recommenders/dlrm_v4/train/mlperf_logging_utils.py", "lineno": 179}}
:::MLLOG {"namespace": "", "time_ms": 1790243517407, "event_type": "POINT_IN_TIME", "key": "gradient_accumulation_steps", "value": 1, "metadata": {"file": "/workspace/recommendation/generative_recommenders/dlrm_v4/train/mlperf_logging_utils.py", "lineno": 180}}
:::MLLOG {"namespace": "", "time_ms": 1790243517411, "event_type": "POINT_IN_TIME", "key": "seed", "value": 31516, "metadata": {"file": "/workspace/recommendation/generative_recommenders/dlrm_v4/train/mlperf_logging_utils.py", "lineno": 183}}
:::MLLOG {"namespace": "", "time_ms": 1790243517415, "event_type": "POINT_IN_TIME", "key": "opt_name", "value": "Adam", "metadata": {"file": "/workspace/recommendation/generative_recommenders/dlrm_v4/train/mlperf_logging_utils.py", "lineno": 184}}
:::MLLOG {"namespace": "", "time_ms": 1790243517419, "event_type": "POINT_IN_TIME", "key": "opt_base_learning_rate", "value": 1e-06, "metadata": {"file": "/workspace/recommendation/generative_recommenders/dlrm_v4/train/mlperf_logging_utils.py", "lineno": 188}}
:::MLLOG {"namespace": "", "time_ms": 1790243517423, "event_type": "POINT_IN_TIME", "key": "opt_adam_beta_1", "value": 0.95, "metadata": {"file": "/workspace/recommendation/generative_recommenders/dlrm_v4/train/mlperf_logging_utils.py", "lineno": 193}}
:::MLLOG {"namespace": "", "time_ms": 1790243517426, "event_type": "POINT_IN_TIME", "key": "opt_adam_beta_2", "value": 0.999, "metadata": {"file": "/workspace/recommendation/generative_recommenders/dlrm_v4/train/mlperf_logging_utils.py", "lineno": 194}}
:::MLLOG {"namespace": "", "time_ms": 1790243517430, "event_type": "POINT_IN_TIME", "key": "opt_adam_epsilon", "value": 1e-08, "metadata": {"file": "/workspace/recommendation/generative_recommenders/dlrm_v4/train/mlperf_logging_utils.py", "lineno": 195}}
:::MLLOG {"namespace": "", "time_ms": 1790243517434, "event_type": "POINT_IN_TIME", "key": "opt_weight_decay", "value": 0.0, "metadata": {"file": "/workspace/recommendation/generative_recommenders/dlrm_v4/train/mlperf_logging_utils.py", "lineno": 199}}
:::MLLOG {"namespace": "", "time_ms": 1790243517438, "event_type": "POINT_IN_TIME", "key": "opt_gradient_clip_norm", "value": 1.0, "metadata": {"file": "/workspace/recommendation/generative_recommenders/dlrm_v4/train/mlperf_logging_utils.py", "lineno": 205}}
:::MLLOG {"namespace": "", "time_ms": 1790243517442, "event_type": "POINT_IN_TIME", "key": "opt_learning_rate_warmup_steps", "value": 24000, "metadata": {"file": "/workspace/recommendation/generative_recommenders/dlrm_v4/train/mlperf_logging_utils.py", "lineno": 209}}
:::MLLOG {"namespace": "", "time_ms": 1790243517445, "event_type": "POINT_IN_TIME", "key": "opt_learning_rate_warmup_start_lr", "value": 0.0, "metadata": {"file": "/workspace/recommendation/generative_recommenders/dlrm_v4/train/mlperf_logging_utils.py", "lineno": 215}}
:::MLLOG {"namespace": "", "time_ms": 1790243517449, "event_type": "POINT_IN_TIME", "key": "opt_sparse_name", "value": "RowWiseAdagrad", "metadata": {"file": "/workspace/recommendation/generative_recommenders/dlrm_v4/train/mlperf_logging_utils.py", "lineno": 221}}
:::MLLOG {"namespace": "", "time_ms": 1790243517453, "event_type": "POINT_IN_TIME", "key": "opt_sparse_base_learning_rate", "value": 1e-06, "metadata": {"file": "/workspace/recommendation/generative_recommenders/dlrm_v4/train/mlperf_logging_utils.py", "lineno": 227}}
:::MLLOG {"namespace": "", "time_ms": 1790243517457, "event_type": "POINT_IN_TIME", "key": "max_sequence_length", "value": 4096, "metadata": {"file": "/workspace/recommendation/generative_recommenders/dlrm_v4/train/mlperf_logging_utils.py", "lineno": 233}}
:::MLLOG {"namespace": "", "time_ms": 1790243517461, "event_type": "POINT_IN_TIME", "key": "eval_every_data_pct", "value": 0.001, "metadata": {"file": "/workspace/recommendation/generative_recommenders/dlrm_v4/train/mlperf_logging_utils.py", "lineno": 242}}
:::MLLOG {"namespace": "", "time_ms": 1790243517464, "event_type": "POINT_IN_TIME", "key": "skip_eval_epoch_pct", "value": 0.025, "metadata": {"file": "/workspace/recommendation/generative_recommenders/dlrm_v4/train/mlperf_logging_utils.py", "lineno": 248}}
:::MLLOG {"namespace": "", "time_ms": 1790243517469, "event_type": "INTERVAL_END", "key": "init_stop", "value": null, "metadata": {"file": "/workspace/recommendation/generative_recommenders/dlrm_v4/train/mlperf_logging_utils.py", "lineno": 254}}
:::MLLOG {"namespace": "", "time_ms": 1790243517473, "event_type": "INTERVAL_START", "key": "run_start", "value": null, "metadata": {"file": "/workspace/recommendation/generative_recommenders/dlrm_v4/train/mlperf_logging_utils.py", "lineno": 255}}
:::MLLOG {"namespace": "", "time_ms": 1790244499147, "event_type": "POINT_IN_TIME", "key": "train_samples", "value": 2290835423, "metadata": {"file": "/workspace/recommendation/generative_recommenders/dlrm_v4/train/mlperf_logging_utils.py", "lineno": 323}}
:::MLLOG {"namespace": "", "time_ms": 1790244499629, "event_type": "POINT_IN_TIME", "key": "eval_samples", "value": 2058204, "metadata": {"file": "/workspace/recommendation/generative_recommenders/dlrm_v4/train/mlperf_logging_utils.py", "lineno": 325}}
:::MLLOG {"namespace": "", "time_ms": 1790244499730, "event_type": "INTERVAL_START", "key": "block_start", "value": null, "metadata": {"file": "/workspace/recommendation/generative_recommenders/dlrm_v4/train/mlperf_logging_utils.py", "lineno": 329, "samples_count": 0, "epoch_num": 0.0}}
:::MLLOG {"namespace": "", "time_ms": 1790255219200, "event_type": "POINT_IN_TIME", "key": "train_loss", "value": 0.1386350691318512, "metadata": {"file": "/workspace/recommendation/generative_recommenders/dlrm_v4/utils.py", "lineno": 1262, "samples_count": 409600, "lr": 2.0416666666666663e-09}}
:::MLLOG {"namespace": "", "time_ms": 1790255242792, "event_type": "POINT_IN_TIME", "key": "train_loss", "value": 0.13850131630897522, "metadata": {"file": "/workspace/recommendation/generative_recommenders/dlrm_v4/utils.py", "lineno": 1262, "samples_count": 819200, "lr": 4.125e-09}}
:::MLLOG {"namespace": "", "time_ms": 1790255265740, "event_type": "POINT_IN_TIME", "key": "train_loss", "value": 0.13832996785640717, "metadata": {"file": "/workspace/recommendation/generative_recommenders/dlrm_v4/utils.py", "lineno": 1262, "samples_count": 1228800, "lr": 6.208333333333333e-09}}
:::MLLOG {"namespace": "", "time_ms": 1790255289277, "event_type": "POINT_IN_TIME", "key": "train_loss", "value": 0.13843794167041779, "metadata": {"file": "/workspace/recommendation/generative_recommenders/dlrm_v4/utils.py", "lineno": 1262, "samples_count": 1638400, "lr": 8.291666666666665e-09}}
:::MLLOG {"namespace": "", "time_ms": 1790255312759, "event_type": "POINT_IN_TIME", "key": "train_loss", "value": 0.13853642344474792, "metadata": {"file": "/workspace/recommendation/generative_recommenders/dlrm_v4/utils.py", "lineno": 1262, "samples_count": 2048000, "lr": 1.0375e-08}}
:::MLLOG {"namespace": "", "time_ms": 1790255336093, "event_type": "POINT_IN_TIME", "key": "train_loss", "value": 0.13846389949321747, "metadata": {"file": "/workspace/recommendation/generative_recommenders/dlrm_v4/utils.py", "lineno": 1262, "samples_count": 2457600, "lr": 1.2458333333333332e-08}}
:::MLLOG {"namespace": "", "time_ms": 1790255359618, "event_type": "POINT_IN_TIME", "key": "train_loss", "value": 0.13835184276103973, "metadata": {"file": "/workspace/recommendation/generative_recommenders/dlrm_v4/utils.py", "lineno": 1262, "samples_count": 2867200, "lr": 1.4541666666666666e-08}}
:::MLLOG {"namespace": "", "time_ms": 1790255383194, "event_type": "POINT_IN_TIME", "key": "train_loss", "value": 0.13801364600658417, "metadata": {"file": "/workspace/recommendation/generative_recommenders/dlrm_v4/utils.py", "lineno": 1262, "samples_count": 3276800, "lr": 1.6625e-08}}
:::MLLOG {"namespace": "", "time_ms": 1790255406793, "event_type": "POINT_IN_TIME", "key": "train_loss", "value": 0.13835564255714417, "metadata": {"file": "/workspace/recommendation/generative_recommenders/dlrm_v4/utils.py", "lineno": 1262, "samples_count": 3686400, "lr": 1.8708333333333334e-08}}
:::MLLOG {"namespace": "", "time_ms": 1790255430863, "event_type": "POINT_IN_TIME", "key": "train_loss", "value": 0.1382398158311844, "metadata": {"file": "/workspace/recommendation/generative_recommenders/dlrm_v4/utils.py", "lineno": 1262, "samples_count": 4096000, "lr": 2.0791666666666666e-08}}
:::MLLOG {"namespace": "", "time_ms": 1790255455009, "event_type": "POINT_IN_TIME", "key": "train_loss", "value": 0.1375570148229599, "metadata": {"file": "/workspace/recommendation/generative_recommenders/dlrm_v4/utils.py", "lineno": 1262, "samples_count": 4505600, "lr": 2.2874999999999998e-08}}
:::MLLOG {"namespace": "", "time_ms": 1790255479307, "event_type": "POINT_IN_TIME", "key": "train_loss", "value": 0.13834364712238312, "metadata": {"file": "/workspace/recommendation/generative_recommenders/dlrm_v4/utils.py", "lineno": 1262, "samples_count": 4915200, "lr": 2.495833333333333e-08}}
:::MLLOG {"namespace": "", "time_ms": 1790255503342, "event_type": "POINT_IN_TIME", "key": "train_loss", "value": 0.13762328028678894, "metadata": {"file": "/workspace/recommendation/generative_recommenders/dlrm_v4/utils.py", "lineno": 1262, "samples_count": 5324800, "lr": 2.7041666666666666e-08}}
:::MLLOG {"namespace": "", "time_ms": 1790255527021, "event_type": "POINT_IN_TIME", "key": "train_loss", "value": 0.13706837594509125, "metadata": {"file": "/workspace/recommendation/generative_recommenders/dlrm_v4/utils.py", "lineno": 1262, "samples_count": 5734400, "lr": 2.9125e-08}}
:::MLLOG {"namespace": "", "time_ms": 1790255550917, "event_type": "POINT_IN_TIME", "key": "train_loss", "value": 0.13634967803955078, "metadata": {"file": "/workspace/recommendation/generative_recommenders/dlrm_v4/utils.py", "lineno": 1262, "samples_count": 6144000, "lr": 3.120833333333333e-08}}
:::MLLOG {"namespace": "", "time_ms": 1790255574857, "event_type": "POINT_IN_TIME", "key": "train_loss", "value": 0.1374630630016327, "metadata": {"file": "/workspace/recommendation/generative_recommenders/dlrm_v4/utils.py", "lineno": 1262, "samples_count": 6553600, "lr": 3.329166666666666e-08}}
:::MLLOG {"namespace": "", "time_ms": 1790255599526, "event_type": "POINT_IN_TIME", "key": "train_loss", "value": 0.13643884658813477, "metadata": {"file": "/workspace/recommendation/generative_recommenders/dlrm_v4/utils.py", "lineno": 1262, "samples_count": 6963200, "lr": 3.5375e-08}}
:::MLLOG {"namespace": "", "time_ms": 1790255623483, "event_type": "POINT_IN_TIME", "key": "train_loss", "value": 0.13642247021198273, "metadata": {"file": "/workspace/recommendation/generative_recommenders/dlrm_v4/utils.py", "lineno": 1262, "samples_count": 7372800, "lr": 3.745833333333333e-08}}
:::MLLOG {"namespace": "", "time_ms": 1790255648333, "event_type": "POINT_IN_TIME", "key": "train_loss", "value": 0.13555733859539032, "metadata": {"file": "/workspace/recommendation/generative_recommenders/dlrm_v4/utils.py", "lineno": 1262, "samples_count": 7782400, "lr": 3.954166666666667e-08}}
:::MLLOG {"namespace": "", "time_ms": 1790255672733, "event_type": "POINT_IN_TIME", "key": "train_loss", "value": 0.13745154440402985, "metadata": {"file": "/workspace/recommendation/generative_recommenders/dlrm_v4/utils.py", "lineno": 1262, "samples_count": 8192000, "lr": 4.1625e-08}}
:::MLLOG {"namespace": "", "time_ms": 1790255697587, "event_type": "POINT_IN_TIME", "key": "train_loss", "value": 0.13416491448879242, "metadata": {"file": "/workspace/recommendation/generative_recommenders/dlrm_v4/utils.py", "lineno": 1262, "samples_count": 8601600, "lr": 4.370833333333333e-08}}
:::MLLOG {"namespace": "", "time_ms": 1790255722108, "event_type": "POINT_IN_TIME", "key": "train_loss", "value": 0.13486245274543762, "metadata": {"file": "/workspace/recommendation/generative_recommenders/dlrm_v4/utils.py", "lineno": 1262, "samples_count": 9011200, "lr": 4.579166666666667e-08}}
:::MLLOG {"namespace": "", "time_ms": 1790255773488, "event_type": "POINT_IN_TIME", "key": "train_loss", "value": 0.1352992057800293, "metadata": {"file": "/workspace/recommendation/generative_recommenders/dlrm_v4/utils.py", "lineno": 1262, "samples_count": 9420800, "lr": 4.7875e-08}}
:::MLLOG {"namespace": "", "time_ms": 1790255797860, "event_type": "POINT_IN_TIME", "key": "train_loss", "value": 0.1341254711151123, "metadata": {"file": "/workspace/recommendation/generative_recommenders/dlrm_v4/utils.py", "lineno": 1262, "samples_count": 9830400, "lr": 4.995833333333333e-08}}
:::MLLOG {"namespace": "", "time_ms": 1790255822277, "event_type": "POINT_IN_TIME", "key": "train_loss", "value": 0.13640031218528748, "metadata": {"file": "/workspace/recommendation/generative_recommenders/dlrm_v4/utils.py", "lineno": 1262, "samples_count": 10240000, "lr": 5.204166666666666e-08}}
:::MLLOG {"namespace": "", "time_ms": 1790255846459, "event_type": "POINT_IN_TIME", "key": "train_loss", "value": 0.13791117072105408, "metadata": {"file": "/workspace/recommendation/generative_recommenders/dlrm_v4/utils.py", "lineno": 1262, "samples_count": 10649600, "lr": 5.4124999999999997e-08}}
:::MLLOG {"namespace": "", "time_ms": 1790255870573, "event_type": "POINT_IN_TIME", "key": "train_loss", "value": 0.135483980178833, "metadata": {"file": "/workspace/recommendation/generative_recommenders/dlrm_v4/utils.py", "lineno": 1262, "samples_count": 11059200, "lr": 5.620833333333333e-08}}
:::MLLOG {"namespace": "", "time_ms": 1790255894718, "event_type": "POINT_IN_TIME", "key": "train_loss", "value": 0.13796699047088623, "metadata": {"file": "/workspace/recommendation/generative_recommenders/dlrm_v4/utils.py", "lineno": 1262, "samples_count": 11468800, "lr": 5.829166666666666e-08}}
:::MLLOG {"namespace": "", "time_ms": 1790255918919, "event_type": "POINT_IN_TIME", "key": "train_loss", "value": 0.13593727350234985, "metadata": {"file": "/workspace/recommendation/generative_recommenders/dlrm_v4/utils.py", "lineno": 1262, "samples_count": 11878400, "lr": 6.0375e-08}}
:::MLLOG {"namespace": "", "time_ms": 1790255943013, "event_type": "POINT_IN_TIME", "key": "train_loss", "value": 0.13474427163600922, "metadata": {"file": "/workspace/recommendation/generative_recommenders/dlrm_v4/utils.py", "lineno": 1262, "samples_count": 12288000, "lr": 6.245833333333333e-08}}
:::MLLOG {"namespace": "", "time_ms": 1790255967230, "event_type": "POINT_IN_TIME", "key": "train_loss", "value": 0.13678324222564697, "metadata": {"file": "/workspace/recommendation/generative_recommenders/dlrm_v4/utils.py", "lineno": 1262, "samples_count": 12697600, "lr": 6.454166666666667e-08}}
:::MLLOG {"namespace": "", "time_ms": 1790255991526, "event_type": "POINT_IN_TIME", "key": "train_loss", "value": 0.13100408017635345, "metadata": {"file": "/workspace/recommendation/generative_recommenders/dlrm_v4/utils.py", "lineno": 1262, "samples_count": 13107200, "lr": 6.6625e-08}}
:::MLLOG {"namespace": "", "time_ms": 1790256015586, "event_type": "POINT_IN_TIME", "key": "train_loss", "value": 0.13284972310066223, "metadata": {"file": "/workspace/recommendation/generative_recommenders/dlrm_v4/utils.py", "lineno": 1262, "samples_count": 13516800, "lr": 6.870833333333332e-08}}
:::MLLOG {"namespace": "", "time_ms": 1790256039913, "event_type": "POINT_IN_TIME", "key": "train_loss", "value": 0.13336880505084991, "metadata": {"file": "/workspace/recommendation/generative_recommenders/dlrm_v4/utils.py", "lineno": 1262, "samples_count": 13926400, "lr": 7.079166666666666e-08}}
:::MLLOG {"namespace": "", "time_ms": 1790256064345, "event_type": "POINT_IN_TIME", "key": "train_loss", "value": 0.1288480907678604, "metadata": {"file": "/workspace/recommendation/generative_recommenders/dlrm_v4/utils.py", "lineno": 1262, "samples_count": 14336000, "lr": 7.2875e-08}}
:::MLLOG {"namespace": "", "time_ms": 1790256088661, "event_type": "POINT_IN_TIME", "key": "train_loss", "value": 0.12728288769721985, "metadata": {"file": "/workspace/recommendation/generative_recommenders/dlrm_v4/utils.py", "lineno": 1262, "samples_count": 14745600, "lr": 7.495833333333333e-08}}
:::MLLOG {"namespace": "", "time_ms": 1790256112816, "event_type": "POINT_IN_TIME", "key": "train_loss", "value": 0.13264545798301697, "metadata": {"file": "/workspace/recommendation/generative_recommenders/dlrm_v4/utils.py", "lineno": 1262, "samples_count": 15155200, "lr": 7.704166666666665e-08}}
:::MLLOG {"namespace": "", "time_ms": 1790256137442, "event_type": "POINT_IN_TIME", "key": "train_loss", "value": 0.13331571221351624, "metadata": {"file": "/workspace/recommendation/generative_recommenders/dlrm_v4/utils.py", "lineno": 1262, "samples_count": 15564800, "lr": 7.9125e-08}}
:::MLLOG {"namespace": "", "time_ms": 1790256162447, "event_type": "POINT_IN_TIME", "key": "train_loss", "value": 0.13412700593471527, "metadata": {"file": "/workspace/recommendation/generative_recommenders/dlrm_v4/utils.py", "lineno": 1262, "samples_count": 15974400, "lr": 8.120833333333332e-08}}
:::MLLOG {"namespace": "", "time_ms": 1790256187340, "event_type": "POINT_IN_TIME", "key": "train_loss", "value": 0.13371367752552032, "metadata": {"file": "/workspace/recommendation/generative_recommenders/dlrm_v4/utils.py", "lineno": 1262, "samples_count": 16384000, "lr": 8.329166666666666e-08}}
:::MLLOG {"namespace": "", "time_ms": 1790256212284, "event_type": "POINT_IN_TIME", "key": "train_loss", "value": 0.1356203556060791, "metadata": {"file": "/workspace/recommendation/generative_recommenders/dlrm_v4/utils.py", "lineno": 1262, "samples_count": 16793600, "lr": 8.537500000000001e-08}}
:::MLLOG {"namespace": "", "time_ms": 1790256237673, "event_type": "POINT_IN_TIME", "key": "train_loss", "value": 0.13535916805267334, "metadata": {"file": "/workspace/recommendation/generative_recommenders/dlrm_v4/utils.py", "lineno": 1262, "samples_count": 17203200, "lr": 8.745833333333333e-08}}
:::MLLOG {"namespace": "", "time_ms": 1790256263184, "event_type": "POINT_IN_TIME", "key": "train_loss", "value": 0.13555066287517548, "metadata": {"file": "/workspace/recommendation/generative_recommenders/dlrm_v4/utils.py", "lineno": 1262, "samples_count": 17612800, "lr": 8.954166666666667e-08}}
:::MLLOG {"namespace": "", "time_ms": 1790256287992, "event_type": "POINT_IN_TIME", "key": "train_loss", "value": 0.13358061015605927, "metadata": {"file": "/workspace/recommendation/generative_recommenders/dlrm_v4/utils.py", "lineno": 1262, "samples_count": 18022400, "lr": 9.162499999999999e-08}}
:::MLLOG {"namespace": "", "time_ms": 1790256312757, "event_type": "POINT_IN_TIME", "key": "train_loss", "value": 0.13223686814308167, "metadata": {"file": "/workspace/recommendation/generative_recommenders/dlrm_v4/utils.py", "lineno": 1262, "samples_count": 18432000, "lr": 9.370833333333334e-08}}
:::MLLOG {"namespace": "", "time_ms": 1790256338163, "event_type": "POINT_IN_TIME", "key": "train_loss", "value": 0.13533581793308258, "metadata": {"file": "/workspace/recommendation/generative_recommenders/dlrm_v4/utils.py", "lineno": 1262, "samples_count": 18841600, "lr": 9.579166666666666e-08}}
:::MLLOG {"namespace": "", "time_ms": 1790256363404, "event_type": "POINT_IN_TIME", "key": "train_loss", "value": 0.13079790771007538, "metadata": {"file": "/workspace/recommendation/generative_recommenders/dlrm_v4/utils.py", "lineno": 1262, "samples_count": 19251200, "lr": 9.7875e-08}}
:::MLLOG {"namespace": "", "time_ms": 1790256388679, "event_type": "POINT_IN_TIME", "key": "train_loss", "value": 0.1338825225830078, "metadata": {"file": "/workspace/recommendation/generative_recommenders/dlrm_v4/utils.py", "lineno": 1262, "samples_count": 19660800, "lr": 9.995833333333333e-08}}
:::MLLOG {"namespace": "", "time_ms": 1790256413506, "event_type": "POINT_IN_TIME", "key": "train_loss", "value": 0.1317385733127594, "metadata": {"file": "/workspace/recommendation/generative_recommenders/dlrm_v4/utils.py", "lineno": 1262, "samples_count": 20070400, "lr": 1.0204166666666667e-07}}
:::MLLOG {"namespace": "", "time_ms": 1790256437924, "event_type": "POINT_IN_TIME", "key": "train_loss", "value": 0.12974640727043152, "metadata": {"file": "/workspace/recommendation/generative_recommenders/dlrm_v4/utils.py", "lineno": 1262, "samples_count": 20480000, "lr": 1.0412499999999999e-07}}
:::MLLOG {"namespace": "", "time_ms": 1790256462463, "event_type": "POINT_IN_TIME", "key": "train_loss", "value": 0.13980384171009064, "metadata": {"file": "/workspace/recommendation/generative_recommenders/dlrm_v4/utils.py", "lineno": 1262, "samples_count": 20889600, "lr": 1.0620833333333334e-07}}
:::MLLOG {"namespace": "", "time_ms": 1790256487163, "event_type": "POINT_IN_TIME", "key": "train_loss", "value": 0.1303611397743225, "metadata": {"file": "/workspace/recommendation/generative_recommenders/dlrm_v4/utils.py", "lineno": 1262, "samples_count": 21299200, "lr": 1.0829166666666666e-07}}
:::MLLOG {"namespace": "", "time_ms": 1790256511748, "event_type": "POINT_IN_TIME", "key": "train_loss", "value": 0.13016235828399658, "metadata": {"file": "/workspace/recommendation/generative_recommenders/dlrm_v4/utils.py", "lineno": 1262, "samples_count": 21708800, "lr": 1.10375e-07}}
:::MLLOG {"namespace": "", "time_ms": 1790256536533, "event_type": "POINT_IN_TIME", "key": "train_loss", "value": 0.13557152450084686, "metadata": {"file": "/workspace/recommendation/generative_recommenders/dlrm_v4/utils.py", "lineno": 1262, "samples_count": 22118400, "lr": 1.1245833333333332e-07}}
:::MLLOG {"namespace": "", "time_ms": 1790256560925, "event_type": "POINT_IN_TIME", "key": "train_loss", "value": 0.13405610620975494, "metadata": {"file": "/workspace/recommendation/generative_recommenders/dlrm_v4/utils.py", "lineno": 1262, "samples_count": 22528000, "lr": 1.1454166666666666e-07}}
:::MLLOG {"namespace": "", "time_ms": 1790256585714, "event_type": "POINT_IN_TIME", "key": "train_loss", "value": 0.1292894184589386, "metadata": {"file": "/workspace/recommendation/generative_recommenders/dlrm_v4/utils.py", "lineno": 1262, "samples_count": 22937600, "lr": 1.16625e-07}}
:::MLLOG {"namespace": "", "time_ms": 1790256610256, "event_type": "POINT_IN_TIME", "key": "train_loss", "value": 0.1296239197254181, "metadata": {"file": "/workspace/recommendation/generative_recommenders/dlrm_v4/utils.py", "lineno": 1262, "samples_count": 23347200, "lr": 1.1870833333333332e-07}}
:::MLLOG {"namespace": "", "time_ms": 1790256635202, "event_type": "POINT_IN_TIME", "key": "train_loss", "value": 0.1295200139284134, "metadata": {"file": "/workspace/recommendation/generative_recommenders/dlrm_v4/utils.py", "lineno": 1262, "samples_count": 23756800, "lr": 1.2079166666666667e-07}}
:::MLLOG {"namespace": "", "time_ms": 1790256659639, "event_type": "POINT_IN_TIME", "key": "train_loss", "value": 0.1288171410560608, "metadata": {"file": "/workspace/recommendation/generative_recommenders/dlrm_v4/utils.py", "lineno": 1262, "samples_count": 24166400, "lr": 1.22875e-07}}
:::MLLOG {"namespace": "", "time_ms": 1790256684085, "event_type": "POINT_IN_TIME", "key": "train_loss", "value": 0.13743296265602112, "metadata": {"file": "/workspace/recommendation/generative_recommenders/dlrm_v4/utils.py", "lineno": 1262, "samples_count": 24576000, "lr": 1.2495833333333334e-07}}
:::MLLOG {"namespace": "", "time_ms": 1790256708943, "event_type": "POINT_IN_TIME", "key": "train_loss", "value": 0.13655979931354523, "metadata": {"file": "/workspace/recommendation/generative_recommenders/dlrm_v4/utils.py", "lineno": 1262, "samples_count": 24985600, "lr": 1.2704166666666666e-07}}
:::MLLOG {"namespace": "", "time_ms": 1790256733434, "event_type": "POINT_IN_TIME", "key": "train_loss", "value": 0.1365262269973755, "metadata": {"file": "/workspace/recommendation/generative_recommenders/dlrm_v4/utils.py", "lineno": 1262, "samples_count": 25395200, "lr": 1.2912499999999999e-07}}
:::MLLOG {"namespace": "", "time_ms": 1790256758243, "event_type": "POINT_IN_TIME", "key": "train_loss", "value": 0.13213349878787994, "metadata": {"file": "/workspace/recommendation/generative_recommenders/dlrm_v4/utils.py", "lineno": 1262, "samples_count": 25804800, "lr": 1.3120833333333334e-07}}
:::MLLOG {"namespace": "", "time_ms": 1790256782915, "event_type": "POINT_IN_TIME", "key": "train_loss", "value": 0.13834047317504883, "metadata": {"file": "/workspace/recommendation/generative_recommenders/dlrm_v4/utils.py", "lineno": 1262, "samples_count": 26214400, "lr": 1.3329166666666666e-07}}
:::MLLOG {"namespace": "", "time_ms": 1790256807514, "event_type": "POINT_IN_TIME", "key": "train_loss", "value": 0.12999945878982544, "metadata": {"file": "/workspace/recommendation/generative_recommenders/dlrm_v4/utils.py", "lineno": 1262, "samples_count": 26624000, "lr": 1.3537499999999998e-07}}
:::MLLOG {"namespace": "", "time_ms": 1790256832545, "event_type": "POINT_IN_TIME", "key": "train_loss", "value": 0.1274469494819641, "metadata": {"file": "/workspace/recommendation/generative_recommenders/dlrm_v4/utils.py", "lineno": 1262, "samples_count": 27033600, "lr": 1.374583333333333e-07}}
:::MLLOG {"namespace": "", "time_ms": 1790256857125, "event_type": "POINT_IN_TIME", "key": "train_loss", "value": 0.1344332993030548, "metadata": {"file": "/workspace/recommendation/generative_recommenders/dlrm_v4/utils.py", "lineno": 1262, "samples_count": 27443200, "lr": 1.3954166666666668e-07}}
:::MLLOG {"namespace": "", "time_ms": 1790256882464, "event_type": "POINT_IN_TIME", "key": "train_loss", "value": 0.1422492265701294, "metadata": {"file": "/workspace/recommendation/generative_recommenders/dlrm_v4/utils.py", "lineno": 1262, "samples_count": 27852800, "lr": 1.41625e-07}}
:::MLLOG {"namespace": "", "time_ms": 1790256907739, "event_type": "POINT_IN_TIME", "key": "train_loss", "value": 0.13543036580085754, "metadata": {"file": "/workspace/recommendation/generative_recommenders/dlrm_v4/utils.py", "lineno": 1262, "samples_count": 28262400, "lr": 1.4370833333333332e-07}}
:::MLLOG {"namespace": "", "time_ms": 1790256933068, "event_type": "POINT_IN_TIME", "key": "train_loss", "value": 0.1259547472000122, "metadata": {"file": "/workspace/recommendation/generative_recommenders/dlrm_v4/utils.py", "lineno": 1262, "samples_count": 28672000, "lr": 1.4579166666666667e-07}}
:::MLLOG {"namespace": "", "time_ms": 1790256958886, "event_type": "POINT_IN_TIME", "key": "train_loss", "value": 0.13690803945064545, "metadata": {"file": "/workspace/recommendation/generative_recommenders/dlrm_v4/utils.py", "lineno": 1262, "samples_count": 29081600, "lr": 1.47875e-07}}
:::MLLOG {"namespace": "", "time_ms": 1790256984458, "event_type": "POINT_IN_TIME", "key": "train_loss", "value": 0.13308174908161163, "metadata": {"file": "/workspace/recommendation/generative_recommenders/dlrm_v4/utils.py", "lineno": 1262, "samples_count": 29491200, "lr": 1.4995833333333331e-07}}
:::MLLOG {"namespace": "", "time_ms": 1790257010216, "event_type": "POINT_IN_TIME", "key": "train_loss", "value": 0.1325153112411499, "metadata": {"file": "/workspace/recommendation/generative_recommenders/dlrm_v4/utils.py", "lineno": 1262, "samples_count": 29900800, "lr": 1.5204166666666666e-07}}
:::MLLOG {"namespace": "", "time_ms": 1790257035528, "event_type": "POINT_IN_TIME", "key": "train_loss", "value": 0.13170504570007324, "metadata": {"file": "/workspace/recommendation/generative_recommenders/dlrm_v4/utils.py", "lineno": 1262, "samples_count": 30310400, "lr": 1.54125e-07}}
:::MLLOG {"namespace": "", "time_ms": 1790257061099, "event_type": "POINT_IN_TIME", "key": "train_loss", "value": 0.1378622055053711, "metadata": {"file": "/workspace/recommendation/generative_recommenders/dlrm_v4/utils.py", "lineno": 1262, "samples_count": 30720000, "lr": 1.5620833333333333e-07}}
:::MLLOG {"namespace": "", "time_ms": 1790257086744, "event_type": "POINT_IN_TIME", "key": "train_loss", "value": 0.14141732454299927, "metadata": {"file": "/workspace/recommendation/generative_recommenders/dlrm_v4/utils.py", "lineno": 1262, "samples_count": 31129600, "lr": 1.5829166666666666e-07}}
:::MLLOG {"namespace": "", "time_ms": 1790257112556, "event_type": "POINT_IN_TIME", "key": "train_loss", "value": 0.1334075778722763, "metadata": {"file": "/workspace/recommendation/generative_recommenders/dlrm_v4/utils.py", "lineno": 1262, "samples_count": 31539200, "lr": 1.6037499999999998e-07}}
:::MLLOG {"namespace": "", "time_ms": 1790257137381, "event_type": "POINT_IN_TIME", "key": "train_loss", "value": 0.1341000497341156, "metadata": {"file": "/workspace/recommendation/generative_recommenders/dlrm_v4/utils.py", "lineno": 1262, "samples_count": 31948800, "lr": 1.6245833333333333e-07}}
:::MLLOG {"namespace": "", "time_ms": 1790257162258, "event_type": "POINT_IN_TIME", "key": "train_loss", "value": 0.13187970221042633, "metadata": {"file": "/workspace/recommendation/generative_recommenders/dlrm_v4/utils.py", "lineno": 1262, "samples_count": 32358400, "lr": 1.6454166666666665e-07}}
:::MLLOG {"namespace": "", "time_ms": 1790257187133, "event_type": "POINT_IN_TIME", "key": "train_loss", "value": 0.13175365328788757, "metadata": {"file": "/workspace/recommendation/generative_recommenders/dlrm_v4/utils.py", "lineno": 1262, "samples_count": 32768000, "lr": 1.66625e-07}}
:::MLLOG {"namespace": "", "time_ms": 1790257212150, "event_type": "POINT_IN_TIME", "key": "train_loss", "value": 0.1353023648262024, "metadata": {"file": "/workspace/recommendation/generative_recommenders/dlrm_v4/utils.py", "lineno": 1262, "samples_count": 33177600, "lr": 1.6870833333333332e-07}}
:::MLLOG {"namespace": "", "time_ms": 1790257237330, "event_type": "POINT_IN_TIME", "key": "train_loss", "value": 0.13971614837646484, "metadata": {"file": "/workspace/recommendation/generative_recommenders/dlrm_v4/utils.py", "lineno": 1262, "samples_count": 33587200, "lr": 1.7079166666666667e-07}}
:::MLLOG {"namespace": "", "time_ms": 1790257262668, "event_type": "POINT_IN_TIME", "key": "train_loss", "value": 0.13487261533737183, "metadata": {"file": "/workspace/recommendation/generative_recommenders/dlrm_v4/utils.py", "lineno": 1262, "samples_count": 33996800, "lr": 1.72875e-07}}
:::MLLOG {"namespace": "", "time_ms": 1790257287518, "event_type": "POINT_IN_TIME", "key": "train_loss", "value": 0.13577497005462646, "metadata": {"file": "/workspace/recommendation/generative_recommenders/dlrm_v4/utils.py", "lineno": 1262, "samples_count": 34406400, "lr": 1.7495833333333331e-07}}
:::MLLOG {"namespace": "", "time_ms": 1790257312397, "event_type": "POINT_IN_TIME", "key": "train_loss", "value": 0.1309332400560379, "metadata": {"file": "/workspace/recommendation/generative_recommenders/dlrm_v4/utils.py", "lineno": 1262, "samples_count": 34816000, "lr": 1.7704166666666666e-07}}
:::MLLOG {"namespace": "", "time_ms": 1790257337480, "event_type": "POINT_IN_TIME", "key": "train_loss", "value": 0.13518832623958588, "metadata": {"file": "/workspace/recommendation/generative_recommenders/dlrm_v4/utils.py", "lineno": 1262, "samples_count": 35225600, "lr": 1.79125e-07}}
:::MLLOG {"namespace": "", "time_ms": 1790257362669, "event_type": "POINT_IN_TIME", "key": "train_loss", "value": 0.1344570815563202, "metadata": {"file": "/workspace/recommendation/generative_recommenders/dlrm_v4/utils.py", "lineno": 1262, "samples_count": 35635200, "lr": 1.8120833333333333e-07}}
:::MLLOG {"namespace": "", "time_ms": 1790257387864, "event_type": "POINT_IN_TIME", "key": "train_loss", "value": 0.13111084699630737, "metadata": {"file": "/workspace/recommendation/generative_recommenders/dlrm_v4/utils.py", "lineno": 1262, "samples_count": 36044800, "lr": 1.8329166666666666e-07}}
:::MLLOG {"namespace": "", "time_ms": 1790257413519, "event_type": "POINT_IN_TIME", "key": "train_loss", "value": 0.13344798982143402, "metadata": {"file": "/workspace/recommendation/generative_recommenders/dlrm_v4/utils.py", "lineno": 1262, "samples_count": 36454400, "lr": 1.85375e-07}}
:::MLLOG {"namespace": "", "time_ms": 1790257438294, "event_type": "POINT_IN_TIME", "key": "train_loss", "value": 0.1377594769001007, "metadata": {"file": "/workspace/recommendation/generative_recommenders/dlrm_v4/utils.py", "lineno": 1262, "samples_count": 36864000, "lr": 1.8745833333333333e-07}}
:::MLLOG {"namespace": "", "time_ms": 1790257463063, "event_type": "POINT_IN_TIME", "key": "train_loss", "value": 0.13257285952568054, "metadata": {"file": "/workspace/recommendation/generative_recommenders/dlrm_v4/utils.py", "lineno": 1262, "samples_count": 37273600, "lr": 1.8954166666666665e-07}}
:::MLLOG {"namespace": "", "time_ms": 1790257487814, "event_type": "POINT_IN_TIME", "key": "train_loss", "value": 0.13212837278842926, "metadata": {"file": "/workspace/recommendation/generative_recommenders/dlrm_v4/utils.py", "lineno": 1262, "samples_count": 37683200, "lr": 1.9162499999999997e-07}}
:::MLLOG {"namespace": "", "time_ms": 1790257512993, "event_type": "POINT_IN_TIME", "key": "train_loss", "value": 0.12920501828193665, "metadata": {"file": "/workspace/recommendation/generative_recommenders/dlrm_v4/utils.py", "lineno": 1262, "samples_count": 38092800, "lr": 1.9370833333333335e-07}}
:::MLLOG {"namespace": "", "time_ms": 1790257538141, "event_type": "POINT_IN_TIME", "key": "train_loss", "value": 0.13374409079551697, "metadata": {"file": "/workspace/recommendation/generative_recommenders/dlrm_v4/utils.py", "lineno": 1262, "samples_count": 38502400, "lr": 1.9579166666666667e-07}}
:::MLLOG {"namespace": "", "time_ms": 1790257563435, "event_type": "POINT_IN_TIME", "key": "train_loss", "value": 0.12857398390769958, "metadata": {"file": "/workspace/recommendation/generative_recommenders/dlrm_v4/utils.py", "lineno": 1262, "samples_count": 38912000, "lr": 1.97875e-07}}
:::MLLOG {"namespace": "", "time_ms": 1790257588483, "event_type": "POINT_IN_TIME", "key": "train_loss", "value": 0.1349172294139862, "metadata": {"file": "/workspace/recommendation/generative_recommenders/dlrm_v4/utils.py", "lineno": 1262, "samples_count": 39321600, "lr": 1.999583333333333e-07}}
:::MLLOG {"namespace": "", "time_ms": 1790257613496, "event_type": "POINT_IN_TIME", "key": "train_loss", "value": 0.13663490116596222, "metadata": {"file": "/workspace/recommendation/generative_recommenders/dlrm_v4/utils.py", "lineno": 1262, "samples_count": 39731200, "lr": 2.0204166666666666e-07}}
:::MLLOG {"namespace": "", "time_ms": 1790257638368, "event_type": "POINT_IN_TIME", "key": "train_loss", "value": 0.12578164041042328, "metadata": {"file": "/workspace/recommendation/generative_recommenders/dlrm_v4/utils.py", "lineno": 1262, "samples_count": 40140800, "lr": 2.0412499999999998e-07}}
:::MLLOG {"namespace": "", "time_ms": 1790257663443, "event_type": "POINT_IN_TIME", "key": "train_loss", "value": 0.13214993476867676, "metadata": {"file": "/workspace/recommendation/generative_recommenders/dlrm_v4/utils.py", "lineno": 1262, "samples_count": 40550400, "lr": 2.062083333333333e-07}}
:::MLLOG {"namespace": "", "time_ms": 1790257688891, "event_type": "POINT_IN_TIME", "key": "train_loss", "value": 0.12683813273906708, "metadata": {"file": "/workspace/recommendation/generative_recommenders/dlrm_v4/utils.py", "lineno": 1262, "samples_count": 40960000, "lr": 2.0829166666666668e-07}}
:::MLLOG {"namespace": "", "time_ms": 1790257713773, "event_type": "POINT_IN_TIME", "key": "train_loss", "value": 0.13472267985343933, "metadata": {"file": "/workspace/recommendation/generative_recommenders/dlrm_v4/utils.py", "lineno": 1262, "samples_count": 41369600, "lr": 2.10375e-07}}
:::MLLOG {"namespace": "", "time_ms": 1790257739208, "event_type": "POINT_IN_TIME", "key": "train_loss", "value": 0.13340723514556885, "metadata": {"file": "/workspace/recommendation/generative_recommenders/dlrm_v4/utils.py", "lineno": 1262, "samples_count": 41779200, "lr": 2.1245833333333332e-07}}
:::MLLOG {"namespace": "", "time_ms": 1790257764310, "event_type": "POINT_IN_TIME", "key": "train_loss", "value": 0.1347883939743042, "metadata": {"file": "/workspace/recommendation/generative_recommenders/dlrm_v4/utils.py", "lineno": 1262, "samples_count": 42188800, "lr": 2.1454166666666665e-07}}
:::MLLOG {"namespace": "", "time_ms": 1790257789408, "event_type": "POINT_IN_TIME", "key": "train_loss", "value": 0.134818434715271, "metadata": {"file": "/workspace/recommendation/generative_recommenders/dlrm_v4/utils.py", "lineno": 1262, "samples_count": 42598400, "lr": 2.16625e-07}}
:::MLLOG {"namespace": "", "time_ms": 1790257814653, "event_type": "POINT_IN_TIME", "key": "train_loss", "value": 0.13051310181617737, "metadata": {"file": "/workspace/recommendation/generative_recommenders/dlrm_v4/utils.py", "lineno": 1262, "samples_count": 43008000, "lr": 2.1870833333333332e-07}}
:::MLLOG {"namespace": "", "time_ms": 1790257839925, "event_type": "POINT_IN_TIME", "key": "train_loss", "value": 0.14002327620983124, "metadata": {"file": "/workspace/recommendation/generative_recommenders/dlrm_v4/utils.py", "lineno": 1262, "samples_count": 43417600, "lr": 2.2079166666666667e-07}}
:::MLLOG {"namespace": "", "time_ms": 1790257865265, "event_type": "POINT_IN_TIME", "key": "train_loss", "value": 0.1331658661365509, "metadata": {"file": "/workspace/recommendation/generative_recommenders/dlrm_v4/utils.py", "lineno": 1262, "samples_count": 43827200, "lr": 2.22875e-07}}
:::MLLOG {"namespace": "", "time_ms": 1790257890445, "event_type": "POINT_IN_TIME", "key": "train_loss", "value": 0.13901609182357788, "metadata": {"file": "/workspace/recommendation/generative_recommenders/dlrm_v4/utils.py", "lineno": 1262, "samples_count": 44236800, "lr": 2.2495833333333334e-07}}
:::MLLOG {"namespace": "", "time_ms": 1790257916545, "event_type": "POINT_IN_TIME", "key": "train_loss", "value": 0.1266297698020935, "metadata": {"file": "/workspace/recommendation/generative_recommenders/dlrm_v4/utils.py", "lineno": 1262, "samples_count": 44646400, "lr": 2.2704166666666666e-07}}
:::MLLOG {"namespace": "", "time_ms": 1790257942201, "event_type": "POINT_IN_TIME", "key": "train_loss", "value": 0.13424110412597656, "metadata": {"file": "/workspace/recommendation/generative_recommenders/dlrm_v4/utils.py", "lineno": 1262, "samples_count": 45056000, "lr": 2.2912499999999998e-07}}
:::MLLOG {"namespace": "", "time_ms": 1790257968037, "event_type": "POINT_IN_TIME", "key": "train_loss", "value": 0.13409355282783508, "metadata": {"file": "/workspace/recommendation/generative_recommenders/dlrm_v4/utils.py", "lineno": 1262, "samples_count": 45465600, "lr": 2.312083333333333e-07}}
:::MLLOG {"namespace": "", "time_ms": 1790257993881, "event_type": "POINT_IN_TIME", "key": "train_loss", "value": 0.13321247696876526, "metadata": {"file": "/workspace/recommendation/generative_recommenders/dlrm_v4/utils.py", "lineno": 1262, "samples_count": 45875200, "lr": 2.3329166666666665e-07}}
:::MLLOG {"namespace": "", "time_ms": 1790258019735, "event_type": "POINT_IN_TIME", "key": "train_loss", "value": 0.1365569531917572, "metadata": {"file": "/workspace/recommendation/generative_recommenders/dlrm_v4/utils.py", "lineno": 1262, "samples_count": 46284800, "lr": 2.35375e-07}}
:::MLLOG {"namespace": "", "time_ms": 1790258045602, "event_type": "POINT_IN_TIME", "key": "train_loss", "value": 0.13504652678966522, "metadata": {"file": "/workspace/recommendation/generative_recommenders/dlrm_v4/utils.py", "lineno": 1262, "samples_count": 46694400, "lr": 2.3745833333333332e-07}}
:::MLLOG {"namespace": "", "time_ms": 1790258071563, "event_type": "POINT_IN_TIME", "key": "train_loss", "value": 0.1362023949623108, "metadata": {"file": "/workspace/recommendation/generative_recommenders/dlrm_v4/utils.py", "lineno": 1262, "samples_count": 47104000, "lr": 2.3954166666666665e-07}}
:::MLLOG {"namespace": "", "time_ms": 1790258097354, "event_type": "POINT_IN_TIME", "key": "train_loss", "value": 0.1321805715560913, "metadata": {"file": "/workspace/recommendation/generative_recommenders/dlrm_v4/utils.py", "lineno": 1262, "samples_count": 47513600, "lr": 2.41625e-07}}
:::MLLOG {"namespace": "", "time_ms": 1790258123176, "event_type": "POINT_IN_TIME", "key": "train_loss", "value": 0.128085657954216, "metadata": {"file": "/workspace/recommendation/generative_recommenders/dlrm_v4/utils.py", "lineno": 1262, "samples_count": 47923200, "lr": 2.4370833333333334e-07}}
:::MLLOG {"namespace": "", "time_ms": 1790258149081, "event_type": "POINT_IN_TIME", "key": "train_loss", "value": 0.131020188331604, "metadata": {"file": "/workspace/recommendation/generative_recommenders/dlrm_v4/utils.py", "lineno": 1262, "samples_count": 48332800, "lr": 2.4579166666666664e-07}}
:::MLLOG {"namespace": "", "time_ms": 1790258174996, "event_type": "POINT_IN_TIME", "key": "train_loss", "value": 0.13159175217151642, "metadata": {"file": "/workspace/recommendation/generative_recommenders/dlrm_v4/utils.py", "lineno": 1262, "samples_count": 48742400, "lr": 2.47875e-07}}
:::MLLOG {"namespace": "", "time_ms": 1790258200680, "event_type": "POINT_IN_TIME", "key": "train_loss", "value": 0.12874744832515717, "metadata": {"file": "/workspace/recommendation/generative_recommenders/dlrm_v4/utils.py", "lineno": 1262, "samples_count": 49152000, "lr": 2.4995833333333334e-07}}
:::MLLOG {"namespace": "", "time_ms": 1790258226224, "event_type": "POINT_IN_TIME", "key": "train_loss", "value": 0.12619926035404205, "metadata": {"file": "/workspace/recommendation/generative_recommenders/dlrm_v4/utils.py", "lineno": 1262, "samples_count": 49561600, "lr": 2.5204166666666663e-07}}
:::MLLOG {"namespace": "", "time_ms": 1790258251448, "event_type": "POINT_IN_TIME", "key": "train_loss", "value": 0.13016732037067413, "metadata": {"file": "/workspace/recommendation/generative_recommenders/dlrm_v4/utils.py", "lineno": 1262, "samples_count": 49971200, "lr": 2.54125e-07}}
:::MLLOG {"namespace": "", "time_ms": 1790258276530, "event_type": "POINT_IN_TIME", "key": "train_loss", "value": 0.12353628128767014, "metadata": {"file": "/workspace/recommendation/generative_recommenders/dlrm_v4/utils.py", "lineno": 1262, "samples_count": 50380800, "lr": 2.5620833333333333e-07}}
:::MLLOG {"namespace": "", "time_ms": 1790258301617, "event_type": "POINT_IN_TIME", "key": "train_loss", "value": 0.12592864036560059, "metadata": {"file": "/workspace/recommendation/generative_recommenders/dlrm_v4/utils.py", "lineno": 1262, "samples_count": 50790400, "lr": 2.582916666666666e-07}}
:::MLLOG {"namespace": "", "time_ms": 1790258326959, "event_type": "POINT_IN_TIME", "key": "train_loss", "value": 0.14057227969169617, "metadata": {"file": "/workspace/recommendation/generative_recommenders/dlrm_v4/utils.py", "lineno": 1262, "samples_count": 51200000, "lr": 2.6037500000000003e-07}}
:::MLLOG {"namespace": "", "time_ms": 1790258352163, "event_type": "POINT_IN_TIME", "key": "train_loss", "value": 0.12917686998844147, "metadata": {"file": "/workspace/recommendation/generative_recommenders/dlrm_v4/utils.py", "lineno": 1262, "samples_count": 51609600, "lr": 2.624583333333333e-07}}
:::MLLOG {"namespace": "", "time_ms": 1790258377648, "event_type": "POINT_IN_TIME", "key": "train_loss", "value": 0.12292619794607162, "metadata": {"file": "/workspace/recommendation/generative_recommenders/dlrm_v4/utils.py", "lineno": 1262, "samples_count": 52019200, "lr": 2.6454166666666667e-07}}
:::MLLOG {"namespace": "", "time_ms": 1790258403351, "event_type": "POINT_IN_TIME", "key": "train_loss", "value": 0.11671458184719086, "metadata": {"file": "/workspace/recommendation/generative_recommenders/dlrm_v4/utils.py", "lineno": 1262, "samples_count": 52428800, "lr": 2.6662499999999997e-07}}
:::MLLOG {"namespace": "", "time_ms": 1790258428646, "event_type": "POINT_IN_TIME", "key": "train_loss", "value": 0.13447897136211395, "metadata": {"file": "/workspace/recommendation/generative_recommenders/dlrm_v4/utils.py", "lineno": 1262, "samples_count": 52838400, "lr": 2.687083333333333e-07}}
:::MLLOG {"namespace": "", "time_ms": 1790258453638, "event_type": "POINT_IN_TIME", "key": "train_loss", "value": 0.12678183615207672, "metadata": {"file": "/workspace/recommendation/generative_recommenders/dlrm_v4/utils.py", "lineno": 1262, "samples_count": 53248000, "lr": 2.7079166666666666e-07}}
:::MLLOG {"namespace": "", "time_ms": 1790258478724, "event_type": "POINT_IN_TIME", "key": "train_loss", "value": 0.12292560189962387, "metadata": {"file": "/workspace/recommendation/generative_recommenders/dlrm_v4/utils.py", "lineno": 1262, "samples_count": 53657600, "lr": 2.7287499999999996e-07}}
:::MLLOG {"namespace": "", "time_ms": 1790258503760, "event_type": "POINT_IN_TIME", "key": "train_loss", "value": 0.11971493065357208, "metadata": {"file": "/workspace/recommendation/generative_recommenders/dlrm_v4/utils.py", "lineno": 1262, "samples_count": 54067200, "lr": 2.7495833333333336e-07}}
:::MLLOG {"namespace": "", "time_ms": 1790258529180, "event_type": "POINT_IN_TIME", "key": "train_loss", "value": 0.1276317536830902, "metadata": {"file": "/workspace/recommendation/generative_recommenders/dlrm_v4/utils.py", "lineno": 1262, "samples_count": 54476800, "lr": 2.7704166666666666e-07}}
:::MLLOG {"namespace": "", "time_ms": 1790258554492, "event_type": "POINT_IN_TIME", "key": "train_loss", "value": 0.1260821670293808, "metadata": {"file": "/workspace/recommendation/generative_recommenders/dlrm_v4/utils.py", "lineno": 1262, "samples_count": 54886400, "lr": 2.79125e-07}}
:::MLLOG {"namespace": "", "time_ms": 1790258579753, "event_type": "POINT_IN_TIME", "key": "train_loss", "value": 0.12359309196472168, "metadata": {"file": "/workspace/recommendation/generative_recommenders/dlrm_v4/utils.py", "lineno": 1262, "samples_count": 55296000, "lr": 2.812083333333333e-07}}
:::MLLOG {"namespace": "", "time_ms": 1790258605406, "event_type": "POINT_IN_TIME", "key": "train_loss", "value": 0.12003161758184433, "metadata": {"file": "/workspace/recommendation/generative_recommenders/dlrm_v4/utils.py", "lineno": 1262, "samples_count": 55705600, "lr": 2.8329166666666665e-07}}
:::MLLOG {"namespace": "", "time_ms": 1790258630737, "event_type": "POINT_IN_TIME", "key": "train_loss", "value": 0.12139225006103516, "metadata": {"file": "/workspace/recommendation/generative_recommenders/dlrm_v4/utils.py", "lineno": 1262, "samples_count": 56115200, "lr": 2.85375e-07}}
:::MLLOG {"namespace": "", "time_ms": 1790258655857, "event_type": "POINT_IN_TIME", "key": "train_loss", "value": 0.12352237105369568, "metadata": {"file": "/workspace/recommendation/generative_recommenders/dlrm_v4/utils.py", "lineno": 1262, "samples_count": 56524800, "lr": 2.874583333333333e-07}}
:::MLLOG {"namespace": "", "time_ms": 1790258680969, "event_type": "POINT_IN_TIME", "key": "train_loss", "value": 0.11793552339076996, "metadata": {"file": "/workspace/recommendation/generative_recommenders/dlrm_v4/utils.py", "lineno": 1262, "samples_count": 56934400, "lr": 2.8954166666666664e-07}}
:::MLLOG {"namespace": "", "time_ms": 1790258706215, "event_type": "POINT_IN_TIME", "key": "train_loss", "value": 0.12230390310287476, "metadata": {"file": "/workspace/recommendation/generative_recommenders/dlrm_v4/utils.py", "lineno": 1262, "samples_count": 57344000, "lr": 2.91625e-07}}
:::MLLOG {"namespace": "", "time_ms": 1790258706224, "event_type": "INTERVAL_END", "key": "block_stop", "value": null, "metadata": {"file": "/workspace/recommendation/generative_recommenders/dlrm_v4/train/mlperf_logging_utils.py", "lineno": 336, "samples_count": 57344000, "epoch_num": 0.02503191605309833}}
:::MLLOG {"namespace": "", "time_ms": 1790258706228, "event_type": "INTERVAL_START", "key": "eval_start", "value": null, "metadata": {"file": "/workspace/recommendation/generative_recommenders/dlrm_v4/train/mlperf_logging_utils.py", "lineno": 343, "samples_count": 57344000, "epoch_num": 0.02503191605309833}}
:::MLLOG {"namespace": "", "time_ms": 1790258929890, "event_type": "POINT_IN_TIME", "key": "eval_accuracy", "value": 0.6380585432052612, "metadata": {"file": "/workspace/recommendation/generative_recommenders/dlrm_v4/train/mlperf_logging_utils.py", "lineno": 384, "samples_count": 57344000, "epoch_num": 0.02503191605309833}}
:::MLLOG {"namespace": "", "time_ms": 1790258930103, "event_type": "INTERVAL_END", "key": "eval_stop", "value": null, "metadata": {"file": "/workspace/recommendation/generative_recommenders/dlrm_v4/train/mlperf_logging_utils.py", "lineno": 387, "samples_count": 57344000, "epoch_num": 0.02503191605309833}}
:::MLLOG {"namespace": "", "time_ms": 1790258930108, "event_type": "INTERVAL_START", "key": "block_start", "value": null, "metadata": {"file": "/workspace/recommendation/generative_recommenders/dlrm_v4/train/mlperf_logging_utils.py", "lineno": 329, "samples_count": 57344000, "epoch_num": 0.02503191605309833}}
:::MLLOG {"namespace": "", "time_ms": 1790258955560, "event_type": "POINT_IN_TIME", "key": "train_loss", "value": 0.11924641579389572, "metadata": {"file": "/workspace/recommendation/generative_recommenders/dlrm_v4/utils.py", "lineno": 1262, "samples_count": 57753600, "lr": 2.9370833333333334e-07}}
:::MLLOG {"namespace": "", "time_ms": 1790258980950, "event_type": "POINT_IN_TIME", "key": "train_loss", "value": 0.12221799790859222, "metadata": {"file": "/workspace/recommendation/generative_recommenders/dlrm_v4/utils.py", "lineno": 1262, "samples_count": 58163200, "lr": 2.9579166666666664e-07}}
:::MLLOG {"namespace": "", "time_ms": 1790259006132, "event_type": "POINT_IN_TIME", "key": "train_loss", "value": 0.11750423908233643, "metadata": {"file": "/workspace/recommendation/generative_recommenders/dlrm_v4/utils.py", "lineno": 1262, "samples_count": 58572800, "lr": 2.97875e-07}}
:::MLLOG {"namespace": "", "time_ms": 1790259031543, "event_type": "POINT_IN_TIME", "key": "train_loss", "value": 0.11089495569467545, "metadata": {"file": "/workspace/recommendation/generative_recommenders/dlrm_v4/utils.py", "lineno": 1262, "samples_count": 58982400, "lr": 2.9995833333333333e-07}}
:::MLLOG {"namespace": "", "time_ms": 1790259057397, "event_type": "POINT_IN_TIME", "key": "train_loss", "value": 0.10817133635282516, "metadata": {"file": "/workspace/recommendation/generative_recommenders/dlrm_v4/utils.py", "lineno": 1262, "samples_count": 59392000, "lr": 3.0204166666666663e-07}}
:::MLLOG {"namespace": "", "time_ms": 1790259072519, "event_type": "INTERVAL_END", "key": "block_stop", "value": null, "metadata": {"file": "/workspace/recommendation/generative_recommenders/dlrm_v4/train/mlperf_logging_utils.py", "lineno": 336, "samples_count": 59637760, "epoch_num": 0.026033192695222262}}
:::MLLOG {"namespace": "", "time_ms": 1790259072529, "event_type": "INTERVAL_START", "key": "eval_start", "value": null, "metadata": {"file": "/workspace/recommendation/generative_recommenders/dlrm_v4/train/mlperf_logging_utils.py", "lineno": 343, "samples_count": 59637760, "epoch_num": 0.026033192695222262}}
:::MLLOG {"namespace": "", "time_ms": 1790259170815, "event_type": "POINT_IN_TIME", "key": "eval_accuracy", "value": 0.670612633228302, "metadata": {"file": "/workspace/recommendation/generative_recommenders/dlrm_v4/train/mlperf_logging_utils.py", "lineno": 384, "samples_count": 59637760, "epoch_num": 0.026033192695222262}}
:::MLLOG {"namespace": "", "time_ms": 1790259170824, "event_type": "INTERVAL_END", "key": "eval_stop", "value": null, "metadata": {"file": "/workspace/recommendation/generative_recommenders/dlrm_v4/train/mlperf_logging_utils.py", "lineno": 387, "samples_count": 59637760, "epoch_num": 0.026033192695222262}}
:::MLLOG {"namespace": "", "time_ms": 1790259170828, "event_type": "INTERVAL_START", "key": "block_start", "value": null, "metadata": {"file": "/workspace/recommendation/generative_recommenders/dlrm_v4/train/mlperf_logging_utils.py", "lineno": 329, "samples_count": 59637760, "epoch_num": 0.026033192695222262}}
:::MLLOG {"namespace": "", "time_ms": 1790259180907, "event_type": "POINT_IN_TIME", "key": "train_loss", "value": 0.11949323862791061, "metadata": {"file": "/workspace/recommendation/generative_recommenders/dlrm_v4/utils.py", "lineno": 1262, "samples_count": 59801600, "lr": 3.04125e-07}}
:::MLLOG {"namespace": "", "time_ms": 1790259206059, "event_type": "POINT_IN_TIME", "key": "train_loss", "value": 0.11274566501379013, "metadata": {"file": "/workspace/recommendation/generative_recommenders/dlrm_v4/utils.py", "lineno": 1262, "samples_count": 60211200, "lr": 3.0620833333333333e-07}}
:::MLLOG {"namespace": "", "time_ms": 1790259231327, "event_type": "POINT_IN_TIME", "key": "train_loss", "value": 0.12060584872961044, "metadata": {"file": "/workspace/recommendation/generative_recommenders/dlrm_v4/utils.py", "lineno": 1262, "samples_count": 60620800, "lr": 3.082916666666667e-07}}
:::MLLOG {"namespace": "", "time_ms": 1790259256910, "event_type": "POINT_IN_TIME", "key": "train_loss", "value": 0.12290581315755844, "metadata": {"file": "/workspace/recommendation/generative_recommenders/dlrm_v4/utils.py", "lineno": 1262, "samples_count": 61030400, "lr": 3.1037499999999997e-07}}
:::MLLOG {"namespace": "", "time_ms": 1790259282438, "event_type": "POINT_IN_TIME", "key": "train_loss", "value": 0.11281561851501465, "metadata": {"file": "/workspace/recommendation/generative_recommenders/dlrm_v4/utils.py", "lineno": 1262, "samples_count": 61440000, "lr": 3.124583333333333e-07}}
:::MLLOG {"namespace": "", "time_ms": 1790259308204, "event_type": "POINT_IN_TIME", "key": "train_loss", "value": 0.11554136872291565, "metadata": {"file": "/workspace/recommendation/generative_recommenders/dlrm_v4/utils.py", "lineno": 1262, "samples_count": 61849600, "lr": 3.1454166666666667e-07}}
:::MLLOG {"namespace": "", "time_ms": 1790259313382, "event_type": "INTERVAL_END", "key": "block_stop", "value": null, "metadata": {"file": "/workspace/recommendation/generative_recommenders/dlrm_v4/train/mlperf_logging_utils.py", "lineno": 336, "samples_count": 61931520, "epoch_num": 0.027034469337346195}}
:::MLLOG {"namespace": "", "time_ms": 1790259313392, "event_type": "INTERVAL_START", "key": "eval_start", "value": null, "metadata": {"file": "/workspace/recommendation/generative_recommenders/dlrm_v4/train/mlperf_logging_utils.py", "lineno": 343, "samples_count": 61931520, "epoch_num": 0.027034469337346195}}
:::MLLOG {"namespace": "", "time_ms": 1790259414073, "event_type": "POINT_IN_TIME", "key": "eval_accuracy", "value": 0.7208401560783386, "metadata": {"file": "/workspace/recommendation/generative_recommenders/dlrm_v4/train/mlperf_logging_utils.py", "lineno": 384, "samples_count": 61931520, "epoch_num": 0.027034469337346195}}
:::MLLOG {"namespace": "", "time_ms": 1790259414087, "event_type": "INTERVAL_END", "key": "eval_stop", "value": null, "metadata": {"file": "/workspace/recommendation/generative_recommenders/dlrm_v4/train/mlperf_logging_utils.py", "lineno": 387, "samples_count": 61931520, "epoch_num": 0.027034469337346195}}
:::MLLOG {"namespace": "", "time_ms": 1790259414091, "event_type": "INTERVAL_START", "key": "block_start", "value": null, "metadata": {"file": "/workspace/recommendation/generative_recommenders/dlrm_v4/train/mlperf_logging_utils.py", "lineno": 329, "samples_count": 61931520, "epoch_num": 0.027034469337346195}}
:::MLLOG {"namespace": "", "time_ms": 1790259434621, "event_type": "POINT_IN_TIME", "key": "train_loss", "value": 0.11859719455242157, "metadata": {"file": "/workspace/recommendation/generative_recommenders/dlrm_v4/utils.py", "lineno": 1262, "samples_count": 62259200, "lr": 3.1662499999999996e-07}}
:::MLLOG {"namespace": "", "time_ms": 1790259460284, "event_type": "POINT_IN_TIME", "key": "train_loss", "value": 0.11586688458919525, "metadata": {"file": "/workspace/recommendation/generative_recommenders/dlrm_v4/utils.py", "lineno": 1262, "samples_count": 62668800, "lr": 3.187083333333333e-07}}
:::MLLOG {"namespace": "", "time_ms": 1790259485734, "event_type": "POINT_IN_TIME", "key": "train_loss", "value": 0.1178959533572197, "metadata": {"file": "/workspace/recommendation/generative_recommenders/dlrm_v4/utils.py", "lineno": 1262, "samples_count": 63078400, "lr": 3.207916666666666e-07}}
:::MLLOG {"namespace": "", "time_ms": 1790259511144, "event_type": "POINT_IN_TIME", "key": "train_loss", "value": 0.11872148513793945, "metadata": {"file": "/workspace/recommendation/generative_recommenders/dlrm_v4/utils.py", "lineno": 1262, "samples_count": 63488000, "lr": 3.22875e-07}}
:::MLLOG {"namespace": "", "time_ms": 1790259536298, "event_type": "POINT_IN_TIME", "key": "train_loss", "value": 0.11542829871177673, "metadata": {"file": "/workspace/recommendation/generative_recommenders/dlrm_v4/utils.py", "lineno": 1262, "samples_count": 63897600, "lr": 3.2495833333333336e-07}}
:::MLLOG {"namespace": "", "time_ms": 1790259556864, "event_type": "INTERVAL_END", "key": "block_stop", "value": null, "metadata": {"file": "/workspace/recommendation/generative_recommenders/dlrm_v4/train/mlperf_logging_utils.py", "lineno": 336, "samples_count": 64225280, "epoch_num": 0.028035745979470127}}
:::MLLOG {"namespace": "", "time_ms": 1790259556874, "event_type": "INTERVAL_START", "key": "eval_start", "value": null, "metadata": {"file": "/workspace/recommendation/generative_recommenders/dlrm_v4/train/mlperf_logging_utils.py", "lineno": 343, "samples_count": 64225280, "epoch_num": 0.028035745979470127}}
:::MLLOG {"namespace": "", "time_ms": 1790259655287, "event_type": "POINT_IN_TIME", "key": "eval_accuracy", "value": 0.7443260550498962, "metadata": {"file": "/workspace/recommendation/generative_recommenders/dlrm_v4/train/mlperf_logging_utils.py", "lineno": 384, "samples_count": 64225280, "epoch_num": 0.028035745979470127}}
:::MLLOG {"namespace": "", "time_ms": 1790259655296, "event_type": "INTERVAL_END", "key": "eval_stop", "value": null, "metadata": {"file": "/workspace/recommendation/generative_recommenders/dlrm_v4/train/mlperf_logging_utils.py", "lineno": 387, "samples_count": 64225280, "epoch_num": 0.028035745979470127}}
:::MLLOG {"namespace": "", "time_ms": 1790259655300, "event_type": "INTERVAL_START", "key": "block_start", "value": null, "metadata": {"file": "/workspace/recommendation/generative_recommenders/dlrm_v4/train/mlperf_logging_utils.py", "lineno": 329, "samples_count": 64225280, "epoch_num": 0.028035745979470127}}
:::MLLOG {"namespace": "", "time_ms": 1790259660467, "event_type": "POINT_IN_TIME", "key": "train_loss", "value": 0.11294645071029663, "metadata": {"file": "/workspace/recommendation/generative_recommenders/dlrm_v4/utils.py", "lineno": 1262, "samples_count": 64307200, "lr": 3.2704166666666666e-07}}
:::MLLOG {"namespace": "", "time_ms": 1790259686343, "event_type": "POINT_IN_TIME", "key": "train_loss", "value": 0.1148114874958992, "metadata": {"file": "/workspace/recommendation/generative_recommenders/dlrm_v4/utils.py", "lineno": 1262, "samples_count": 64716800, "lr": 3.29125e-07}}
:::MLLOG {"namespace": "", "time_ms": 1790259711923, "event_type": "POINT_IN_TIME", "key": "train_loss", "value": 0.10835832357406616, "metadata": {"file": "/workspace/recommendation/generative_recommenders/dlrm_v4/utils.py", "lineno": 1262, "samples_count": 65126400, "lr": 3.312083333333333e-07}}
:::MLLOG {"namespace": "", "time_ms": 1790259738691, "event_type": "POINT_IN_TIME", "key": "train_loss", "value": 0.1078810766339302, "metadata": {"file": "/workspace/recommendation/generative_recommenders/dlrm_v4/utils.py", "lineno": 1262, "samples_count": 65536000, "lr": 3.3329166666666665e-07}}
:::MLLOG {"namespace": "", "time_ms": 1790259766909, "event_type": "POINT_IN_TIME", "key": "train_loss", "value": 0.12334679067134857, "metadata": {"file": "/workspace/recommendation/generative_recommenders/dlrm_v4/utils.py", "lineno": 1262, "samples_count": 65945600, "lr": 3.3537499999999994e-07}}
:::MLLOG {"namespace": "", "time_ms": 1790259793057, "event_type": "POINT_IN_TIME", "key": "train_loss", "value": 0.12647974491119385, "metadata": {"file": "/workspace/recommendation/generative_recommenders/dlrm_v4/utils.py", "lineno": 1262, "samples_count": 66355200, "lr": 3.3745833333333335e-07}}
:::MLLOG {"namespace": "", "time_ms": 1790259803581, "event_type": "INTERVAL_END", "key": "block_stop", "value": null, "metadata": {"file": "/workspace/recommendation/generative_recommenders/dlrm_v4/train/mlperf_logging_utils.py", "lineno": 336, "samples_count": 66519040, "epoch_num": 0.02903702262159406}}
:::MLLOG {"namespace": "", "time_ms": 1790259803590, "event_type": "INTERVAL_START", "key": "eval_start", "value": null, "metadata": {"file": "/workspace/recommendation/generative_recommenders/dlrm_v4/train/mlperf_logging_utils.py", "lineno": 343, "samples_count": 66519040, "epoch_num": 0.02903702262159406}}
:::MLLOG {"namespace": "", "time_ms": 1790259897149, "event_type": "POINT_IN_TIME", "key": "eval_accuracy", "value": 0.7541582584381104, "metadata": {"file": "/workspace/recommendation/generative_recommenders/dlrm_v4/train/mlperf_logging_utils.py", "lineno": 384, "samples_count": 66519040, "epoch_num": 0.02903702262159406}}
:::MLLOG {"namespace": "", "time_ms": 1790259897602, "event_type": "INTERVAL_END", "key": "eval_stop", "value": null, "metadata": {"file": "/workspace/recommendation/generative_recommenders/dlrm_v4/train/mlperf_logging_utils.py", "lineno": 387, "samples_count": 66519040, "epoch_num": 0.02903702262159406}}
:::MLLOG {"namespace": "", "time_ms": 1790259897605, "event_type": "INTERVAL_END", "key": "run_stop", "value": null, "metadata": {"file": "/workspace/recommendation/generative_recommenders/dlrm_v4/train/mlperf_logging_utils.py", "lineno": 368, "status": "success", "samples_count": 66519040, "epoch_num": 0.02903702262159406}}
