:::MLLOG {"namespace": "", "time_ms": 1790243504979, "event_type": "POINT_IN_TIME", "key": "cache_clear", "value": true, "metadata": {"file": "/workspace/recommendation/generative_recommenders/dlrm_v4/train/train_ranker.py", "lineno": 104}}
:::MLLOG {"namespace": "", "time_ms": 1790243505062, "event_type": "INTERVAL_START", "key": "init_start", "value": null, "metadata": {"file": "/workspace/recommendation/generative_recommenders/dlrm_v4/train/train_ranker.py", "lineno": 105}}
:::MLLOG {"namespace": "", "time_ms": 1790243520240, "event_type": "POINT_IN_TIME", "key": "submission_benchmark", "value": "dlrmv4", "metadata": {"file": "/workspace/recommendation/generative_recommenders/dlrm_v4/train/mlperf_logging_utils.py", "lineno": 153}}
:::MLLOG {"namespace": "", "time_ms": 1790243520248, "event_type": "POINT_IN_TIME", "key": "submission_org", "value": "AMD", "metadata": {"file": "/workspace/recommendation/generative_recommenders/dlrm_v4/train/mlperf_logging_utils.py", "lineno": 154}}
:::MLLOG {"namespace": "", "time_ms": 1790243520252, "event_type": "POINT_IN_TIME", "key": "submission_division", "value": "closed", "metadata": {"file": "/workspace/recommendation/generative_recommenders/dlrm_v4/train/mlperf_logging_utils.py", "lineno": 155}}
:::MLLOG {"namespace": "", "time_ms": 1790243520254, "event_type": "POINT_IN_TIME", "key": "submission_status", "value": "onprem", "metadata": {"file": "/workspace/recommendation/generative_recommenders/dlrm_v4/train/mlperf_logging_utils.py", "lineno": 156}}
:::MLLOG {"namespace": "", "time_ms": 1790243520257, "event_type": "POINT_IN_TIME", "key": "submission_platform", "value": "GB300", "metadata": {"file": "/workspace/recommendation/generative_recommenders/dlrm_v4/train/mlperf_logging_utils.py", "lineno": 157}}
:::MLLOG {"namespace": "", "time_ms": 1790243520260, "event_type": "POINT_IN_TIME", "key": "global_batch_size", "value": 8192, "metadata": {"file": "/workspace/recommendation/generative_recommenders/dlrm_v4/train/mlperf_logging_utils.py", "lineno": 179}}
:::MLLOG {"namespace": "", "time_ms": 1790243520263, "event_type": "POINT_IN_TIME", "key": "gradient_accumulation_steps", "value": 1, "metadata": {"file": "/workspace/recommendation/generative_recommenders/dlrm_v4/train/mlperf_logging_utils.py", "lineno": 180}}
:::MLLOG {"namespace": "", "time_ms": 1790243520266, "event_type": "POINT_IN_TIME", "key": "seed", "value": 12838, "metadata": {"file": "/workspace/recommendation/generative_recommenders/dlrm_v4/train/mlperf_logging_utils.py", "lineno": 183}}
:::MLLOG {"namespace": "", "time_ms": 1790243520269, "event_type": "POINT_IN_TIME", "key": "opt_name", "value": "Adam", "metadata": {"file": "/workspace/recommendation/generative_recommenders/dlrm_v4/train/mlperf_logging_utils.py", "lineno": 184}}
:::MLLOG {"namespace": "", "time_ms": 1790243520272, "event_type": "POINT_IN_TIME", "key": "opt_base_learning_rate", "value": 1e-06, "metadata": {"file": "/workspace/recommendation/generative_recommenders/dlrm_v4/train/mlperf_logging_utils.py", "lineno": 188}}
:::MLLOG {"namespace": "", "time_ms": 1790243520274, "event_type": "POINT_IN_TIME", "key": "opt_adam_beta_1", "value": 0.95, "metadata": {"file": "/workspace/recommendation/generative_recommenders/dlrm_v4/train/mlperf_logging_utils.py", "lineno": 193}}
:::MLLOG {"namespace": "", "time_ms": 1790243520277, "event_type": "POINT_IN_TIME", "key": "opt_adam_beta_2", "value": 0.999, "metadata": {"file": "/workspace/recommendation/generative_recommenders/dlrm_v4/train/mlperf_logging_utils.py", "lineno": 194}}
:::MLLOG {"namespace": "", "time_ms": 1790243520280, "event_type": "POINT_IN_TIME", "key": "opt_adam_epsilon", "value": 1e-08, "metadata": {"file": "/workspace/recommendation/generative_recommenders/dlrm_v4/train/mlperf_logging_utils.py", "lineno": 195}}
:::MLLOG {"namespace": "", "time_ms": 1790243520283, "event_type": "POINT_IN_TIME", "key": "opt_weight_decay", "value": 0.0, "metadata": {"file": "/workspace/recommendation/generative_recommenders/dlrm_v4/train/mlperf_logging_utils.py", "lineno": 199}}
:::MLLOG {"namespace": "", "time_ms": 1790243520285, "event_type": "POINT_IN_TIME", "key": "opt_gradient_clip_norm", "value": 1.0, "metadata": {"file": "/workspace/recommendation/generative_recommenders/dlrm_v4/train/mlperf_logging_utils.py", "lineno": 205}}
:::MLLOG {"namespace": "", "time_ms": 1790243520288, "event_type": "POINT_IN_TIME", "key": "opt_learning_rate_warmup_steps", "value": 24000, "metadata": {"file": "/workspace/recommendation/generative_recommenders/dlrm_v4/train/mlperf_logging_utils.py", "lineno": 209}}
:::MLLOG {"namespace": "", "time_ms": 1790243520291, "event_type": "POINT_IN_TIME", "key": "opt_learning_rate_warmup_start_lr", "value": 0.0, "metadata": {"file": "/workspace/recommendation/generative_recommenders/dlrm_v4/train/mlperf_logging_utils.py", "lineno": 215}}
:::MLLOG {"namespace": "", "time_ms": 1790243520293, "event_type": "POINT_IN_TIME", "key": "opt_sparse_name", "value": "RowWiseAdagrad", "metadata": {"file": "/workspace/recommendation/generative_recommenders/dlrm_v4/train/mlperf_logging_utils.py", "lineno": 221}}
:::MLLOG {"namespace": "", "time_ms": 1790243520296, "event_type": "POINT_IN_TIME", "key": "opt_sparse_base_learning_rate", "value": 1e-06, "metadata": {"file": "/workspace/recommendation/generative_recommenders/dlrm_v4/train/mlperf_logging_utils.py", "lineno": 227}}
:::MLLOG {"namespace": "", "time_ms": 1790243520299, "event_type": "POINT_IN_TIME", "key": "max_sequence_length", "value": 4096, "metadata": {"file": "/workspace/recommendation/generative_recommenders/dlrm_v4/train/mlperf_logging_utils.py", "lineno": 233}}
:::MLLOG {"namespace": "", "time_ms": 1790243520302, "event_type": "POINT_IN_TIME", "key": "eval_every_data_pct", "value": 0.001, "metadata": {"file": "/workspace/recommendation/generative_recommenders/dlrm_v4/train/mlperf_logging_utils.py", "lineno": 242}}
:::MLLOG {"namespace": "", "time_ms": 1790243520305, "event_type": "POINT_IN_TIME", "key": "skip_eval_epoch_pct", "value": 0.025, "metadata": {"file": "/workspace/recommendation/generative_recommenders/dlrm_v4/train/mlperf_logging_utils.py", "lineno": 248}}
:::MLLOG {"namespace": "", "time_ms": 1790243520308, "event_type": "INTERVAL_END", "key": "init_stop", "value": null, "metadata": {"file": "/workspace/recommendation/generative_recommenders/dlrm_v4/train/mlperf_logging_utils.py", "lineno": 254}}
:::MLLOG {"namespace": "", "time_ms": 1790243520311, "event_type": "INTERVAL_START", "key": "run_start", "value": null, "metadata": {"file": "/workspace/recommendation/generative_recommenders/dlrm_v4/train/mlperf_logging_utils.py", "lineno": 255}}
:::MLLOG {"namespace": "", "time_ms": 1790244397556, "event_type": "POINT_IN_TIME", "key": "train_samples", "value": 2290835423, "metadata": {"file": "/workspace/recommendation/generative_recommenders/dlrm_v4/train/mlperf_logging_utils.py", "lineno": 323}}
:::MLLOG {"namespace": "", "time_ms": 1790244397961, "event_type": "POINT_IN_TIME", "key": "eval_samples", "value": 2058204, "metadata": {"file": "/workspace/recommendation/generative_recommenders/dlrm_v4/train/mlperf_logging_utils.py", "lineno": 325}}
:::MLLOG {"namespace": "", "time_ms": 1790244398048, "event_type": "INTERVAL_START", "key": "block_start", "value": null, "metadata": {"file": "/workspace/recommendation/generative_recommenders/dlrm_v4/train/mlperf_logging_utils.py", "lineno": 329, "samples_count": 0, "epoch_num": 0.0}}
:::MLLOG {"namespace": "", "time_ms": 1790255231759, "event_type": "POINT_IN_TIME", "key": "train_loss", "value": 0.13899683952331543, "metadata": {"file": "/workspace/recommendation/generative_recommenders/dlrm_v4/utils.py", "lineno": 1262, "samples_count": 409600, "lr": 2.0416666666666663e-09}}
:::MLLOG {"namespace": "", "time_ms": 1790255255168, "event_type": "POINT_IN_TIME", "key": "train_loss", "value": 0.13833269476890564, "metadata": {"file": "/workspace/recommendation/generative_recommenders/dlrm_v4/utils.py", "lineno": 1262, "samples_count": 819200, "lr": 4.125e-09}}
:::MLLOG {"namespace": "", "time_ms": 1790255278231, "event_type": "POINT_IN_TIME", "key": "train_loss", "value": 0.13735461235046387, "metadata": {"file": "/workspace/recommendation/generative_recommenders/dlrm_v4/utils.py", "lineno": 1262, "samples_count": 1228800, "lr": 6.208333333333333e-09}}
:::MLLOG {"namespace": "", "time_ms": 1790255301496, "event_type": "POINT_IN_TIME", "key": "train_loss", "value": 0.1379004418849945, "metadata": {"file": "/workspace/recommendation/generative_recommenders/dlrm_v4/utils.py", "lineno": 1262, "samples_count": 1638400, "lr": 8.291666666666665e-09}}
:::MLLOG {"namespace": "", "time_ms": 1790255324912, "event_type": "POINT_IN_TIME", "key": "train_loss", "value": 0.13833913207054138, "metadata": {"file": "/workspace/recommendation/generative_recommenders/dlrm_v4/utils.py", "lineno": 1262, "samples_count": 2048000, "lr": 1.0375e-08}}
:::MLLOG {"namespace": "", "time_ms": 1790255348160, "event_type": "POINT_IN_TIME", "key": "train_loss", "value": 0.1377660185098648, "metadata": {"file": "/workspace/recommendation/generative_recommenders/dlrm_v4/utils.py", "lineno": 1262, "samples_count": 2457600, "lr": 1.2458333333333332e-08}}
:::MLLOG {"namespace": "", "time_ms": 1790255371626, "event_type": "POINT_IN_TIME", "key": "train_loss", "value": 0.13796021044254303, "metadata": {"file": "/workspace/recommendation/generative_recommenders/dlrm_v4/utils.py", "lineno": 1262, "samples_count": 2867200, "lr": 1.4541666666666666e-08}}
:::MLLOG {"namespace": "", "time_ms": 1790255395292, "event_type": "POINT_IN_TIME", "key": "train_loss", "value": 0.13738879561424255, "metadata": {"file": "/workspace/recommendation/generative_recommenders/dlrm_v4/utils.py", "lineno": 1262, "samples_count": 3276800, "lr": 1.6625e-08}}
:::MLLOG {"namespace": "", "time_ms": 1790255418830, "event_type": "POINT_IN_TIME", "key": "train_loss", "value": 0.13828693330287933, "metadata": {"file": "/workspace/recommendation/generative_recommenders/dlrm_v4/utils.py", "lineno": 1262, "samples_count": 3686400, "lr": 1.8708333333333334e-08}}
:::MLLOG {"namespace": "", "time_ms": 1790255442828, "event_type": "POINT_IN_TIME", "key": "train_loss", "value": 0.13807471096515656, "metadata": {"file": "/workspace/recommendation/generative_recommenders/dlrm_v4/utils.py", "lineno": 1262, "samples_count": 4096000, "lr": 2.0791666666666666e-08}}
:::MLLOG {"namespace": "", "time_ms": 1790255466784, "event_type": "POINT_IN_TIME", "key": "train_loss", "value": 0.1372784823179245, "metadata": {"file": "/workspace/recommendation/generative_recommenders/dlrm_v4/utils.py", "lineno": 1262, "samples_count": 4505600, "lr": 2.2874999999999998e-08}}
:::MLLOG {"namespace": "", "time_ms": 1790255491023, "event_type": "POINT_IN_TIME", "key": "train_loss", "value": 0.13808037340641022, "metadata": {"file": "/workspace/recommendation/generative_recommenders/dlrm_v4/utils.py", "lineno": 1262, "samples_count": 4915200, "lr": 2.495833333333333e-08}}
:::MLLOG {"namespace": "", "time_ms": 1790255514994, "event_type": "POINT_IN_TIME", "key": "train_loss", "value": 0.13726481795310974, "metadata": {"file": "/workspace/recommendation/generative_recommenders/dlrm_v4/utils.py", "lineno": 1262, "samples_count": 5324800, "lr": 2.7041666666666666e-08}}
:::MLLOG {"namespace": "", "time_ms": 1790255538644, "event_type": "POINT_IN_TIME", "key": "train_loss", "value": 0.13648663461208344, "metadata": {"file": "/workspace/recommendation/generative_recommenders/dlrm_v4/utils.py", "lineno": 1262, "samples_count": 5734400, "lr": 2.9125e-08}}
:::MLLOG {"namespace": "", "time_ms": 1790255562823, "event_type": "POINT_IN_TIME", "key": "train_loss", "value": 0.13554838299751282, "metadata": {"file": "/workspace/recommendation/generative_recommenders/dlrm_v4/utils.py", "lineno": 1262, "samples_count": 6144000, "lr": 3.120833333333333e-08}}
:::MLLOG {"namespace": "", "time_ms": 1790255586854, "event_type": "POINT_IN_TIME", "key": "train_loss", "value": 0.1372603476047516, "metadata": {"file": "/workspace/recommendation/generative_recommenders/dlrm_v4/utils.py", "lineno": 1262, "samples_count": 6553600, "lr": 3.329166666666666e-08}}
:::MLLOG {"namespace": "", "time_ms": 1790255611105, "event_type": "POINT_IN_TIME", "key": "train_loss", "value": 0.13593287765979767, "metadata": {"file": "/workspace/recommendation/generative_recommenders/dlrm_v4/utils.py", "lineno": 1262, "samples_count": 6963200, "lr": 3.5375e-08}}
:::MLLOG {"namespace": "", "time_ms": 1790255634977, "event_type": "POINT_IN_TIME", "key": "train_loss", "value": 0.13599668443202972, "metadata": {"file": "/workspace/recommendation/generative_recommenders/dlrm_v4/utils.py", "lineno": 1262, "samples_count": 7372800, "lr": 3.745833333333333e-08}}
:::MLLOG {"namespace": "", "time_ms": 1790255660376, "event_type": "POINT_IN_TIME", "key": "train_loss", "value": 0.13480451703071594, "metadata": {"file": "/workspace/recommendation/generative_recommenders/dlrm_v4/utils.py", "lineno": 1262, "samples_count": 7782400, "lr": 3.954166666666667e-08}}
:::MLLOG {"namespace": "", "time_ms": 1790255684750, "event_type": "POINT_IN_TIME", "key": "train_loss", "value": 0.1369900107383728, "metadata": {"file": "/workspace/recommendation/generative_recommenders/dlrm_v4/utils.py", "lineno": 1262, "samples_count": 8192000, "lr": 4.1625e-08}}
:::MLLOG {"namespace": "", "time_ms": 1790255731631, "event_type": "POINT_IN_TIME", "key": "train_loss", "value": 0.1332697868347168, "metadata": {"file": "/workspace/recommendation/generative_recommenders/dlrm_v4/utils.py", "lineno": 1262, "samples_count": 8601600, "lr": 4.370833333333333e-08}}
:::MLLOG {"namespace": "", "time_ms": 1790255757827, "event_type": "POINT_IN_TIME", "key": "train_loss", "value": 0.13417983055114746, "metadata": {"file": "/workspace/recommendation/generative_recommenders/dlrm_v4/utils.py", "lineno": 1262, "samples_count": 9011200, "lr": 4.579166666666667e-08}}
:::MLLOG {"namespace": "", "time_ms": 1790255793654, "event_type": "POINT_IN_TIME", "key": "train_loss", "value": 0.13475726544857025, "metadata": {"file": "/workspace/recommendation/generative_recommenders/dlrm_v4/utils.py", "lineno": 1262, "samples_count": 9420800, "lr": 4.7875e-08}}
:::MLLOG {"namespace": "", "time_ms": 1790255818008, "event_type": "POINT_IN_TIME", "key": "train_loss", "value": 0.13344600796699524, "metadata": {"file": "/workspace/recommendation/generative_recommenders/dlrm_v4/utils.py", "lineno": 1262, "samples_count": 9830400, "lr": 4.995833333333333e-08}}
:::MLLOG {"namespace": "", "time_ms": 1790255842297, "event_type": "POINT_IN_TIME", "key": "train_loss", "value": 0.1361672431230545, "metadata": {"file": "/workspace/recommendation/generative_recommenders/dlrm_v4/utils.py", "lineno": 1262, "samples_count": 10240000, "lr": 5.204166666666666e-08}}
:::MLLOG {"namespace": "", "time_ms": 1790255866528, "event_type": "POINT_IN_TIME", "key": "train_loss", "value": 0.13780181109905243, "metadata": {"file": "/workspace/recommendation/generative_recommenders/dlrm_v4/utils.py", "lineno": 1262, "samples_count": 10649600, "lr": 5.4124999999999997e-08}}
:::MLLOG {"namespace": "", "time_ms": 1790255890596, "event_type": "POINT_IN_TIME", "key": "train_loss", "value": 0.13544243574142456, "metadata": {"file": "/workspace/recommendation/generative_recommenders/dlrm_v4/utils.py", "lineno": 1262, "samples_count": 11059200, "lr": 5.620833333333333e-08}}
:::MLLOG {"namespace": "", "time_ms": 1790255914536, "event_type": "POINT_IN_TIME", "key": "train_loss", "value": 0.1378210335969925, "metadata": {"file": "/workspace/recommendation/generative_recommenders/dlrm_v4/utils.py", "lineno": 1262, "samples_count": 11468800, "lr": 5.829166666666666e-08}}
:::MLLOG {"namespace": "", "time_ms": 1790255938702, "event_type": "POINT_IN_TIME", "key": "train_loss", "value": 0.13609690964221954, "metadata": {"file": "/workspace/recommendation/generative_recommenders/dlrm_v4/utils.py", "lineno": 1262, "samples_count": 11878400, "lr": 6.0375e-08}}
:::MLLOG {"namespace": "", "time_ms": 1790255962731, "event_type": "POINT_IN_TIME", "key": "train_loss", "value": 0.13420824706554413, "metadata": {"file": "/workspace/recommendation/generative_recommenders/dlrm_v4/utils.py", "lineno": 1262, "samples_count": 12288000, "lr": 6.245833333333333e-08}}
:::MLLOG {"namespace": "", "time_ms": 1790255986934, "event_type": "POINT_IN_TIME", "key": "train_loss", "value": 0.13686972856521606, "metadata": {"file": "/workspace/recommendation/generative_recommenders/dlrm_v4/utils.py", "lineno": 1262, "samples_count": 12697600, "lr": 6.454166666666667e-08}}
:::MLLOG {"namespace": "", "time_ms": 1790256011167, "event_type": "POINT_IN_TIME", "key": "train_loss", "value": 0.13023418188095093, "metadata": {"file": "/workspace/recommendation/generative_recommenders/dlrm_v4/utils.py", "lineno": 1262, "samples_count": 13107200, "lr": 6.6625e-08}}
:::MLLOG {"namespace": "", "time_ms": 1790256035172, "event_type": "POINT_IN_TIME", "key": "train_loss", "value": 0.1324925571680069, "metadata": {"file": "/workspace/recommendation/generative_recommenders/dlrm_v4/utils.py", "lineno": 1262, "samples_count": 13516800, "lr": 6.870833333333332e-08}}
:::MLLOG {"namespace": "", "time_ms": 1790256059440, "event_type": "POINT_IN_TIME", "key": "train_loss", "value": 0.13322500884532928, "metadata": {"file": "/workspace/recommendation/generative_recommenders/dlrm_v4/utils.py", "lineno": 1262, "samples_count": 13926400, "lr": 7.079166666666666e-08}}
:::MLLOG {"namespace": "", "time_ms": 1790256083643, "event_type": "POINT_IN_TIME", "key": "train_loss", "value": 0.1280713826417923, "metadata": {"file": "/workspace/recommendation/generative_recommenders/dlrm_v4/utils.py", "lineno": 1262, "samples_count": 14336000, "lr": 7.2875e-08}}
:::MLLOG {"namespace": "", "time_ms": 1790256107861, "event_type": "POINT_IN_TIME", "key": "train_loss", "value": 0.12642624974250793, "metadata": {"file": "/workspace/recommendation/generative_recommenders/dlrm_v4/utils.py", "lineno": 1262, "samples_count": 14745600, "lr": 7.495833333333333e-08}}
:::MLLOG {"namespace": "", "time_ms": 1790256131948, "event_type": "POINT_IN_TIME", "key": "train_loss", "value": 0.13222679495811462, "metadata": {"file": "/workspace/recommendation/generative_recommenders/dlrm_v4/utils.py", "lineno": 1262, "samples_count": 15155200, "lr": 7.704166666666665e-08}}
:::MLLOG {"namespace": "", "time_ms": 1790256156553, "event_type": "POINT_IN_TIME", "key": "train_loss", "value": 0.13325382769107819, "metadata": {"file": "/workspace/recommendation/generative_recommenders/dlrm_v4/utils.py", "lineno": 1262, "samples_count": 15564800, "lr": 7.9125e-08}}
:::MLLOG {"namespace": "", "time_ms": 1790256181504, "event_type": "POINT_IN_TIME", "key": "train_loss", "value": 0.13430064916610718, "metadata": {"file": "/workspace/recommendation/generative_recommenders/dlrm_v4/utils.py", "lineno": 1262, "samples_count": 15974400, "lr": 8.120833333333332e-08}}
:::MLLOG {"namespace": "", "time_ms": 1790256206330, "event_type": "POINT_IN_TIME", "key": "train_loss", "value": 0.13365432620048523, "metadata": {"file": "/workspace/recommendation/generative_recommenders/dlrm_v4/utils.py", "lineno": 1262, "samples_count": 16384000, "lr": 8.329166666666666e-08}}
:::MLLOG {"namespace": "", "time_ms": 1790256231207, "event_type": "POINT_IN_TIME", "key": "train_loss", "value": 0.1356583833694458, "metadata": {"file": "/workspace/recommendation/generative_recommenders/dlrm_v4/utils.py", "lineno": 1262, "samples_count": 16793600, "lr": 8.537500000000001e-08}}
:::MLLOG {"namespace": "", "time_ms": 1790256257169, "event_type": "POINT_IN_TIME", "key": "train_loss", "value": 0.13525646924972534, "metadata": {"file": "/workspace/recommendation/generative_recommenders/dlrm_v4/utils.py", "lineno": 1262, "samples_count": 17203200, "lr": 8.745833333333333e-08}}
:::MLLOG {"namespace": "", "time_ms": 1790256282069, "event_type": "POINT_IN_TIME", "key": "train_loss", "value": 0.13508635759353638, "metadata": {"file": "/workspace/recommendation/generative_recommenders/dlrm_v4/utils.py", "lineno": 1262, "samples_count": 17612800, "lr": 8.954166666666667e-08}}
:::MLLOG {"namespace": "", "time_ms": 1790256306963, "event_type": "POINT_IN_TIME", "key": "train_loss", "value": 0.13367344439029694, "metadata": {"file": "/workspace/recommendation/generative_recommenders/dlrm_v4/utils.py", "lineno": 1262, "samples_count": 18022400, "lr": 9.162499999999999e-08}}
:::MLLOG {"namespace": "", "time_ms": 1790256331697, "event_type": "POINT_IN_TIME", "key": "train_loss", "value": 0.13185527920722961, "metadata": {"file": "/workspace/recommendation/generative_recommenders/dlrm_v4/utils.py", "lineno": 1262, "samples_count": 18432000, "lr": 9.370833333333334e-08}}
:::MLLOG {"namespace": "", "time_ms": 1790256358467, "event_type": "POINT_IN_TIME", "key": "train_loss", "value": 0.1352739930152893, "metadata": {"file": "/workspace/recommendation/generative_recommenders/dlrm_v4/utils.py", "lineno": 1262, "samples_count": 18841600, "lr": 9.579166666666666e-08}}
:::MLLOG {"namespace": "", "time_ms": 1790256383877, "event_type": "POINT_IN_TIME", "key": "train_loss", "value": 0.13056108355522156, "metadata": {"file": "/workspace/recommendation/generative_recommenders/dlrm_v4/utils.py", "lineno": 1262, "samples_count": 19251200, "lr": 9.7875e-08}}
:::MLLOG {"namespace": "", "time_ms": 1790256409136, "event_type": "POINT_IN_TIME", "key": "train_loss", "value": 0.1338806301355362, "metadata": {"file": "/workspace/recommendation/generative_recommenders/dlrm_v4/utils.py", "lineno": 1262, "samples_count": 19660800, "lr": 9.995833333333333e-08}}
:::MLLOG {"namespace": "", "time_ms": 1790256434290, "event_type": "POINT_IN_TIME", "key": "train_loss", "value": 0.13166385889053345, "metadata": {"file": "/workspace/recommendation/generative_recommenders/dlrm_v4/utils.py", "lineno": 1262, "samples_count": 20070400, "lr": 1.0204166666666667e-07}}
:::MLLOG {"namespace": "", "time_ms": 1790256458726, "event_type": "POINT_IN_TIME", "key": "train_loss", "value": 0.12953528761863708, "metadata": {"file": "/workspace/recommendation/generative_recommenders/dlrm_v4/utils.py", "lineno": 1262, "samples_count": 20480000, "lr": 1.0412499999999999e-07}}
:::MLLOG {"namespace": "", "time_ms": 1790256483204, "event_type": "POINT_IN_TIME", "key": "train_loss", "value": 0.1401163935661316, "metadata": {"file": "/workspace/recommendation/generative_recommenders/dlrm_v4/utils.py", "lineno": 1262, "samples_count": 20889600, "lr": 1.0620833333333334e-07}}
:::MLLOG {"namespace": "", "time_ms": 1790256507846, "event_type": "POINT_IN_TIME", "key": "train_loss", "value": 0.13042481243610382, "metadata": {"file": "/workspace/recommendation/generative_recommenders/dlrm_v4/utils.py", "lineno": 1262, "samples_count": 21299200, "lr": 1.0829166666666666e-07}}
:::MLLOG {"namespace": "", "time_ms": 1790256532600, "event_type": "POINT_IN_TIME", "key": "train_loss", "value": 0.13010907173156738, "metadata": {"file": "/workspace/recommendation/generative_recommenders/dlrm_v4/utils.py", "lineno": 1262, "samples_count": 21708800, "lr": 1.10375e-07}}
:::MLLOG {"namespace": "", "time_ms": 1790256557180, "event_type": "POINT_IN_TIME", "key": "train_loss", "value": 0.1357739120721817, "metadata": {"file": "/workspace/recommendation/generative_recommenders/dlrm_v4/utils.py", "lineno": 1262, "samples_count": 22118400, "lr": 1.1245833333333332e-07}}
:::MLLOG {"namespace": "", "time_ms": 1790256581525, "event_type": "POINT_IN_TIME", "key": "train_loss", "value": 0.13432660698890686, "metadata": {"file": "/workspace/recommendation/generative_recommenders/dlrm_v4/utils.py", "lineno": 1262, "samples_count": 22528000, "lr": 1.1454166666666666e-07}}
:::MLLOG {"namespace": "", "time_ms": 1790256606284, "event_type": "POINT_IN_TIME", "key": "train_loss", "value": 0.12933363020420074, "metadata": {"file": "/workspace/recommendation/generative_recommenders/dlrm_v4/utils.py", "lineno": 1262, "samples_count": 22937600, "lr": 1.16625e-07}}
:::MLLOG {"namespace": "", "time_ms": 1790256630747, "event_type": "POINT_IN_TIME", "key": "train_loss", "value": 0.12967520952224731, "metadata": {"file": "/workspace/recommendation/generative_recommenders/dlrm_v4/utils.py", "lineno": 1262, "samples_count": 23347200, "lr": 1.1870833333333332e-07}}
:::MLLOG {"namespace": "", "time_ms": 1790256655361, "event_type": "POINT_IN_TIME", "key": "train_loss", "value": 0.12931546568870544, "metadata": {"file": "/workspace/recommendation/generative_recommenders/dlrm_v4/utils.py", "lineno": 1262, "samples_count": 23756800, "lr": 1.2079166666666667e-07}}
:::MLLOG {"namespace": "", "time_ms": 1790256679749, "event_type": "POINT_IN_TIME", "key": "train_loss", "value": 0.1286526769399643, "metadata": {"file": "/workspace/recommendation/generative_recommenders/dlrm_v4/utils.py", "lineno": 1262, "samples_count": 24166400, "lr": 1.22875e-07}}
:::MLLOG {"namespace": "", "time_ms": 1790256704148, "event_type": "POINT_IN_TIME", "key": "train_loss", "value": 0.13744989037513733, "metadata": {"file": "/workspace/recommendation/generative_recommenders/dlrm_v4/utils.py", "lineno": 1262, "samples_count": 24576000, "lr": 1.2495833333333334e-07}}
:::MLLOG {"namespace": "", "time_ms": 1790256728943, "event_type": "POINT_IN_TIME", "key": "train_loss", "value": 0.13665138185024261, "metadata": {"file": "/workspace/recommendation/generative_recommenders/dlrm_v4/utils.py", "lineno": 1262, "samples_count": 24985600, "lr": 1.2704166666666666e-07}}
:::MLLOG {"namespace": "", "time_ms": 1790256753392, "event_type": "POINT_IN_TIME", "key": "train_loss", "value": 0.13683439791202545, "metadata": {"file": "/workspace/recommendation/generative_recommenders/dlrm_v4/utils.py", "lineno": 1262, "samples_count": 25395200, "lr": 1.2912499999999999e-07}}
:::MLLOG {"namespace": "", "time_ms": 1790256778057, "event_type": "POINT_IN_TIME", "key": "train_loss", "value": 0.1322588473558426, "metadata": {"file": "/workspace/recommendation/generative_recommenders/dlrm_v4/utils.py", "lineno": 1262, "samples_count": 25804800, "lr": 1.3120833333333334e-07}}
:::MLLOG {"namespace": "", "time_ms": 1790256802684, "event_type": "POINT_IN_TIME", "key": "train_loss", "value": 0.13822951912879944, "metadata": {"file": "/workspace/recommendation/generative_recommenders/dlrm_v4/utils.py", "lineno": 1262, "samples_count": 26214400, "lr": 1.3329166666666666e-07}}
:::MLLOG {"namespace": "", "time_ms": 1790256827422, "event_type": "POINT_IN_TIME", "key": "train_loss", "value": 0.13010753691196442, "metadata": {"file": "/workspace/recommendation/generative_recommenders/dlrm_v4/utils.py", "lineno": 1262, "samples_count": 26624000, "lr": 1.3537499999999998e-07}}
:::MLLOG {"namespace": "", "time_ms": 1790256852388, "event_type": "POINT_IN_TIME", "key": "train_loss", "value": 0.1273958384990692, "metadata": {"file": "/workspace/recommendation/generative_recommenders/dlrm_v4/utils.py", "lineno": 1262, "samples_count": 27033600, "lr": 1.374583333333333e-07}}
:::MLLOG {"namespace": "", "time_ms": 1790256876963, "event_type": "POINT_IN_TIME", "key": "train_loss", "value": 0.13439986109733582, "metadata": {"file": "/workspace/recommendation/generative_recommenders/dlrm_v4/utils.py", "lineno": 1262, "samples_count": 27443200, "lr": 1.3954166666666668e-07}}
:::MLLOG {"namespace": "", "time_ms": 1790256902004, "event_type": "POINT_IN_TIME", "key": "train_loss", "value": 0.1423226296901703, "metadata": {"file": "/workspace/recommendation/generative_recommenders/dlrm_v4/utils.py", "lineno": 1262, "samples_count": 27852800, "lr": 1.41625e-07}}
:::MLLOG {"namespace": "", "time_ms": 1790256927187, "event_type": "POINT_IN_TIME", "key": "train_loss", "value": 0.13584132492542267, "metadata": {"file": "/workspace/recommendation/generative_recommenders/dlrm_v4/utils.py", "lineno": 1262, "samples_count": 28262400, "lr": 1.4370833333333332e-07}}
:::MLLOG {"namespace": "", "time_ms": 1790256952977, "event_type": "POINT_IN_TIME", "key": "train_loss", "value": 0.12594228982925415, "metadata": {"file": "/workspace/recommendation/generative_recommenders/dlrm_v4/utils.py", "lineno": 1262, "samples_count": 28672000, "lr": 1.4579166666666667e-07}}
:::MLLOG {"namespace": "", "time_ms": 1790256978435, "event_type": "POINT_IN_TIME", "key": "train_loss", "value": 0.13698308169841766, "metadata": {"file": "/workspace/recommendation/generative_recommenders/dlrm_v4/utils.py", "lineno": 1262, "samples_count": 29081600, "lr": 1.47875e-07}}
:::MLLOG {"namespace": "", "time_ms": 1790257003788, "event_type": "POINT_IN_TIME", "key": "train_loss", "value": 0.13292472064495087, "metadata": {"file": "/workspace/recommendation/generative_recommenders/dlrm_v4/utils.py", "lineno": 1262, "samples_count": 29491200, "lr": 1.4995833333333331e-07}}
:::MLLOG {"namespace": "", "time_ms": 1790257029200, "event_type": "POINT_IN_TIME", "key": "train_loss", "value": 0.13219773769378662, "metadata": {"file": "/workspace/recommendation/generative_recommenders/dlrm_v4/utils.py", "lineno": 1262, "samples_count": 29900800, "lr": 1.5204166666666666e-07}}
:::MLLOG {"namespace": "", "time_ms": 1790257054503, "event_type": "POINT_IN_TIME", "key": "train_loss", "value": 0.132113978266716, "metadata": {"file": "/workspace/recommendation/generative_recommenders/dlrm_v4/utils.py", "lineno": 1262, "samples_count": 30310400, "lr": 1.54125e-07}}
:::MLLOG {"namespace": "", "time_ms": 1790257080018, "event_type": "POINT_IN_TIME", "key": "train_loss", "value": 0.1378495842218399, "metadata": {"file": "/workspace/recommendation/generative_recommenders/dlrm_v4/utils.py", "lineno": 1262, "samples_count": 30720000, "lr": 1.5620833333333333e-07}}
:::MLLOG {"namespace": "", "time_ms": 1790257105814, "event_type": "POINT_IN_TIME", "key": "train_loss", "value": 0.14149051904678345, "metadata": {"file": "/workspace/recommendation/generative_recommenders/dlrm_v4/utils.py", "lineno": 1262, "samples_count": 31129600, "lr": 1.5829166666666666e-07}}
:::MLLOG {"namespace": "", "time_ms": 1790257130884, "event_type": "POINT_IN_TIME", "key": "train_loss", "value": 0.1332416832447052, "metadata": {"file": "/workspace/recommendation/generative_recommenders/dlrm_v4/utils.py", "lineno": 1262, "samples_count": 31539200, "lr": 1.6037499999999998e-07}}
:::MLLOG {"namespace": "", "time_ms": 1790257155634, "event_type": "POINT_IN_TIME", "key": "train_loss", "value": 0.13401615619659424, "metadata": {"file": "/workspace/recommendation/generative_recommenders/dlrm_v4/utils.py", "lineno": 1262, "samples_count": 31948800, "lr": 1.6245833333333333e-07}}
:::MLLOG {"namespace": "", "time_ms": 1790257180459, "event_type": "POINT_IN_TIME", "key": "train_loss", "value": 0.13178883492946625, "metadata": {"file": "/workspace/recommendation/generative_recommenders/dlrm_v4/utils.py", "lineno": 1262, "samples_count": 32358400, "lr": 1.6454166666666665e-07}}
:::MLLOG {"namespace": "", "time_ms": 1790257205287, "event_type": "POINT_IN_TIME", "key": "train_loss", "value": 0.13180558383464813, "metadata": {"file": "/workspace/recommendation/generative_recommenders/dlrm_v4/utils.py", "lineno": 1262, "samples_count": 32768000, "lr": 1.66625e-07}}
:::MLLOG {"namespace": "", "time_ms": 1790257230259, "event_type": "POINT_IN_TIME", "key": "train_loss", "value": 0.1354411393404007, "metadata": {"file": "/workspace/recommendation/generative_recommenders/dlrm_v4/utils.py", "lineno": 1262, "samples_count": 33177600, "lr": 1.6870833333333332e-07}}
:::MLLOG {"namespace": "", "time_ms": 1790257255230, "event_type": "POINT_IN_TIME", "key": "train_loss", "value": 0.13973793387413025, "metadata": {"file": "/workspace/recommendation/generative_recommenders/dlrm_v4/utils.py", "lineno": 1262, "samples_count": 33587200, "lr": 1.7079166666666667e-07}}
:::MLLOG {"namespace": "", "time_ms": 1790257280347, "event_type": "POINT_IN_TIME", "key": "train_loss", "value": 0.1347847431898117, "metadata": {"file": "/workspace/recommendation/generative_recommenders/dlrm_v4/utils.py", "lineno": 1262, "samples_count": 33996800, "lr": 1.72875e-07}}
:::MLLOG {"namespace": "", "time_ms": 1790257305148, "event_type": "POINT_IN_TIME", "key": "train_loss", "value": 0.13562169671058655, "metadata": {"file": "/workspace/recommendation/generative_recommenders/dlrm_v4/utils.py", "lineno": 1262, "samples_count": 34406400, "lr": 1.7495833333333331e-07}}
:::MLLOG {"namespace": "", "time_ms": 1790257329978, "event_type": "POINT_IN_TIME", "key": "train_loss", "value": 0.1308612823486328, "metadata": {"file": "/workspace/recommendation/generative_recommenders/dlrm_v4/utils.py", "lineno": 1262, "samples_count": 34816000, "lr": 1.7704166666666666e-07}}
:::MLLOG {"namespace": "", "time_ms": 1790257354802, "event_type": "POINT_IN_TIME", "key": "train_loss", "value": 0.135464146733284, "metadata": {"file": "/workspace/recommendation/generative_recommenders/dlrm_v4/utils.py", "lineno": 1262, "samples_count": 35225600, "lr": 1.79125e-07}}
:::MLLOG {"namespace": "", "time_ms": 1790257379914, "event_type": "POINT_IN_TIME", "key": "train_loss", "value": 0.13420091569423676, "metadata": {"file": "/workspace/recommendation/generative_recommenders/dlrm_v4/utils.py", "lineno": 1262, "samples_count": 35635200, "lr": 1.8120833333333333e-07}}
:::MLLOG {"namespace": "", "time_ms": 1790257404758, "event_type": "POINT_IN_TIME", "key": "train_loss", "value": 0.13112901151180267, "metadata": {"file": "/workspace/recommendation/generative_recommenders/dlrm_v4/utils.py", "lineno": 1262, "samples_count": 36044800, "lr": 1.8329166666666666e-07}}
:::MLLOG {"namespace": "", "time_ms": 1790257429883, "event_type": "POINT_IN_TIME", "key": "train_loss", "value": 0.13368551433086395, "metadata": {"file": "/workspace/recommendation/generative_recommenders/dlrm_v4/utils.py", "lineno": 1262, "samples_count": 36454400, "lr": 1.85375e-07}}
:::MLLOG {"namespace": "", "time_ms": 1790257454596, "event_type": "POINT_IN_TIME", "key": "train_loss", "value": 0.1379883885383606, "metadata": {"file": "/workspace/recommendation/generative_recommenders/dlrm_v4/utils.py", "lineno": 1262, "samples_count": 36864000, "lr": 1.8745833333333333e-07}}
:::MLLOG {"namespace": "", "time_ms": 1790257479319, "event_type": "POINT_IN_TIME", "key": "train_loss", "value": 0.13260316848754883, "metadata": {"file": "/workspace/recommendation/generative_recommenders/dlrm_v4/utils.py", "lineno": 1262, "samples_count": 37273600, "lr": 1.8954166666666665e-07}}
:::MLLOG {"namespace": "", "time_ms": 1790257504085, "event_type": "POINT_IN_TIME", "key": "train_loss", "value": 0.13213355839252472, "metadata": {"file": "/workspace/recommendation/generative_recommenders/dlrm_v4/utils.py", "lineno": 1262, "samples_count": 37683200, "lr": 1.9162499999999997e-07}}
:::MLLOG {"namespace": "", "time_ms": 1790257529201, "event_type": "POINT_IN_TIME", "key": "train_loss", "value": 0.1291992962360382, "metadata": {"file": "/workspace/recommendation/generative_recommenders/dlrm_v4/utils.py", "lineno": 1262, "samples_count": 38092800, "lr": 1.9370833333333335e-07}}
:::MLLOG {"namespace": "", "time_ms": 1790257554514, "event_type": "POINT_IN_TIME", "key": "train_loss", "value": 0.1337798684835434, "metadata": {"file": "/workspace/recommendation/generative_recommenders/dlrm_v4/utils.py", "lineno": 1262, "samples_count": 38502400, "lr": 1.9579166666666667e-07}}
:::MLLOG {"namespace": "", "time_ms": 1790257579490, "event_type": "POINT_IN_TIME", "key": "train_loss", "value": 0.1290607452392578, "metadata": {"file": "/workspace/recommendation/generative_recommenders/dlrm_v4/utils.py", "lineno": 1262, "samples_count": 38912000, "lr": 1.97875e-07}}
:::MLLOG {"namespace": "", "time_ms": 1790257604440, "event_type": "POINT_IN_TIME", "key": "train_loss", "value": 0.13491985201835632, "metadata": {"file": "/workspace/recommendation/generative_recommenders/dlrm_v4/utils.py", "lineno": 1262, "samples_count": 39321600, "lr": 1.999583333333333e-07}}
:::MLLOG {"namespace": "", "time_ms": 1790257629546, "event_type": "POINT_IN_TIME", "key": "train_loss", "value": 0.1368732452392578, "metadata": {"file": "/workspace/recommendation/generative_recommenders/dlrm_v4/utils.py", "lineno": 1262, "samples_count": 39731200, "lr": 2.0204166666666666e-07}}
:::MLLOG {"namespace": "", "time_ms": 1790257654358, "event_type": "POINT_IN_TIME", "key": "train_loss", "value": 0.12607073783874512, "metadata": {"file": "/workspace/recommendation/generative_recommenders/dlrm_v4/utils.py", "lineno": 1262, "samples_count": 40140800, "lr": 2.0412499999999998e-07}}
:::MLLOG {"namespace": "", "time_ms": 1790257679559, "event_type": "POINT_IN_TIME", "key": "train_loss", "value": 0.1325482279062271, "metadata": {"file": "/workspace/recommendation/generative_recommenders/dlrm_v4/utils.py", "lineno": 1262, "samples_count": 40550400, "lr": 2.062083333333333e-07}}
:::MLLOG {"namespace": "", "time_ms": 1790257704931, "event_type": "POINT_IN_TIME", "key": "train_loss", "value": 0.12720002233982086, "metadata": {"file": "/workspace/recommendation/generative_recommenders/dlrm_v4/utils.py", "lineno": 1262, "samples_count": 40960000, "lr": 2.0829166666666668e-07}}
:::MLLOG {"namespace": "", "time_ms": 1790257729725, "event_type": "POINT_IN_TIME", "key": "train_loss", "value": 0.13506057858467102, "metadata": {"file": "/workspace/recommendation/generative_recommenders/dlrm_v4/utils.py", "lineno": 1262, "samples_count": 41369600, "lr": 2.10375e-07}}
:::MLLOG {"namespace": "", "time_ms": 1790257754942, "event_type": "POINT_IN_TIME", "key": "train_loss", "value": 0.13355430960655212, "metadata": {"file": "/workspace/recommendation/generative_recommenders/dlrm_v4/utils.py", "lineno": 1262, "samples_count": 41779200, "lr": 2.1245833333333332e-07}}
:::MLLOG {"namespace": "", "time_ms": 1790257779993, "event_type": "POINT_IN_TIME", "key": "train_loss", "value": 0.13520579040050507, "metadata": {"file": "/workspace/recommendation/generative_recommenders/dlrm_v4/utils.py", "lineno": 1262, "samples_count": 42188800, "lr": 2.1454166666666665e-07}}
:::MLLOG {"namespace": "", "time_ms": 1790257804993, "event_type": "POINT_IN_TIME", "key": "train_loss", "value": 0.13543421030044556, "metadata": {"file": "/workspace/recommendation/generative_recommenders/dlrm_v4/utils.py", "lineno": 1262, "samples_count": 42598400, "lr": 2.16625e-07}}
:::MLLOG {"namespace": "", "time_ms": 1790257830145, "event_type": "POINT_IN_TIME", "key": "train_loss", "value": 0.13050660490989685, "metadata": {"file": "/workspace/recommendation/generative_recommenders/dlrm_v4/utils.py", "lineno": 1262, "samples_count": 43008000, "lr": 2.1870833333333332e-07}}
:::MLLOG {"namespace": "", "time_ms": 1790257855371, "event_type": "POINT_IN_TIME", "key": "train_loss", "value": 0.14075835049152374, "metadata": {"file": "/workspace/recommendation/generative_recommenders/dlrm_v4/utils.py", "lineno": 1262, "samples_count": 43417600, "lr": 2.2079166666666667e-07}}
:::MLLOG {"namespace": "", "time_ms": 1790257880603, "event_type": "POINT_IN_TIME", "key": "train_loss", "value": 0.1342223882675171, "metadata": {"file": "/workspace/recommendation/generative_recommenders/dlrm_v4/utils.py", "lineno": 1262, "samples_count": 43827200, "lr": 2.22875e-07}}
:::MLLOG {"namespace": "", "time_ms": 1790257905578, "event_type": "POINT_IN_TIME", "key": "train_loss", "value": 0.13935096561908722, "metadata": {"file": "/workspace/recommendation/generative_recommenders/dlrm_v4/utils.py", "lineno": 1262, "samples_count": 44236800, "lr": 2.2495833333333334e-07}}
:::MLLOG {"namespace": "", "time_ms": 1790257931560, "event_type": "POINT_IN_TIME", "key": "train_loss", "value": 0.1268286257982254, "metadata": {"file": "/workspace/recommendation/generative_recommenders/dlrm_v4/utils.py", "lineno": 1262, "samples_count": 44646400, "lr": 2.2704166666666666e-07}}
:::MLLOG {"namespace": "", "time_ms": 1790257957153, "event_type": "POINT_IN_TIME", "key": "train_loss", "value": 0.13505220413208008, "metadata": {"file": "/workspace/recommendation/generative_recommenders/dlrm_v4/utils.py", "lineno": 1262, "samples_count": 45056000, "lr": 2.2912499999999998e-07}}
:::MLLOG {"namespace": "", "time_ms": 1790257982747, "event_type": "POINT_IN_TIME", "key": "train_loss", "value": 0.13511550426483154, "metadata": {"file": "/workspace/recommendation/generative_recommenders/dlrm_v4/utils.py", "lineno": 1262, "samples_count": 45465600, "lr": 2.312083333333333e-07}}
:::MLLOG {"namespace": "", "time_ms": 1790258008539, "event_type": "POINT_IN_TIME", "key": "train_loss", "value": 0.1336100548505783, "metadata": {"file": "/workspace/recommendation/generative_recommenders/dlrm_v4/utils.py", "lineno": 1262, "samples_count": 45875200, "lr": 2.3329166666666665e-07}}
:::MLLOG {"namespace": "", "time_ms": 1790258034264, "event_type": "POINT_IN_TIME", "key": "train_loss", "value": 0.13750335574150085, "metadata": {"file": "/workspace/recommendation/generative_recommenders/dlrm_v4/utils.py", "lineno": 1262, "samples_count": 46284800, "lr": 2.35375e-07}}
:::MLLOG {"namespace": "", "time_ms": 1790258060295, "event_type": "POINT_IN_TIME", "key": "train_loss", "value": 0.13551321625709534, "metadata": {"file": "/workspace/recommendation/generative_recommenders/dlrm_v4/utils.py", "lineno": 1262, "samples_count": 46694400, "lr": 2.3745833333333332e-07}}
:::MLLOG {"namespace": "", "time_ms": 1790258086170, "event_type": "POINT_IN_TIME", "key": "train_loss", "value": 0.13726896047592163, "metadata": {"file": "/workspace/recommendation/generative_recommenders/dlrm_v4/utils.py", "lineno": 1262, "samples_count": 47104000, "lr": 2.3954166666666665e-07}}
:::MLLOG {"namespace": "", "time_ms": 1790258111905, "event_type": "POINT_IN_TIME", "key": "train_loss", "value": 0.1332271695137024, "metadata": {"file": "/workspace/recommendation/generative_recommenders/dlrm_v4/utils.py", "lineno": 1262, "samples_count": 47513600, "lr": 2.41625e-07}}
:::MLLOG {"namespace": "", "time_ms": 1790258137665, "event_type": "POINT_IN_TIME", "key": "train_loss", "value": 0.12990623712539673, "metadata": {"file": "/workspace/recommendation/generative_recommenders/dlrm_v4/utils.py", "lineno": 1262, "samples_count": 47923200, "lr": 2.4370833333333334e-07}}
:::MLLOG {"namespace": "", "time_ms": 1790258165023, "event_type": "POINT_IN_TIME", "key": "train_loss", "value": 0.1319679170846939, "metadata": {"file": "/workspace/recommendation/generative_recommenders/dlrm_v4/utils.py", "lineno": 1262, "samples_count": 48332800, "lr": 2.4579166666666664e-07}}
:::MLLOG {"namespace": "", "time_ms": 1790258191181, "event_type": "POINT_IN_TIME", "key": "train_loss", "value": 0.13257256150245667, "metadata": {"file": "/workspace/recommendation/generative_recommenders/dlrm_v4/utils.py", "lineno": 1262, "samples_count": 48742400, "lr": 2.47875e-07}}
:::MLLOG {"namespace": "", "time_ms": 1790258216804, "event_type": "POINT_IN_TIME", "key": "train_loss", "value": 0.13004423677921295, "metadata": {"file": "/workspace/recommendation/generative_recommenders/dlrm_v4/utils.py", "lineno": 1262, "samples_count": 49152000, "lr": 2.4995833333333334e-07}}
:::MLLOG {"namespace": "", "time_ms": 1790258242293, "event_type": "POINT_IN_TIME", "key": "train_loss", "value": 0.12777911126613617, "metadata": {"file": "/workspace/recommendation/generative_recommenders/dlrm_v4/utils.py", "lineno": 1262, "samples_count": 49561600, "lr": 2.5204166666666663e-07}}
:::MLLOG {"namespace": "", "time_ms": 1790258267468, "event_type": "POINT_IN_TIME", "key": "train_loss", "value": 0.13194727897644043, "metadata": {"file": "/workspace/recommendation/generative_recommenders/dlrm_v4/utils.py", "lineno": 1262, "samples_count": 49971200, "lr": 2.54125e-07}}
:::MLLOG {"namespace": "", "time_ms": 1790258292529, "event_type": "POINT_IN_TIME", "key": "train_loss", "value": 0.12586499750614166, "metadata": {"file": "/workspace/recommendation/generative_recommenders/dlrm_v4/utils.py", "lineno": 1262, "samples_count": 50380800, "lr": 2.5620833333333333e-07}}
:::MLLOG {"namespace": "", "time_ms": 1790258317558, "event_type": "POINT_IN_TIME", "key": "train_loss", "value": 0.12796105444431305, "metadata": {"file": "/workspace/recommendation/generative_recommenders/dlrm_v4/utils.py", "lineno": 1262, "samples_count": 50790400, "lr": 2.582916666666666e-07}}
:::MLLOG {"namespace": "", "time_ms": 1790258342854, "event_type": "POINT_IN_TIME", "key": "train_loss", "value": 0.14256134629249573, "metadata": {"file": "/workspace/recommendation/generative_recommenders/dlrm_v4/utils.py", "lineno": 1262, "samples_count": 51200000, "lr": 2.6037500000000003e-07}}
:::MLLOG {"namespace": "", "time_ms": 1790258368014, "event_type": "POINT_IN_TIME", "key": "train_loss", "value": 0.1322767585515976, "metadata": {"file": "/workspace/recommendation/generative_recommenders/dlrm_v4/utils.py", "lineno": 1262, "samples_count": 51609600, "lr": 2.624583333333333e-07}}
:::MLLOG {"namespace": "", "time_ms": 1790258393235, "event_type": "POINT_IN_TIME", "key": "train_loss", "value": 0.12546110153198242, "metadata": {"file": "/workspace/recommendation/generative_recommenders/dlrm_v4/utils.py", "lineno": 1262, "samples_count": 52019200, "lr": 2.6454166666666667e-07}}
:::MLLOG {"namespace": "", "time_ms": 1790258418706, "event_type": "POINT_IN_TIME", "key": "train_loss", "value": 0.1190638616681099, "metadata": {"file": "/workspace/recommendation/generative_recommenders/dlrm_v4/utils.py", "lineno": 1262, "samples_count": 52428800, "lr": 2.6662499999999997e-07}}
:::MLLOG {"namespace": "", "time_ms": 1790258443949, "event_type": "POINT_IN_TIME", "key": "train_loss", "value": 0.13695275783538818, "metadata": {"file": "/workspace/recommendation/generative_recommenders/dlrm_v4/utils.py", "lineno": 1262, "samples_count": 52838400, "lr": 2.687083333333333e-07}}
:::MLLOG {"namespace": "", "time_ms": 1790258468901, "event_type": "POINT_IN_TIME", "key": "train_loss", "value": 0.13036155700683594, "metadata": {"file": "/workspace/recommendation/generative_recommenders/dlrm_v4/utils.py", "lineno": 1262, "samples_count": 53248000, "lr": 2.7079166666666666e-07}}
:::MLLOG {"namespace": "", "time_ms": 1790258493883, "event_type": "POINT_IN_TIME", "key": "train_loss", "value": 0.12576250731945038, "metadata": {"file": "/workspace/recommendation/generative_recommenders/dlrm_v4/utils.py", "lineno": 1262, "samples_count": 53657600, "lr": 2.7287499999999996e-07}}
:::MLLOG {"namespace": "", "time_ms": 1790258518855, "event_type": "POINT_IN_TIME", "key": "train_loss", "value": 0.12357671558856964, "metadata": {"file": "/workspace/recommendation/generative_recommenders/dlrm_v4/utils.py", "lineno": 1262, "samples_count": 54067200, "lr": 2.7495833333333336e-07}}
:::MLLOG {"namespace": "", "time_ms": 1790258544204, "event_type": "POINT_IN_TIME", "key": "train_loss", "value": 0.13096117973327637, "metadata": {"file": "/workspace/recommendation/generative_recommenders/dlrm_v4/utils.py", "lineno": 1262, "samples_count": 54476800, "lr": 2.7704166666666666e-07}}
:::MLLOG {"namespace": "", "time_ms": 1790258569471, "event_type": "POINT_IN_TIME", "key": "train_loss", "value": 0.12892794609069824, "metadata": {"file": "/workspace/recommendation/generative_recommenders/dlrm_v4/utils.py", "lineno": 1262, "samples_count": 54886400, "lr": 2.79125e-07}}
:::MLLOG {"namespace": "", "time_ms": 1790258594620, "event_type": "POINT_IN_TIME", "key": "train_loss", "value": 0.12748438119888306, "metadata": {"file": "/workspace/recommendation/generative_recommenders/dlrm_v4/utils.py", "lineno": 1262, "samples_count": 55296000, "lr": 2.812083333333333e-07}}
:::MLLOG {"namespace": "", "time_ms": 1790258620033, "event_type": "POINT_IN_TIME", "key": "train_loss", "value": 0.12370949983596802, "metadata": {"file": "/workspace/recommendation/generative_recommenders/dlrm_v4/utils.py", "lineno": 1262, "samples_count": 55705600, "lr": 2.8329166666666665e-07}}
:::MLLOG {"namespace": "", "time_ms": 1790258645311, "event_type": "POINT_IN_TIME", "key": "train_loss", "value": 0.12576037645339966, "metadata": {"file": "/workspace/recommendation/generative_recommenders/dlrm_v4/utils.py", "lineno": 1262, "samples_count": 56115200, "lr": 2.85375e-07}}
:::MLLOG {"namespace": "", "time_ms": 1790258670571, "event_type": "POINT_IN_TIME", "key": "train_loss", "value": 0.12791402637958527, "metadata": {"file": "/workspace/recommendation/generative_recommenders/dlrm_v4/utils.py", "lineno": 1262, "samples_count": 56524800, "lr": 2.874583333333333e-07}}
:::MLLOG {"namespace": "", "time_ms": 1790258695609, "event_type": "POINT_IN_TIME", "key": "train_loss", "value": 0.12120162695646286, "metadata": {"file": "/workspace/recommendation/generative_recommenders/dlrm_v4/utils.py", "lineno": 1262, "samples_count": 56934400, "lr": 2.8954166666666664e-07}}
:::MLLOG {"namespace": "", "time_ms": 1790258720693, "event_type": "POINT_IN_TIME", "key": "train_loss", "value": 0.12676852941513062, "metadata": {"file": "/workspace/recommendation/generative_recommenders/dlrm_v4/utils.py", "lineno": 1262, "samples_count": 57344000, "lr": 2.91625e-07}}
:::MLLOG {"namespace": "", "time_ms": 1790258720698, "event_type": "INTERVAL_END", "key": "block_stop", "value": null, "metadata": {"file": "/workspace/recommendation/generative_recommenders/dlrm_v4/train/mlperf_logging_utils.py", "lineno": 336, "samples_count": 57344000, "epoch_num": 0.02503191605309833}}
:::MLLOG {"namespace": "", "time_ms": 1790258720701, "event_type": "INTERVAL_START", "key": "eval_start", "value": null, "metadata": {"file": "/workspace/recommendation/generative_recommenders/dlrm_v4/train/mlperf_logging_utils.py", "lineno": 343, "samples_count": 57344000, "epoch_num": 0.02503191605309833}}
:::MLLOG {"namespace": "", "time_ms": 1790258950137, "event_type": "POINT_IN_TIME", "key": "eval_accuracy", "value": 0.6210371255874634, "metadata": {"file": "/workspace/recommendation/generative_recommenders/dlrm_v4/train/mlperf_logging_utils.py", "lineno": 384, "samples_count": 57344000, "epoch_num": 0.02503191605309833}}
:::MLLOG {"namespace": "", "time_ms": 1790258950465, "event_type": "INTERVAL_END", "key": "eval_stop", "value": null, "metadata": {"file": "/workspace/recommendation/generative_recommenders/dlrm_v4/train/mlperf_logging_utils.py", "lineno": 387, "samples_count": 57344000, "epoch_num": 0.02503191605309833}}
:::MLLOG {"namespace": "", "time_ms": 1790258950469, "event_type": "INTERVAL_START", "key": "block_start", "value": null, "metadata": {"file": "/workspace/recommendation/generative_recommenders/dlrm_v4/train/mlperf_logging_utils.py", "lineno": 329, "samples_count": 57344000, "epoch_num": 0.02503191605309833}}
:::MLLOG {"namespace": "", "time_ms": 1790258975879, "event_type": "POINT_IN_TIME", "key": "train_loss", "value": 0.12395721673965454, "metadata": {"file": "/workspace/recommendation/generative_recommenders/dlrm_v4/utils.py", "lineno": 1262, "samples_count": 57753600, "lr": 2.9370833333333334e-07}}
:::MLLOG {"namespace": "", "time_ms": 1790259001292, "event_type": "POINT_IN_TIME", "key": "train_loss", "value": 0.12720467150211334, "metadata": {"file": "/workspace/recommendation/generative_recommenders/dlrm_v4/utils.py", "lineno": 1262, "samples_count": 58163200, "lr": 2.9579166666666664e-07}}
:::MLLOG {"namespace": "", "time_ms": 1790259026460, "event_type": "POINT_IN_TIME", "key": "train_loss", "value": 0.1228422001004219, "metadata": {"file": "/workspace/recommendation/generative_recommenders/dlrm_v4/utils.py", "lineno": 1262, "samples_count": 58572800, "lr": 2.97875e-07}}
:::MLLOG {"namespace": "", "time_ms": 1790259051837, "event_type": "POINT_IN_TIME", "key": "train_loss", "value": 0.11567743122577667, "metadata": {"file": "/workspace/recommendation/generative_recommenders/dlrm_v4/utils.py", "lineno": 1262, "samples_count": 58982400, "lr": 2.9995833333333333e-07}}
:::MLLOG {"namespace": "", "time_ms": 1790259077173, "event_type": "POINT_IN_TIME", "key": "train_loss", "value": 0.11343131214380264, "metadata": {"file": "/workspace/recommendation/generative_recommenders/dlrm_v4/utils.py", "lineno": 1262, "samples_count": 59392000, "lr": 3.0204166666666663e-07}}
:::MLLOG {"namespace": "", "time_ms": 1790259092264, "event_type": "INTERVAL_END", "key": "block_stop", "value": null, "metadata": {"file": "/workspace/recommendation/generative_recommenders/dlrm_v4/train/mlperf_logging_utils.py", "lineno": 336, "samples_count": 59637760, "epoch_num": 0.026033192695222262}}
:::MLLOG {"namespace": "", "time_ms": 1790259092269, "event_type": "INTERVAL_START", "key": "eval_start", "value": null, "metadata": {"file": "/workspace/recommendation/generative_recommenders/dlrm_v4/train/mlperf_logging_utils.py", "lineno": 343, "samples_count": 59637760, "epoch_num": 0.026033192695222262}}
:::MLLOG {"namespace": "", "time_ms": 1790259187277, "event_type": "POINT_IN_TIME", "key": "eval_accuracy", "value": 0.6371973156929016, "metadata": {"file": "/workspace/recommendation/generative_recommenders/dlrm_v4/train/mlperf_logging_utils.py", "lineno": 384, "samples_count": 59637760, "epoch_num": 0.026033192695222262}}
:::MLLOG {"namespace": "", "time_ms": 1790259187282, "event_type": "INTERVAL_END", "key": "eval_stop", "value": null, "metadata": {"file": "/workspace/recommendation/generative_recommenders/dlrm_v4/train/mlperf_logging_utils.py", "lineno": 387, "samples_count": 59637760, "epoch_num": 0.026033192695222262}}
:::MLLOG {"namespace": "", "time_ms": 1790259187285, "event_type": "INTERVAL_START", "key": "block_start", "value": null, "metadata": {"file": "/workspace/recommendation/generative_recommenders/dlrm_v4/train/mlperf_logging_utils.py", "lineno": 329, "samples_count": 59637760, "epoch_num": 0.026033192695222262}}
:::MLLOG {"namespace": "", "time_ms": 1790259197466, "event_type": "POINT_IN_TIME", "key": "train_loss", "value": 0.12343261390924454, "metadata": {"file": "/workspace/recommendation/generative_recommenders/dlrm_v4/utils.py", "lineno": 1262, "samples_count": 59801600, "lr": 3.04125e-07}}
:::MLLOG {"namespace": "", "time_ms": 1790259222511, "event_type": "POINT_IN_TIME", "key": "train_loss", "value": 0.11754296720027924, "metadata": {"file": "/workspace/recommendation/generative_recommenders/dlrm_v4/utils.py", "lineno": 1262, "samples_count": 60211200, "lr": 3.0620833333333333e-07}}
:::MLLOG {"namespace": "", "time_ms": 1790259247611, "event_type": "POINT_IN_TIME", "key": "train_loss", "value": 0.12323074042797089, "metadata": {"file": "/workspace/recommendation/generative_recommenders/dlrm_v4/utils.py", "lineno": 1262, "samples_count": 60620800, "lr": 3.082916666666667e-07}}
:::MLLOG {"namespace": "", "time_ms": 1790259273347, "event_type": "POINT_IN_TIME", "key": "train_loss", "value": 0.12653838098049164, "metadata": {"file": "/workspace/recommendation/generative_recommenders/dlrm_v4/utils.py", "lineno": 1262, "samples_count": 61030400, "lr": 3.1037499999999997e-07}}
:::MLLOG {"namespace": "", "time_ms": 1790259298816, "event_type": "POINT_IN_TIME", "key": "train_loss", "value": 0.1140037253499031, "metadata": {"file": "/workspace/recommendation/generative_recommenders/dlrm_v4/utils.py", "lineno": 1262, "samples_count": 61440000, "lr": 3.124583333333333e-07}}
:::MLLOG {"namespace": "", "time_ms": 1790259324093, "event_type": "POINT_IN_TIME", "key": "train_loss", "value": 0.11855491995811462, "metadata": {"file": "/workspace/recommendation/generative_recommenders/dlrm_v4/utils.py", "lineno": 1262, "samples_count": 61849600, "lr": 3.1454166666666667e-07}}
:::MLLOG {"namespace": "", "time_ms": 1790259329221, "event_type": "INTERVAL_END", "key": "block_stop", "value": null, "metadata": {"file": "/workspace/recommendation/generative_recommenders/dlrm_v4/train/mlperf_logging_utils.py", "lineno": 336, "samples_count": 61931520, "epoch_num": 0.027034469337346195}}
:::MLLOG {"namespace": "", "time_ms": 1790259329227, "event_type": "INTERVAL_START", "key": "eval_start", "value": null, "metadata": {"file": "/workspace/recommendation/generative_recommenders/dlrm_v4/train/mlperf_logging_utils.py", "lineno": 343, "samples_count": 61931520, "epoch_num": 0.027034469337346195}}
:::MLLOG {"namespace": "", "time_ms": 1790259434211, "event_type": "POINT_IN_TIME", "key": "eval_accuracy", "value": 0.6635257601737976, "metadata": {"file": "/workspace/recommendation/generative_recommenders/dlrm_v4/train/mlperf_logging_utils.py", "lineno": 384, "samples_count": 61931520, "epoch_num": 0.027034469337346195}}
:::MLLOG {"namespace": "", "time_ms": 1790259434220, "event_type": "INTERVAL_END", "key": "eval_stop", "value": null, "metadata": {"file": "/workspace/recommendation/generative_recommenders/dlrm_v4/train/mlperf_logging_utils.py", "lineno": 387, "samples_count": 61931520, "epoch_num": 0.027034469337346195}}
:::MLLOG {"namespace": "", "time_ms": 1790259434223, "event_type": "INTERVAL_START", "key": "block_start", "value": null, "metadata": {"file": "/workspace/recommendation/generative_recommenders/dlrm_v4/train/mlperf_logging_utils.py", "lineno": 329, "samples_count": 61931520, "epoch_num": 0.027034469337346195}}
:::MLLOG {"namespace": "", "time_ms": 1790259454701, "event_type": "POINT_IN_TIME", "key": "train_loss", "value": 0.12000984698534012, "metadata": {"file": "/workspace/recommendation/generative_recommenders/dlrm_v4/utils.py", "lineno": 1262, "samples_count": 62259200, "lr": 3.1662499999999996e-07}}
:::MLLOG {"namespace": "", "time_ms": 1790259480257, "event_type": "POINT_IN_TIME", "key": "train_loss", "value": 0.11680871248245239, "metadata": {"file": "/workspace/recommendation/generative_recommenders/dlrm_v4/utils.py", "lineno": 1262, "samples_count": 62668800, "lr": 3.187083333333333e-07}}
:::MLLOG {"namespace": "", "time_ms": 1790259505674, "event_type": "POINT_IN_TIME", "key": "train_loss", "value": 0.12002847343683243, "metadata": {"file": "/workspace/recommendation/generative_recommenders/dlrm_v4/utils.py", "lineno": 1262, "samples_count": 63078400, "lr": 3.207916666666666e-07}}
:::MLLOG {"namespace": "", "time_ms": 1790259531046, "event_type": "POINT_IN_TIME", "key": "train_loss", "value": 0.12051627784967422, "metadata": {"file": "/workspace/recommendation/generative_recommenders/dlrm_v4/utils.py", "lineno": 1262, "samples_count": 63488000, "lr": 3.22875e-07}}
:::MLLOG {"namespace": "", "time_ms": 1790259556341, "event_type": "POINT_IN_TIME", "key": "train_loss", "value": 0.11715993285179138, "metadata": {"file": "/workspace/recommendation/generative_recommenders/dlrm_v4/utils.py", "lineno": 1262, "samples_count": 63897600, "lr": 3.2495833333333336e-07}}
:::MLLOG {"namespace": "", "time_ms": 1790259576667, "event_type": "INTERVAL_END", "key": "block_stop", "value": null, "metadata": {"file": "/workspace/recommendation/generative_recommenders/dlrm_v4/train/mlperf_logging_utils.py", "lineno": 336, "samples_count": 64225280, "epoch_num": 0.028035745979470127}}
:::MLLOG {"namespace": "", "time_ms": 1790259576673, "event_type": "INTERVAL_START", "key": "eval_start", "value": null, "metadata": {"file": "/workspace/recommendation/generative_recommenders/dlrm_v4/train/mlperf_logging_utils.py", "lineno": 343, "samples_count": 64225280, "epoch_num": 0.028035745979470127}}
:::MLLOG {"namespace": "", "time_ms": 1790259671757, "event_type": "POINT_IN_TIME", "key": "eval_accuracy", "value": 0.7011938095092773, "metadata": {"file": "/workspace/recommendation/generative_recommenders/dlrm_v4/train/mlperf_logging_utils.py", "lineno": 384, "samples_count": 64225280, "epoch_num": 0.028035745979470127}}
:::MLLOG {"namespace": "", "time_ms": 1790259671768, "event_type": "INTERVAL_END", "key": "eval_stop", "value": null, "metadata": {"file": "/workspace/recommendation/generative_recommenders/dlrm_v4/train/mlperf_logging_utils.py", "lineno": 387, "samples_count": 64225280, "epoch_num": 0.028035745979470127}}
:::MLLOG {"namespace": "", "time_ms": 1790259671772, "event_type": "INTERVAL_START", "key": "block_start", "value": null, "metadata": {"file": "/workspace/recommendation/generative_recommenders/dlrm_v4/train/mlperf_logging_utils.py", "lineno": 329, "samples_count": 64225280, "epoch_num": 0.028035745979470127}}
:::MLLOG {"namespace": "", "time_ms": 1790259676875, "event_type": "POINT_IN_TIME", "key": "train_loss", "value": 0.11427146941423416, "metadata": {"file": "/workspace/recommendation/generative_recommenders/dlrm_v4/utils.py", "lineno": 1262, "samples_count": 64307200, "lr": 3.2704166666666666e-07}}
:::MLLOG {"namespace": "", "time_ms": 1790259702767, "event_type": "POINT_IN_TIME", "key": "train_loss", "value": 0.11636602878570557, "metadata": {"file": "/workspace/recommendation/generative_recommenders/dlrm_v4/utils.py", "lineno": 1262, "samples_count": 64716800, "lr": 3.29125e-07}}
:::MLLOG {"namespace": "", "time_ms": 1790259728373, "event_type": "POINT_IN_TIME", "key": "train_loss", "value": 0.10925618559122086, "metadata": {"file": "/workspace/recommendation/generative_recommenders/dlrm_v4/utils.py", "lineno": 1262, "samples_count": 65126400, "lr": 3.312083333333333e-07}}
:::MLLOG {"namespace": "", "time_ms": 1790259753746, "event_type": "POINT_IN_TIME", "key": "train_loss", "value": 0.10847272723913193, "metadata": {"file": "/workspace/recommendation/generative_recommenders/dlrm_v4/utils.py", "lineno": 1262, "samples_count": 65536000, "lr": 3.3329166666666665e-07}}
:::MLLOG {"namespace": "", "time_ms": 1790259779941, "event_type": "POINT_IN_TIME", "key": "train_loss", "value": 0.12442967295646667, "metadata": {"file": "/workspace/recommendation/generative_recommenders/dlrm_v4/utils.py", "lineno": 1262, "samples_count": 65945600, "lr": 3.3537499999999994e-07}}
:::MLLOG {"namespace": "", "time_ms": 1790259806016, "event_type": "POINT_IN_TIME", "key": "train_loss", "value": 0.12622986733913422, "metadata": {"file": "/workspace/recommendation/generative_recommenders/dlrm_v4/utils.py", "lineno": 1262, "samples_count": 66355200, "lr": 3.3745833333333335e-07}}
:::MLLOG {"namespace": "", "time_ms": 1790259816419, "event_type": "INTERVAL_END", "key": "block_stop", "value": null, "metadata": {"file": "/workspace/recommendation/generative_recommenders/dlrm_v4/train/mlperf_logging_utils.py", "lineno": 336, "samples_count": 66519040, "epoch_num": 0.02903702262159406}}
:::MLLOG {"namespace": "", "time_ms": 1790259816425, "event_type": "INTERVAL_START", "key": "eval_start", "value": null, "metadata": {"file": "/workspace/recommendation/generative_recommenders/dlrm_v4/train/mlperf_logging_utils.py", "lineno": 343, "samples_count": 66519040, "epoch_num": 0.02903702262159406}}
:::MLLOG {"namespace": "", "time_ms": 1790259911497, "event_type": "POINT_IN_TIME", "key": "eval_accuracy", "value": 0.7497195601463318, "metadata": {"file": "/workspace/recommendation/generative_recommenders/dlrm_v4/train/mlperf_logging_utils.py", "lineno": 384, "samples_count": 66519040, "epoch_num": 0.02903702262159406}}
:::MLLOG {"namespace": "", "time_ms": 1790259911848, "event_type": "INTERVAL_END", "key": "eval_stop", "value": null, "metadata": {"file": "/workspace/recommendation/generative_recommenders/dlrm_v4/train/mlperf_logging_utils.py", "lineno": 387, "samples_count": 66519040, "epoch_num": 0.02903702262159406}}
:::MLLOG {"namespace": "", "time_ms": 1790259911852, "event_type": "INTERVAL_START", "key": "block_start", "value": null, "metadata": {"file": "/workspace/recommendation/generative_recommenders/dlrm_v4/train/mlperf_logging_utils.py", "lineno": 329, "samples_count": 66519040, "epoch_num": 0.02903702262159406}}
:::MLLOG {"namespace": "", "time_ms": 1790259927410, "event_type": "POINT_IN_TIME", "key": "train_loss", "value": 0.11945211887359619, "metadata": {"file": "/workspace/recommendation/generative_recommenders/dlrm_v4/utils.py", "lineno": 1262, "samples_count": 66764800, "lr": 3.395416666666667e-07}}
:::MLLOG {"namespace": "", "time_ms": 1790259953312, "event_type": "POINT_IN_TIME", "key": "train_loss", "value": 0.11278228461742401, "metadata": {"file": "/workspace/recommendation/generative_recommenders/dlrm_v4/utils.py", "lineno": 1262, "samples_count": 67174400, "lr": 3.41625e-07}}
:::MLLOG {"namespace": "", "time_ms": 1790259979234, "event_type": "POINT_IN_TIME", "key": "train_loss", "value": 0.11452696472406387, "metadata": {"file": "/workspace/recommendation/generative_recommenders/dlrm_v4/utils.py", "lineno": 1262, "samples_count": 67584000, "lr": 3.4370833333333334e-07}}
:::MLLOG {"namespace": "", "time_ms": 1790260005436, "event_type": "POINT_IN_TIME", "key": "train_loss", "value": 0.11361129581928253, "metadata": {"file": "/workspace/recommendation/generative_recommenders/dlrm_v4/utils.py", "lineno": 1262, "samples_count": 67993600, "lr": 3.4579166666666663e-07}}
:::MLLOG {"namespace": "", "time_ms": 1790260031599, "event_type": "POINT_IN_TIME", "key": "train_loss", "value": 0.11750856786966324, "metadata": {"file": "/workspace/recommendation/generative_recommenders/dlrm_v4/utils.py", "lineno": 1262, "samples_count": 68403200, "lr": 3.47875e-07}}
:::MLLOG {"namespace": "", "time_ms": 1790260057791, "event_type": "POINT_IN_TIME", "key": "train_loss", "value": 0.11414279043674469, "metadata": {"file": "/workspace/recommendation/generative_recommenders/dlrm_v4/utils.py", "lineno": 1262, "samples_count": 68812800, "lr": 3.499583333333333e-07}}
:::MLLOG {"namespace": "", "time_ms": 1790260057796, "event_type": "INTERVAL_END", "key": "block_stop", "value": null, "metadata": {"file": "/workspace/recommendation/generative_recommenders/dlrm_v4/train/mlperf_logging_utils.py", "lineno": 336, "samples_count": 68812800, "epoch_num": 0.030038299263717993}}
:::MLLOG {"namespace": "", "time_ms": 1790260057800, "event_type": "INTERVAL_START", "key": "eval_start", "value": null, "metadata": {"file": "/workspace/recommendation/generative_recommenders/dlrm_v4/train/mlperf_logging_utils.py", "lineno": 343, "samples_count": 68812800, "epoch_num": 0.030038299263717993}}
:::MLLOG {"namespace": "", "time_ms": 1790260153957, "event_type": "POINT_IN_TIME", "key": "eval_accuracy", "value": 0.7591435313224792, "metadata": {"file": "/workspace/recommendation/generative_recommenders/dlrm_v4/train/mlperf_logging_utils.py", "lineno": 384, "samples_count": 68812800, "epoch_num": 0.030038299263717993}}
:::MLLOG {"namespace": "", "time_ms": 1790260153963, "event_type": "INTERVAL_END", "key": "eval_stop", "value": null, "metadata": {"file": "/workspace/recommendation/generative_recommenders/dlrm_v4/train/mlperf_logging_utils.py", "lineno": 387, "samples_count": 68812800, "epoch_num": 0.030038299263717993}}
:::MLLOG {"namespace": "", "time_ms": 1790260153967, "event_type": "INTERVAL_END", "key": "run_stop", "value": null, "metadata": {"file": "/workspace/recommendation/generative_recommenders/dlrm_v4/train/mlperf_logging_utils.py", "lineno": 368, "status": "success", "samples_count": 68812800, "epoch_num": 0.030038299263717993}}
