:::MLLOG {"namespace": "", "time_ms": 1790243837709, "event_type": "POINT_IN_TIME", "key": "cache_clear", "value": true, "metadata": {"file": "/workspace/recommendation/generative_recommenders/dlrm_v4/train/train_ranker.py", "lineno": 104}}
:::MLLOG {"namespace": "", "time_ms": 1790243837790, "event_type": "INTERVAL_START", "key": "init_start", "value": null, "metadata": {"file": "/workspace/recommendation/generative_recommenders/dlrm_v4/train/train_ranker.py", "lineno": 105}}
:::MLLOG {"namespace": "", "time_ms": 1790243852091, "event_type": "POINT_IN_TIME", "key": "submission_benchmark", "value": "dlrmv4", "metadata": {"file": "/workspace/recommendation/generative_recommenders/dlrm_v4/train/mlperf_logging_utils.py", "lineno": 153}}
:::MLLOG {"namespace": "", "time_ms": 1790243852097, "event_type": "POINT_IN_TIME", "key": "submission_org", "value": "AMD", "metadata": {"file": "/workspace/recommendation/generative_recommenders/dlrm_v4/train/mlperf_logging_utils.py", "lineno": 154}}
:::MLLOG {"namespace": "", "time_ms": 1790243852100, "event_type": "POINT_IN_TIME", "key": "submission_division", "value": "closed", "metadata": {"file": "/workspace/recommendation/generative_recommenders/dlrm_v4/train/mlperf_logging_utils.py", "lineno": 155}}
:::MLLOG {"namespace": "", "time_ms": 1790243852103, "event_type": "POINT_IN_TIME", "key": "submission_status", "value": "onprem", "metadata": {"file": "/workspace/recommendation/generative_recommenders/dlrm_v4/train/mlperf_logging_utils.py", "lineno": 156}}
:::MLLOG {"namespace": "", "time_ms": 1790243852106, "event_type": "POINT_IN_TIME", "key": "submission_platform", "value": "GB300", "metadata": {"file": "/workspace/recommendation/generative_recommenders/dlrm_v4/train/mlperf_logging_utils.py", "lineno": 157}}
:::MLLOG {"namespace": "", "time_ms": 1790243852109, "event_type": "POINT_IN_TIME", "key": "global_batch_size", "value": 8192, "metadata": {"file": "/workspace/recommendation/generative_recommenders/dlrm_v4/train/mlperf_logging_utils.py", "lineno": 179}}
:::MLLOG {"namespace": "", "time_ms": 1790243852111, "event_type": "POINT_IN_TIME", "key": "gradient_accumulation_steps", "value": 1, "metadata": {"file": "/workspace/recommendation/generative_recommenders/dlrm_v4/train/mlperf_logging_utils.py", "lineno": 180}}
:::MLLOG {"namespace": "", "time_ms": 1790243852114, "event_type": "POINT_IN_TIME", "key": "seed", "value": 19086, "metadata": {"file": "/workspace/recommendation/generative_recommenders/dlrm_v4/train/mlperf_logging_utils.py", "lineno": 183}}
:::MLLOG {"namespace": "", "time_ms": 1790243852117, "event_type": "POINT_IN_TIME", "key": "opt_name", "value": "Adam", "metadata": {"file": "/workspace/recommendation/generative_recommenders/dlrm_v4/train/mlperf_logging_utils.py", "lineno": 184}}
:::MLLOG {"namespace": "", "time_ms": 1790243852119, "event_type": "POINT_IN_TIME", "key": "opt_base_learning_rate", "value": 1e-06, "metadata": {"file": "/workspace/recommendation/generative_recommenders/dlrm_v4/train/mlperf_logging_utils.py", "lineno": 188}}
:::MLLOG {"namespace": "", "time_ms": 1790243852122, "event_type": "POINT_IN_TIME", "key": "opt_adam_beta_1", "value": 0.95, "metadata": {"file": "/workspace/recommendation/generative_recommenders/dlrm_v4/train/mlperf_logging_utils.py", "lineno": 193}}
:::MLLOG {"namespace": "", "time_ms": 1790243852125, "event_type": "POINT_IN_TIME", "key": "opt_adam_beta_2", "value": 0.999, "metadata": {"file": "/workspace/recommendation/generative_recommenders/dlrm_v4/train/mlperf_logging_utils.py", "lineno": 194}}
:::MLLOG {"namespace": "", "time_ms": 1790243852128, "event_type": "POINT_IN_TIME", "key": "opt_adam_epsilon", "value": 1e-08, "metadata": {"file": "/workspace/recommendation/generative_recommenders/dlrm_v4/train/mlperf_logging_utils.py", "lineno": 195}}
:::MLLOG {"namespace": "", "time_ms": 1790243852130, "event_type": "POINT_IN_TIME", "key": "opt_weight_decay", "value": 0.0, "metadata": {"file": "/workspace/recommendation/generative_recommenders/dlrm_v4/train/mlperf_logging_utils.py", "lineno": 199}}
:::MLLOG {"namespace": "", "time_ms": 1790243852133, "event_type": "POINT_IN_TIME", "key": "opt_gradient_clip_norm", "value": 1.0, "metadata": {"file": "/workspace/recommendation/generative_recommenders/dlrm_v4/train/mlperf_logging_utils.py", "lineno": 205}}
:::MLLOG {"namespace": "", "time_ms": 1790243852137, "event_type": "POINT_IN_TIME", "key": "opt_learning_rate_warmup_steps", "value": 24000, "metadata": {"file": "/workspace/recommendation/generative_recommenders/dlrm_v4/train/mlperf_logging_utils.py", "lineno": 209}}
:::MLLOG {"namespace": "", "time_ms": 1790243852139, "event_type": "POINT_IN_TIME", "key": "opt_learning_rate_warmup_start_lr", "value": 0.0, "metadata": {"file": "/workspace/recommendation/generative_recommenders/dlrm_v4/train/mlperf_logging_utils.py", "lineno": 215}}
:::MLLOG {"namespace": "", "time_ms": 1790243852142, "event_type": "POINT_IN_TIME", "key": "opt_sparse_name", "value": "RowWiseAdagrad", "metadata": {"file": "/workspace/recommendation/generative_recommenders/dlrm_v4/train/mlperf_logging_utils.py", "lineno": 221}}
:::MLLOG {"namespace": "", "time_ms": 1790243852146, "event_type": "POINT_IN_TIME", "key": "opt_sparse_base_learning_rate", "value": 1e-06, "metadata": {"file": "/workspace/recommendation/generative_recommenders/dlrm_v4/train/mlperf_logging_utils.py", "lineno": 227}}
:::MLLOG {"namespace": "", "time_ms": 1790243852149, "event_type": "POINT_IN_TIME", "key": "max_sequence_length", "value": 4096, "metadata": {"file": "/workspace/recommendation/generative_recommenders/dlrm_v4/train/mlperf_logging_utils.py", "lineno": 233}}
:::MLLOG {"namespace": "", "time_ms": 1790243852151, "event_type": "POINT_IN_TIME", "key": "eval_every_data_pct", "value": 0.001, "metadata": {"file": "/workspace/recommendation/generative_recommenders/dlrm_v4/train/mlperf_logging_utils.py", "lineno": 242}}
:::MLLOG {"namespace": "", "time_ms": 1790243852154, "event_type": "POINT_IN_TIME", "key": "skip_eval_epoch_pct", "value": 0.025, "metadata": {"file": "/workspace/recommendation/generative_recommenders/dlrm_v4/train/mlperf_logging_utils.py", "lineno": 248}}
:::MLLOG {"namespace": "", "time_ms": 1790243852158, "event_type": "INTERVAL_END", "key": "init_stop", "value": null, "metadata": {"file": "/workspace/recommendation/generative_recommenders/dlrm_v4/train/mlperf_logging_utils.py", "lineno": 254}}
:::MLLOG {"namespace": "", "time_ms": 1790243852161, "event_type": "INTERVAL_START", "key": "run_start", "value": null, "metadata": {"file": "/workspace/recommendation/generative_recommenders/dlrm_v4/train/mlperf_logging_utils.py", "lineno": 255}}
:::MLLOG {"namespace": "", "time_ms": 1790244803533, "event_type": "POINT_IN_TIME", "key": "train_samples", "value": 2290835423, "metadata": {"file": "/workspace/recommendation/generative_recommenders/dlrm_v4/train/mlperf_logging_utils.py", "lineno": 323}}
:::MLLOG {"namespace": "", "time_ms": 1790244804007, "event_type": "POINT_IN_TIME", "key": "eval_samples", "value": 2058204, "metadata": {"file": "/workspace/recommendation/generative_recommenders/dlrm_v4/train/mlperf_logging_utils.py", "lineno": 325}}
:::MLLOG {"namespace": "", "time_ms": 1790244804104, "event_type": "INTERVAL_START", "key": "block_start", "value": null, "metadata": {"file": "/workspace/recommendation/generative_recommenders/dlrm_v4/train/mlperf_logging_utils.py", "lineno": 329, "samples_count": 0, "epoch_num": 0.0}}
:::MLLOG {"namespace": "", "time_ms": 1790255238385, "event_type": "POINT_IN_TIME", "key": "train_loss", "value": 0.13860853016376495, "metadata": {"file": "/workspace/recommendation/generative_recommenders/dlrm_v4/utils.py", "lineno": 1262, "samples_count": 409600, "lr": 2.0416666666666663e-09}}
:::MLLOG {"namespace": "", "time_ms": 1790255262229, "event_type": "POINT_IN_TIME", "key": "train_loss", "value": 0.13866667449474335, "metadata": {"file": "/workspace/recommendation/generative_recommenders/dlrm_v4/utils.py", "lineno": 1262, "samples_count": 819200, "lr": 4.125e-09}}
:::MLLOG {"namespace": "", "time_ms": 1790255285124, "event_type": "POINT_IN_TIME", "key": "train_loss", "value": 0.13879990577697754, "metadata": {"file": "/workspace/recommendation/generative_recommenders/dlrm_v4/utils.py", "lineno": 1262, "samples_count": 1228800, "lr": 6.208333333333333e-09}}
:::MLLOG {"namespace": "", "time_ms": 1790255308547, "event_type": "POINT_IN_TIME", "key": "train_loss", "value": 0.13887129724025726, "metadata": {"file": "/workspace/recommendation/generative_recommenders/dlrm_v4/utils.py", "lineno": 1262, "samples_count": 1638400, "lr": 8.291666666666665e-09}}
:::MLLOG {"namespace": "", "time_ms": 1790255332002, "event_type": "POINT_IN_TIME", "key": "train_loss", "value": 0.1386343389749527, "metadata": {"file": "/workspace/recommendation/generative_recommenders/dlrm_v4/utils.py", "lineno": 1262, "samples_count": 2048000, "lr": 1.0375e-08}}
:::MLLOG {"namespace": "", "time_ms": 1790255355748, "event_type": "POINT_IN_TIME", "key": "train_loss", "value": 0.13885726034641266, "metadata": {"file": "/workspace/recommendation/generative_recommenders/dlrm_v4/utils.py", "lineno": 1262, "samples_count": 2457600, "lr": 1.2458333333333332e-08}}
:::MLLOG {"namespace": "", "time_ms": 1790255380004, "event_type": "POINT_IN_TIME", "key": "train_loss", "value": 0.13872946798801422, "metadata": {"file": "/workspace/recommendation/generative_recommenders/dlrm_v4/utils.py", "lineno": 1262, "samples_count": 2867200, "lr": 1.4541666666666666e-08}}
:::MLLOG {"namespace": "", "time_ms": 1790255403751, "event_type": "POINT_IN_TIME", "key": "train_loss", "value": 0.13859502971172333, "metadata": {"file": "/workspace/recommendation/generative_recommenders/dlrm_v4/utils.py", "lineno": 1262, "samples_count": 3276800, "lr": 1.6625e-08}}
:::MLLOG {"namespace": "", "time_ms": 1790255427720, "event_type": "POINT_IN_TIME", "key": "train_loss", "value": 0.13875985145568848, "metadata": {"file": "/workspace/recommendation/generative_recommenders/dlrm_v4/utils.py", "lineno": 1262, "samples_count": 3686400, "lr": 1.8708333333333334e-08}}
:::MLLOG {"namespace": "", "time_ms": 1790255451828, "event_type": "POINT_IN_TIME", "key": "train_loss", "value": 0.1387604922056198, "metadata": {"file": "/workspace/recommendation/generative_recommenders/dlrm_v4/utils.py", "lineno": 1262, "samples_count": 4096000, "lr": 2.0791666666666666e-08}}
:::MLLOG {"namespace": "", "time_ms": 1790255476136, "event_type": "POINT_IN_TIME", "key": "train_loss", "value": 0.13836178183555603, "metadata": {"file": "/workspace/recommendation/generative_recommenders/dlrm_v4/utils.py", "lineno": 1262, "samples_count": 4505600, "lr": 2.2874999999999998e-08}}
:::MLLOG {"namespace": "", "time_ms": 1790255500412, "event_type": "POINT_IN_TIME", "key": "train_loss", "value": 0.1385822892189026, "metadata": {"file": "/workspace/recommendation/generative_recommenders/dlrm_v4/utils.py", "lineno": 1262, "samples_count": 4915200, "lr": 2.495833333333333e-08}}
:::MLLOG {"namespace": "", "time_ms": 1790255525121, "event_type": "POINT_IN_TIME", "key": "train_loss", "value": 0.1382800191640854, "metadata": {"file": "/workspace/recommendation/generative_recommenders/dlrm_v4/utils.py", "lineno": 1262, "samples_count": 5324800, "lr": 2.7041666666666666e-08}}
:::MLLOG {"namespace": "", "time_ms": 1790255549180, "event_type": "POINT_IN_TIME", "key": "train_loss", "value": 0.13781104981899261, "metadata": {"file": "/workspace/recommendation/generative_recommenders/dlrm_v4/utils.py", "lineno": 1262, "samples_count": 5734400, "lr": 2.9125e-08}}
:::MLLOG {"namespace": "", "time_ms": 1790255573391, "event_type": "POINT_IN_TIME", "key": "train_loss", "value": 0.1372264176607132, "metadata": {"file": "/workspace/recommendation/generative_recommenders/dlrm_v4/utils.py", "lineno": 1262, "samples_count": 6144000, "lr": 3.120833333333333e-08}}
:::MLLOG {"namespace": "", "time_ms": 1790255597624, "event_type": "POINT_IN_TIME", "key": "train_loss", "value": 0.13781024515628815, "metadata": {"file": "/workspace/recommendation/generative_recommenders/dlrm_v4/utils.py", "lineno": 1262, "samples_count": 6553600, "lr": 3.329166666666666e-08}}
:::MLLOG {"namespace": "", "time_ms": 1790255621988, "event_type": "POINT_IN_TIME", "key": "train_loss", "value": 0.1371344029903412, "metadata": {"file": "/workspace/recommendation/generative_recommenders/dlrm_v4/utils.py", "lineno": 1262, "samples_count": 6963200, "lr": 3.5375e-08}}
:::MLLOG {"namespace": "", "time_ms": 1790255646034, "event_type": "POINT_IN_TIME", "key": "train_loss", "value": 0.13691779971122742, "metadata": {"file": "/workspace/recommendation/generative_recommenders/dlrm_v4/utils.py", "lineno": 1262, "samples_count": 7372800, "lr": 3.745833333333333e-08}}
:::MLLOG {"namespace": "", "time_ms": 1790255670812, "event_type": "POINT_IN_TIME", "key": "train_loss", "value": 0.13634663820266724, "metadata": {"file": "/workspace/recommendation/generative_recommenders/dlrm_v4/utils.py", "lineno": 1262, "samples_count": 7782400, "lr": 3.954166666666667e-08}}
:::MLLOG {"namespace": "", "time_ms": 1790255695295, "event_type": "POINT_IN_TIME", "key": "train_loss", "value": 0.1377735733985901, "metadata": {"file": "/workspace/recommendation/generative_recommenders/dlrm_v4/utils.py", "lineno": 1262, "samples_count": 8192000, "lr": 4.1625e-08}}
:::MLLOG {"namespace": "", "time_ms": 1790255720101, "event_type": "POINT_IN_TIME", "key": "train_loss", "value": 0.1355888545513153, "metadata": {"file": "/workspace/recommendation/generative_recommenders/dlrm_v4/utils.py", "lineno": 1262, "samples_count": 8601600, "lr": 4.370833333333333e-08}}
:::MLLOG {"namespace": "", "time_ms": 1790255744852, "event_type": "POINT_IN_TIME", "key": "train_loss", "value": 0.13563507795333862, "metadata": {"file": "/workspace/recommendation/generative_recommenders/dlrm_v4/utils.py", "lineno": 1262, "samples_count": 9011200, "lr": 4.579166666666667e-08}}
:::MLLOG {"namespace": "", "time_ms": 1790255787197, "event_type": "POINT_IN_TIME", "key": "train_loss", "value": 0.13598082959651947, "metadata": {"file": "/workspace/recommendation/generative_recommenders/dlrm_v4/utils.py", "lineno": 1262, "samples_count": 9420800, "lr": 4.7875e-08}}
:::MLLOG {"namespace": "", "time_ms": 1790255811629, "event_type": "POINT_IN_TIME", "key": "train_loss", "value": 0.13499826192855835, "metadata": {"file": "/workspace/recommendation/generative_recommenders/dlrm_v4/utils.py", "lineno": 1262, "samples_count": 9830400, "lr": 4.995833333333333e-08}}
:::MLLOG {"namespace": "", "time_ms": 1790255835967, "event_type": "POINT_IN_TIME", "key": "train_loss", "value": 0.13657246530056, "metadata": {"file": "/workspace/recommendation/generative_recommenders/dlrm_v4/utils.py", "lineno": 1262, "samples_count": 10240000, "lr": 5.204166666666666e-08}}
:::MLLOG {"namespace": "", "time_ms": 1790255860170, "event_type": "POINT_IN_TIME", "key": "train_loss", "value": 0.13789986073970795, "metadata": {"file": "/workspace/recommendation/generative_recommenders/dlrm_v4/utils.py", "lineno": 1262, "samples_count": 10649600, "lr": 5.4124999999999997e-08}}
:::MLLOG {"namespace": "", "time_ms": 1790255884503, "event_type": "POINT_IN_TIME", "key": "train_loss", "value": 0.1360214203596115, "metadata": {"file": "/workspace/recommendation/generative_recommenders/dlrm_v4/utils.py", "lineno": 1262, "samples_count": 11059200, "lr": 5.620833333333333e-08}}
:::MLLOG {"namespace": "", "time_ms": 1790255908460, "event_type": "POINT_IN_TIME", "key": "train_loss", "value": 0.13788244128227234, "metadata": {"file": "/workspace/recommendation/generative_recommenders/dlrm_v4/utils.py", "lineno": 1262, "samples_count": 11468800, "lr": 5.829166666666666e-08}}
:::MLLOG {"namespace": "", "time_ms": 1790255932831, "event_type": "POINT_IN_TIME", "key": "train_loss", "value": 0.13655497133731842, "metadata": {"file": "/workspace/recommendation/generative_recommenders/dlrm_v4/utils.py", "lineno": 1262, "samples_count": 11878400, "lr": 6.0375e-08}}
:::MLLOG {"namespace": "", "time_ms": 1790255956973, "event_type": "POINT_IN_TIME", "key": "train_loss", "value": 0.13507917523384094, "metadata": {"file": "/workspace/recommendation/generative_recommenders/dlrm_v4/utils.py", "lineno": 1262, "samples_count": 12288000, "lr": 6.245833333333333e-08}}
:::MLLOG {"namespace": "", "time_ms": 1790255981161, "event_type": "POINT_IN_TIME", "key": "train_loss", "value": 0.13699720799922943, "metadata": {"file": "/workspace/recommendation/generative_recommenders/dlrm_v4/utils.py", "lineno": 1262, "samples_count": 12697600, "lr": 6.454166666666667e-08}}
:::MLLOG {"namespace": "", "time_ms": 1790256005606, "event_type": "POINT_IN_TIME", "key": "train_loss", "value": 0.1318769007921219, "metadata": {"file": "/workspace/recommendation/generative_recommenders/dlrm_v4/utils.py", "lineno": 1262, "samples_count": 13107200, "lr": 6.6625e-08}}
:::MLLOG {"namespace": "", "time_ms": 1790256029710, "event_type": "POINT_IN_TIME", "key": "train_loss", "value": 0.13337568938732147, "metadata": {"file": "/workspace/recommendation/generative_recommenders/dlrm_v4/utils.py", "lineno": 1262, "samples_count": 13516800, "lr": 6.870833333333332e-08}}
:::MLLOG {"namespace": "", "time_ms": 1790256054021, "event_type": "POINT_IN_TIME", "key": "train_loss", "value": 0.13379712402820587, "metadata": {"file": "/workspace/recommendation/generative_recommenders/dlrm_v4/utils.py", "lineno": 1262, "samples_count": 13926400, "lr": 7.079166666666666e-08}}
:::MLLOG {"namespace": "", "time_ms": 1790256078419, "event_type": "POINT_IN_TIME", "key": "train_loss", "value": 0.12950284779071808, "metadata": {"file": "/workspace/recommendation/generative_recommenders/dlrm_v4/utils.py", "lineno": 1262, "samples_count": 14336000, "lr": 7.2875e-08}}
:::MLLOG {"namespace": "", "time_ms": 1790256102702, "event_type": "POINT_IN_TIME", "key": "train_loss", "value": 0.12833577394485474, "metadata": {"file": "/workspace/recommendation/generative_recommenders/dlrm_v4/utils.py", "lineno": 1262, "samples_count": 14745600, "lr": 7.495833333333333e-08}}
:::MLLOG {"namespace": "", "time_ms": 1790256126871, "event_type": "POINT_IN_TIME", "key": "train_loss", "value": 0.13246318697929382, "metadata": {"file": "/workspace/recommendation/generative_recommenders/dlrm_v4/utils.py", "lineno": 1262, "samples_count": 15155200, "lr": 7.704166666666665e-08}}
:::MLLOG {"namespace": "", "time_ms": 1790256151583, "event_type": "POINT_IN_TIME", "key": "train_loss", "value": 0.13363724946975708, "metadata": {"file": "/workspace/recommendation/generative_recommenders/dlrm_v4/utils.py", "lineno": 1262, "samples_count": 15564800, "lr": 7.9125e-08}}
:::MLLOG {"namespace": "", "time_ms": 1790256176556, "event_type": "POINT_IN_TIME", "key": "train_loss", "value": 0.1343829333782196, "metadata": {"file": "/workspace/recommendation/generative_recommenders/dlrm_v4/utils.py", "lineno": 1262, "samples_count": 15974400, "lr": 8.120833333333332e-08}}
:::MLLOG {"namespace": "", "time_ms": 1790256201507, "event_type": "POINT_IN_TIME", "key": "train_loss", "value": 0.1338956654071808, "metadata": {"file": "/workspace/recommendation/generative_recommenders/dlrm_v4/utils.py", "lineno": 1262, "samples_count": 16384000, "lr": 8.329166666666666e-08}}
:::MLLOG {"namespace": "", "time_ms": 1790256226442, "event_type": "POINT_IN_TIME", "key": "train_loss", "value": 0.13567405939102173, "metadata": {"file": "/workspace/recommendation/generative_recommenders/dlrm_v4/utils.py", "lineno": 1262, "samples_count": 16793600, "lr": 8.537500000000001e-08}}
:::MLLOG {"namespace": "", "time_ms": 1790256251820, "event_type": "POINT_IN_TIME", "key": "train_loss", "value": 0.1353619396686554, "metadata": {"file": "/workspace/recommendation/generative_recommenders/dlrm_v4/utils.py", "lineno": 1262, "samples_count": 17203200, "lr": 8.745833333333333e-08}}
:::MLLOG {"namespace": "", "time_ms": 1790256276840, "event_type": "POINT_IN_TIME", "key": "train_loss", "value": 0.13513770699501038, "metadata": {"file": "/workspace/recommendation/generative_recommenders/dlrm_v4/utils.py", "lineno": 1262, "samples_count": 17612800, "lr": 8.954166666666667e-08}}
:::MLLOG {"namespace": "", "time_ms": 1790256301556, "event_type": "POINT_IN_TIME", "key": "train_loss", "value": 0.13377343118190765, "metadata": {"file": "/workspace/recommendation/generative_recommenders/dlrm_v4/utils.py", "lineno": 1262, "samples_count": 18022400, "lr": 9.162499999999999e-08}}
:::MLLOG {"namespace": "", "time_ms": 1790256326552, "event_type": "POINT_IN_TIME", "key": "train_loss", "value": 0.13251830637454987, "metadata": {"file": "/workspace/recommendation/generative_recommenders/dlrm_v4/utils.py", "lineno": 1262, "samples_count": 18432000, "lr": 9.370833333333334e-08}}
:::MLLOG {"namespace": "", "time_ms": 1790256352176, "event_type": "POINT_IN_TIME", "key": "train_loss", "value": 0.13529960811138153, "metadata": {"file": "/workspace/recommendation/generative_recommenders/dlrm_v4/utils.py", "lineno": 1262, "samples_count": 18841600, "lr": 9.579166666666666e-08}}
:::MLLOG {"namespace": "", "time_ms": 1790256377407, "event_type": "POINT_IN_TIME", "key": "train_loss", "value": 0.13091565668582916, "metadata": {"file": "/workspace/recommendation/generative_recommenders/dlrm_v4/utils.py", "lineno": 1262, "samples_count": 19251200, "lr": 9.7875e-08}}
:::MLLOG {"namespace": "", "time_ms": 1790256402744, "event_type": "POINT_IN_TIME", "key": "train_loss", "value": 0.1340230256319046, "metadata": {"file": "/workspace/recommendation/generative_recommenders/dlrm_v4/utils.py", "lineno": 1262, "samples_count": 19660800, "lr": 9.995833333333333e-08}}
:::MLLOG {"namespace": "", "time_ms": 1790256428339, "event_type": "POINT_IN_TIME", "key": "train_loss", "value": 0.13174286484718323, "metadata": {"file": "/workspace/recommendation/generative_recommenders/dlrm_v4/utils.py", "lineno": 1262, "samples_count": 20070400, "lr": 1.0204166666666667e-07}}
:::MLLOG {"namespace": "", "time_ms": 1790256452850, "event_type": "POINT_IN_TIME", "key": "train_loss", "value": 0.12954911589622498, "metadata": {"file": "/workspace/recommendation/generative_recommenders/dlrm_v4/utils.py", "lineno": 1262, "samples_count": 20480000, "lr": 1.0412499999999999e-07}}
:::MLLOG {"namespace": "", "time_ms": 1790256477422, "event_type": "POINT_IN_TIME", "key": "train_loss", "value": 0.13958881795406342, "metadata": {"file": "/workspace/recommendation/generative_recommenders/dlrm_v4/utils.py", "lineno": 1262, "samples_count": 20889600, "lr": 1.0620833333333334e-07}}
:::MLLOG {"namespace": "", "time_ms": 1790256502162, "event_type": "POINT_IN_TIME", "key": "train_loss", "value": 0.13043014705181122, "metadata": {"file": "/workspace/recommendation/generative_recommenders/dlrm_v4/utils.py", "lineno": 1262, "samples_count": 21299200, "lr": 1.0829166666666666e-07}}
:::MLLOG {"namespace": "", "time_ms": 1790256527197, "event_type": "POINT_IN_TIME", "key": "train_loss", "value": 0.12993711233139038, "metadata": {"file": "/workspace/recommendation/generative_recommenders/dlrm_v4/utils.py", "lineno": 1262, "samples_count": 21708800, "lr": 1.10375e-07}}
:::MLLOG {"namespace": "", "time_ms": 1790256551772, "event_type": "POINT_IN_TIME", "key": "train_loss", "value": 0.135567307472229, "metadata": {"file": "/workspace/recommendation/generative_recommenders/dlrm_v4/utils.py", "lineno": 1262, "samples_count": 22118400, "lr": 1.1245833333333332e-07}}
:::MLLOG {"namespace": "", "time_ms": 1790256576230, "event_type": "POINT_IN_TIME", "key": "train_loss", "value": 0.13411979377269745, "metadata": {"file": "/workspace/recommendation/generative_recommenders/dlrm_v4/utils.py", "lineno": 1262, "samples_count": 22528000, "lr": 1.1454166666666666e-07}}
:::MLLOG {"namespace": "", "time_ms": 1790256601052, "event_type": "POINT_IN_TIME", "key": "train_loss", "value": 0.12945091724395752, "metadata": {"file": "/workspace/recommendation/generative_recommenders/dlrm_v4/utils.py", "lineno": 1262, "samples_count": 22937600, "lr": 1.16625e-07}}
:::MLLOG {"namespace": "", "time_ms": 1790256625520, "event_type": "POINT_IN_TIME", "key": "train_loss", "value": 0.1295507252216339, "metadata": {"file": "/workspace/recommendation/generative_recommenders/dlrm_v4/utils.py", "lineno": 1262, "samples_count": 23347200, "lr": 1.1870833333333332e-07}}
:::MLLOG {"namespace": "", "time_ms": 1790256650296, "event_type": "POINT_IN_TIME", "key": "train_loss", "value": 0.12931260466575623, "metadata": {"file": "/workspace/recommendation/generative_recommenders/dlrm_v4/utils.py", "lineno": 1262, "samples_count": 23756800, "lr": 1.2079166666666667e-07}}
:::MLLOG {"namespace": "", "time_ms": 1790256674766, "event_type": "POINT_IN_TIME", "key": "train_loss", "value": 0.1285720020532608, "metadata": {"file": "/workspace/recommendation/generative_recommenders/dlrm_v4/utils.py", "lineno": 1262, "samples_count": 24166400, "lr": 1.22875e-07}}
:::MLLOG {"namespace": "", "time_ms": 1790256699181, "event_type": "POINT_IN_TIME", "key": "train_loss", "value": 0.1373949497938156, "metadata": {"file": "/workspace/recommendation/generative_recommenders/dlrm_v4/utils.py", "lineno": 1262, "samples_count": 24576000, "lr": 1.2495833333333334e-07}}
:::MLLOG {"namespace": "", "time_ms": 1790256724063, "event_type": "POINT_IN_TIME", "key": "train_loss", "value": 0.1363302767276764, "metadata": {"file": "/workspace/recommendation/generative_recommenders/dlrm_v4/utils.py", "lineno": 1262, "samples_count": 24985600, "lr": 1.2704166666666666e-07}}
:::MLLOG {"namespace": "", "time_ms": 1790256748619, "event_type": "POINT_IN_TIME", "key": "train_loss", "value": 0.13660109043121338, "metadata": {"file": "/workspace/recommendation/generative_recommenders/dlrm_v4/utils.py", "lineno": 1262, "samples_count": 25395200, "lr": 1.2912499999999999e-07}}
:::MLLOG {"namespace": "", "time_ms": 1790256773458, "event_type": "POINT_IN_TIME", "key": "train_loss", "value": 0.13234101235866547, "metadata": {"file": "/workspace/recommendation/generative_recommenders/dlrm_v4/utils.py", "lineno": 1262, "samples_count": 25804800, "lr": 1.3120833333333334e-07}}
:::MLLOG {"namespace": "", "time_ms": 1790256798109, "event_type": "POINT_IN_TIME", "key": "train_loss", "value": 0.13821491599082947, "metadata": {"file": "/workspace/recommendation/generative_recommenders/dlrm_v4/utils.py", "lineno": 1262, "samples_count": 26214400, "lr": 1.3329166666666666e-07}}
:::MLLOG {"namespace": "", "time_ms": 1790256822889, "event_type": "POINT_IN_TIME", "key": "train_loss", "value": 0.13035336136817932, "metadata": {"file": "/workspace/recommendation/generative_recommenders/dlrm_v4/utils.py", "lineno": 1262, "samples_count": 26624000, "lr": 1.3537499999999998e-07}}
:::MLLOG {"namespace": "", "time_ms": 1790256847926, "event_type": "POINT_IN_TIME", "key": "train_loss", "value": 0.1273595243692398, "metadata": {"file": "/workspace/recommendation/generative_recommenders/dlrm_v4/utils.py", "lineno": 1262, "samples_count": 27033600, "lr": 1.374583333333333e-07}}
:::MLLOG {"namespace": "", "time_ms": 1790256872473, "event_type": "POINT_IN_TIME", "key": "train_loss", "value": 0.13442571461200714, "metadata": {"file": "/workspace/recommendation/generative_recommenders/dlrm_v4/utils.py", "lineno": 1262, "samples_count": 27443200, "lr": 1.3954166666666668e-07}}
:::MLLOG {"namespace": "", "time_ms": 1790256897882, "event_type": "POINT_IN_TIME", "key": "train_loss", "value": 0.14238649606704712, "metadata": {"file": "/workspace/recommendation/generative_recommenders/dlrm_v4/utils.py", "lineno": 1262, "samples_count": 27852800, "lr": 1.41625e-07}}
:::MLLOG {"namespace": "", "time_ms": 1790256923145, "event_type": "POINT_IN_TIME", "key": "train_loss", "value": 0.1358950287103653, "metadata": {"file": "/workspace/recommendation/generative_recommenders/dlrm_v4/utils.py", "lineno": 1262, "samples_count": 28262400, "lr": 1.4370833333333332e-07}}
:::MLLOG {"namespace": "", "time_ms": 1790256948588, "event_type": "POINT_IN_TIME", "key": "train_loss", "value": 0.12598735094070435, "metadata": {"file": "/workspace/recommendation/generative_recommenders/dlrm_v4/utils.py", "lineno": 1262, "samples_count": 28672000, "lr": 1.4579166666666667e-07}}
:::MLLOG {"namespace": "", "time_ms": 1790256974330, "event_type": "POINT_IN_TIME", "key": "train_loss", "value": 0.13685187697410583, "metadata": {"file": "/workspace/recommendation/generative_recommenders/dlrm_v4/utils.py", "lineno": 1262, "samples_count": 29081600, "lr": 1.47875e-07}}
:::MLLOG {"namespace": "", "time_ms": 1790256999727, "event_type": "POINT_IN_TIME", "key": "train_loss", "value": 0.13315154612064362, "metadata": {"file": "/workspace/recommendation/generative_recommenders/dlrm_v4/utils.py", "lineno": 1262, "samples_count": 29491200, "lr": 1.4995833333333331e-07}}
:::MLLOG {"namespace": "", "time_ms": 1790257025313, "event_type": "POINT_IN_TIME", "key": "train_loss", "value": 0.13228291273117065, "metadata": {"file": "/workspace/recommendation/generative_recommenders/dlrm_v4/utils.py", "lineno": 1262, "samples_count": 29900800, "lr": 1.5204166666666666e-07}}
:::MLLOG {"namespace": "", "time_ms": 1790257050684, "event_type": "POINT_IN_TIME", "key": "train_loss", "value": 0.13176697492599487, "metadata": {"file": "/workspace/recommendation/generative_recommenders/dlrm_v4/utils.py", "lineno": 1262, "samples_count": 30310400, "lr": 1.54125e-07}}
:::MLLOG {"namespace": "", "time_ms": 1790257076384, "event_type": "POINT_IN_TIME", "key": "train_loss", "value": 0.13790372014045715, "metadata": {"file": "/workspace/recommendation/generative_recommenders/dlrm_v4/utils.py", "lineno": 1262, "samples_count": 30720000, "lr": 1.5620833333333333e-07}}
:::MLLOG {"namespace": "", "time_ms": 1790257102259, "event_type": "POINT_IN_TIME", "key": "train_loss", "value": 0.14125972986221313, "metadata": {"file": "/workspace/recommendation/generative_recommenders/dlrm_v4/utils.py", "lineno": 1262, "samples_count": 31129600, "lr": 1.5829166666666666e-07}}
:::MLLOG {"namespace": "", "time_ms": 1790257127383, "event_type": "POINT_IN_TIME", "key": "train_loss", "value": 0.13337945938110352, "metadata": {"file": "/workspace/recommendation/generative_recommenders/dlrm_v4/utils.py", "lineno": 1262, "samples_count": 31539200, "lr": 1.6037499999999998e-07}}
:::MLLOG {"namespace": "", "time_ms": 1790257152142, "event_type": "POINT_IN_TIME", "key": "train_loss", "value": 0.13413037359714508, "metadata": {"file": "/workspace/recommendation/generative_recommenders/dlrm_v4/utils.py", "lineno": 1262, "samples_count": 31948800, "lr": 1.6245833333333333e-07}}
:::MLLOG {"namespace": "", "time_ms": 1790257177042, "event_type": "POINT_IN_TIME", "key": "train_loss", "value": 0.13184739649295807, "metadata": {"file": "/workspace/recommendation/generative_recommenders/dlrm_v4/utils.py", "lineno": 1262, "samples_count": 32358400, "lr": 1.6454166666666665e-07}}
:::MLLOG {"namespace": "", "time_ms": 1790257201906, "event_type": "POINT_IN_TIME", "key": "train_loss", "value": 0.13175731897354126, "metadata": {"file": "/workspace/recommendation/generative_recommenders/dlrm_v4/utils.py", "lineno": 1262, "samples_count": 32768000, "lr": 1.66625e-07}}
:::MLLOG {"namespace": "", "time_ms": 1790257226910, "event_type": "POINT_IN_TIME", "key": "train_loss", "value": 0.1353006809949875, "metadata": {"file": "/workspace/recommendation/generative_recommenders/dlrm_v4/utils.py", "lineno": 1262, "samples_count": 33177600, "lr": 1.6870833333333332e-07}}
:::MLLOG {"namespace": "", "time_ms": 1790257252058, "event_type": "POINT_IN_TIME", "key": "train_loss", "value": 0.139833465218544, "metadata": {"file": "/workspace/recommendation/generative_recommenders/dlrm_v4/utils.py", "lineno": 1262, "samples_count": 33587200, "lr": 1.7079166666666667e-07}}
:::MLLOG {"namespace": "", "time_ms": 1790257277237, "event_type": "POINT_IN_TIME", "key": "train_loss", "value": 0.13490456342697144, "metadata": {"file": "/workspace/recommendation/generative_recommenders/dlrm_v4/utils.py", "lineno": 1262, "samples_count": 33996800, "lr": 1.72875e-07}}
:::MLLOG {"namespace": "", "time_ms": 1790257302212, "event_type": "POINT_IN_TIME", "key": "train_loss", "value": 0.13545803725719452, "metadata": {"file": "/workspace/recommendation/generative_recommenders/dlrm_v4/utils.py", "lineno": 1262, "samples_count": 34406400, "lr": 1.7495833333333331e-07}}
:::MLLOG {"namespace": "", "time_ms": 1790257327053, "event_type": "POINT_IN_TIME", "key": "train_loss", "value": 0.13073506951332092, "metadata": {"file": "/workspace/recommendation/generative_recommenders/dlrm_v4/utils.py", "lineno": 1262, "samples_count": 34816000, "lr": 1.7704166666666666e-07}}
:::MLLOG {"namespace": "", "time_ms": 1790257351938, "event_type": "POINT_IN_TIME", "key": "train_loss", "value": 0.135234534740448, "metadata": {"file": "/workspace/recommendation/generative_recommenders/dlrm_v4/utils.py", "lineno": 1262, "samples_count": 35225600, "lr": 1.79125e-07}}
:::MLLOG {"namespace": "", "time_ms": 1790257377080, "event_type": "POINT_IN_TIME", "key": "train_loss", "value": 0.1346224695444107, "metadata": {"file": "/workspace/recommendation/generative_recommenders/dlrm_v4/utils.py", "lineno": 1262, "samples_count": 35635200, "lr": 1.8120833333333333e-07}}
:::MLLOG {"namespace": "", "time_ms": 1790257402060, "event_type": "POINT_IN_TIME", "key": "train_loss", "value": 0.13100318610668182, "metadata": {"file": "/workspace/recommendation/generative_recommenders/dlrm_v4/utils.py", "lineno": 1262, "samples_count": 36044800, "lr": 1.8329166666666666e-07}}
:::MLLOG {"namespace": "", "time_ms": 1790257427649, "event_type": "POINT_IN_TIME", "key": "train_loss", "value": 0.13347917795181274, "metadata": {"file": "/workspace/recommendation/generative_recommenders/dlrm_v4/utils.py", "lineno": 1262, "samples_count": 36454400, "lr": 1.85375e-07}}
:::MLLOG {"namespace": "", "time_ms": 1790257452415, "event_type": "POINT_IN_TIME", "key": "train_loss", "value": 0.13776689767837524, "metadata": {"file": "/workspace/recommendation/generative_recommenders/dlrm_v4/utils.py", "lineno": 1262, "samples_count": 36864000, "lr": 1.8745833333333333e-07}}
:::MLLOG {"namespace": "", "time_ms": 1790257477217, "event_type": "POINT_IN_TIME", "key": "train_loss", "value": 0.13248567283153534, "metadata": {"file": "/workspace/recommendation/generative_recommenders/dlrm_v4/utils.py", "lineno": 1262, "samples_count": 37273600, "lr": 1.8954166666666665e-07}}
:::MLLOG {"namespace": "", "time_ms": 1790257501936, "event_type": "POINT_IN_TIME", "key": "train_loss", "value": 0.13202723860740662, "metadata": {"file": "/workspace/recommendation/generative_recommenders/dlrm_v4/utils.py", "lineno": 1262, "samples_count": 37683200, "lr": 1.9162499999999997e-07}}
:::MLLOG {"namespace": "", "time_ms": 1790257527105, "event_type": "POINT_IN_TIME", "key": "train_loss", "value": 0.12915480136871338, "metadata": {"file": "/workspace/recommendation/generative_recommenders/dlrm_v4/utils.py", "lineno": 1262, "samples_count": 38092800, "lr": 1.9370833333333335e-07}}
:::MLLOG {"namespace": "", "time_ms": 1790257552237, "event_type": "POINT_IN_TIME", "key": "train_loss", "value": 0.13404247164726257, "metadata": {"file": "/workspace/recommendation/generative_recommenders/dlrm_v4/utils.py", "lineno": 1262, "samples_count": 38502400, "lr": 1.9579166666666667e-07}}
:::MLLOG {"namespace": "", "time_ms": 1790257577362, "event_type": "POINT_IN_TIME", "key": "train_loss", "value": 0.1288338303565979, "metadata": {"file": "/workspace/recommendation/generative_recommenders/dlrm_v4/utils.py", "lineno": 1262, "samples_count": 38912000, "lr": 1.97875e-07}}
:::MLLOG {"namespace": "", "time_ms": 1790257602377, "event_type": "POINT_IN_TIME", "key": "train_loss", "value": 0.1350114941596985, "metadata": {"file": "/workspace/recommendation/generative_recommenders/dlrm_v4/utils.py", "lineno": 1262, "samples_count": 39321600, "lr": 1.999583333333333e-07}}
:::MLLOG {"namespace": "", "time_ms": 1790257627603, "event_type": "POINT_IN_TIME", "key": "train_loss", "value": 0.1367836445569992, "metadata": {"file": "/workspace/recommendation/generative_recommenders/dlrm_v4/utils.py", "lineno": 1262, "samples_count": 39731200, "lr": 2.0204166666666666e-07}}
:::MLLOG {"namespace": "", "time_ms": 1790257652437, "event_type": "POINT_IN_TIME", "key": "train_loss", "value": 0.12610064446926117, "metadata": {"file": "/workspace/recommendation/generative_recommenders/dlrm_v4/utils.py", "lineno": 1262, "samples_count": 40140800, "lr": 2.0412499999999998e-07}}
:::MLLOG {"namespace": "", "time_ms": 1790257677681, "event_type": "POINT_IN_TIME", "key": "train_loss", "value": 0.13252440094947815, "metadata": {"file": "/workspace/recommendation/generative_recommenders/dlrm_v4/utils.py", "lineno": 1262, "samples_count": 40550400, "lr": 2.062083333333333e-07}}
:::MLLOG {"namespace": "", "time_ms": 1790257703066, "event_type": "POINT_IN_TIME", "key": "train_loss", "value": 0.12698939442634583, "metadata": {"file": "/workspace/recommendation/generative_recommenders/dlrm_v4/utils.py", "lineno": 1262, "samples_count": 40960000, "lr": 2.0829166666666668e-07}}
:::MLLOG {"namespace": "", "time_ms": 1790257727978, "event_type": "POINT_IN_TIME", "key": "train_loss", "value": 0.1349819004535675, "metadata": {"file": "/workspace/recommendation/generative_recommenders/dlrm_v4/utils.py", "lineno": 1262, "samples_count": 41369600, "lr": 2.10375e-07}}
:::MLLOG {"namespace": "", "time_ms": 1790257753792, "event_type": "POINT_IN_TIME", "key": "train_loss", "value": 0.13373489677906036, "metadata": {"file": "/workspace/recommendation/generative_recommenders/dlrm_v4/utils.py", "lineno": 1262, "samples_count": 41779200, "lr": 2.1245833333333332e-07}}
:::MLLOG {"namespace": "", "time_ms": 1790257779169, "event_type": "POINT_IN_TIME", "key": "train_loss", "value": 0.13509215414524078, "metadata": {"file": "/workspace/recommendation/generative_recommenders/dlrm_v4/utils.py", "lineno": 1262, "samples_count": 42188800, "lr": 2.1454166666666665e-07}}
:::MLLOG {"namespace": "", "time_ms": 1790257804442, "event_type": "POINT_IN_TIME", "key": "train_loss", "value": 0.135038360953331, "metadata": {"file": "/workspace/recommendation/generative_recommenders/dlrm_v4/utils.py", "lineno": 1262, "samples_count": 42598400, "lr": 2.16625e-07}}
:::MLLOG {"namespace": "", "time_ms": 1790257829756, "event_type": "POINT_IN_TIME", "key": "train_loss", "value": 0.13053090870380402, "metadata": {"file": "/workspace/recommendation/generative_recommenders/dlrm_v4/utils.py", "lineno": 1262, "samples_count": 43008000, "lr": 2.1870833333333332e-07}}
:::MLLOG {"namespace": "", "time_ms": 1790257854978, "event_type": "POINT_IN_TIME", "key": "train_loss", "value": 0.14037993550300598, "metadata": {"file": "/workspace/recommendation/generative_recommenders/dlrm_v4/utils.py", "lineno": 1262, "samples_count": 43417600, "lr": 2.2079166666666667e-07}}
:::MLLOG {"namespace": "", "time_ms": 1790257880342, "event_type": "POINT_IN_TIME", "key": "train_loss", "value": 0.13349135220050812, "metadata": {"file": "/workspace/recommendation/generative_recommenders/dlrm_v4/utils.py", "lineno": 1262, "samples_count": 43827200, "lr": 2.22875e-07}}
:::MLLOG {"namespace": "", "time_ms": 1790257905619, "event_type": "POINT_IN_TIME", "key": "train_loss", "value": 0.13909660279750824, "metadata": {"file": "/workspace/recommendation/generative_recommenders/dlrm_v4/utils.py", "lineno": 1262, "samples_count": 44236800, "lr": 2.2495833333333334e-07}}
:::MLLOG {"namespace": "", "time_ms": 1790257931587, "event_type": "POINT_IN_TIME", "key": "train_loss", "value": 0.12661124765872955, "metadata": {"file": "/workspace/recommendation/generative_recommenders/dlrm_v4/utils.py", "lineno": 1262, "samples_count": 44646400, "lr": 2.2704166666666666e-07}}
:::MLLOG {"namespace": "", "time_ms": 1790257957323, "event_type": "POINT_IN_TIME", "key": "train_loss", "value": 0.13465821743011475, "metadata": {"file": "/workspace/recommendation/generative_recommenders/dlrm_v4/utils.py", "lineno": 1262, "samples_count": 45056000, "lr": 2.2912499999999998e-07}}
:::MLLOG {"namespace": "", "time_ms": 1790257982941, "event_type": "POINT_IN_TIME", "key": "train_loss", "value": 0.13463665544986725, "metadata": {"file": "/workspace/recommendation/generative_recommenders/dlrm_v4/utils.py", "lineno": 1262, "samples_count": 45465600, "lr": 2.312083333333333e-07}}
:::MLLOG {"namespace": "", "time_ms": 1790258008772, "event_type": "POINT_IN_TIME", "key": "train_loss", "value": 0.13333123922348022, "metadata": {"file": "/workspace/recommendation/generative_recommenders/dlrm_v4/utils.py", "lineno": 1262, "samples_count": 45875200, "lr": 2.3329166666666665e-07}}
:::MLLOG {"namespace": "", "time_ms": 1790258034488, "event_type": "POINT_IN_TIME", "key": "train_loss", "value": 0.1375369280576706, "metadata": {"file": "/workspace/recommendation/generative_recommenders/dlrm_v4/utils.py", "lineno": 1262, "samples_count": 46284800, "lr": 2.35375e-07}}
:::MLLOG {"namespace": "", "time_ms": 1790258060560, "event_type": "POINT_IN_TIME", "key": "train_loss", "value": 0.13546574115753174, "metadata": {"file": "/workspace/recommendation/generative_recommenders/dlrm_v4/utils.py", "lineno": 1262, "samples_count": 46694400, "lr": 2.3745833333333332e-07}}
:::MLLOG {"namespace": "", "time_ms": 1790258086776, "event_type": "POINT_IN_TIME", "key": "train_loss", "value": 0.13648854196071625, "metadata": {"file": "/workspace/recommendation/generative_recommenders/dlrm_v4/utils.py", "lineno": 1262, "samples_count": 47104000, "lr": 2.3954166666666665e-07}}
:::MLLOG {"namespace": "", "time_ms": 1790258112585, "event_type": "POINT_IN_TIME", "key": "train_loss", "value": 0.13278166949748993, "metadata": {"file": "/workspace/recommendation/generative_recommenders/dlrm_v4/utils.py", "lineno": 1262, "samples_count": 47513600, "lr": 2.41625e-07}}
:::MLLOG {"namespace": "", "time_ms": 1790258138369, "event_type": "POINT_IN_TIME", "key": "train_loss", "value": 0.12901784479618073, "metadata": {"file": "/workspace/recommendation/generative_recommenders/dlrm_v4/utils.py", "lineno": 1262, "samples_count": 47923200, "lr": 2.4370833333333334e-07}}
:::MLLOG {"namespace": "", "time_ms": 1790258164071, "event_type": "POINT_IN_TIME", "key": "train_loss", "value": 0.1317640095949173, "metadata": {"file": "/workspace/recommendation/generative_recommenders/dlrm_v4/utils.py", "lineno": 1262, "samples_count": 48332800, "lr": 2.4579166666666664e-07}}
:::MLLOG {"namespace": "", "time_ms": 1790258190324, "event_type": "POINT_IN_TIME", "key": "train_loss", "value": 0.13203391432762146, "metadata": {"file": "/workspace/recommendation/generative_recommenders/dlrm_v4/utils.py", "lineno": 1262, "samples_count": 48742400, "lr": 2.47875e-07}}
:::MLLOG {"namespace": "", "time_ms": 1790258215988, "event_type": "POINT_IN_TIME", "key": "train_loss", "value": 0.1296517699956894, "metadata": {"file": "/workspace/recommendation/generative_recommenders/dlrm_v4/utils.py", "lineno": 1262, "samples_count": 49152000, "lr": 2.4995833333333334e-07}}
:::MLLOG {"namespace": "", "time_ms": 1790258241477, "event_type": "POINT_IN_TIME", "key": "train_loss", "value": 0.1272868812084198, "metadata": {"file": "/workspace/recommendation/generative_recommenders/dlrm_v4/utils.py", "lineno": 1262, "samples_count": 49561600, "lr": 2.5204166666666663e-07}}
:::MLLOG {"namespace": "", "time_ms": 1790258266728, "event_type": "POINT_IN_TIME", "key": "train_loss", "value": 0.13114862143993378, "metadata": {"file": "/workspace/recommendation/generative_recommenders/dlrm_v4/utils.py", "lineno": 1262, "samples_count": 49971200, "lr": 2.54125e-07}}
:::MLLOG {"namespace": "", "time_ms": 1790258291847, "event_type": "POINT_IN_TIME", "key": "train_loss", "value": 0.12467014044523239, "metadata": {"file": "/workspace/recommendation/generative_recommenders/dlrm_v4/utils.py", "lineno": 1262, "samples_count": 50380800, "lr": 2.5620833333333333e-07}}
:::MLLOG {"namespace": "", "time_ms": 1790258316913, "event_type": "POINT_IN_TIME", "key": "train_loss", "value": 0.12693966925144196, "metadata": {"file": "/workspace/recommendation/generative_recommenders/dlrm_v4/utils.py", "lineno": 1262, "samples_count": 50790400, "lr": 2.582916666666666e-07}}
:::MLLOG {"namespace": "", "time_ms": 1790258342434, "event_type": "POINT_IN_TIME", "key": "train_loss", "value": 0.14114530384540558, "metadata": {"file": "/workspace/recommendation/generative_recommenders/dlrm_v4/utils.py", "lineno": 1262, "samples_count": 51200000, "lr": 2.6037500000000003e-07}}
:::MLLOG {"namespace": "", "time_ms": 1790258367919, "event_type": "POINT_IN_TIME", "key": "train_loss", "value": 0.13041745126247406, "metadata": {"file": "/workspace/recommendation/generative_recommenders/dlrm_v4/utils.py", "lineno": 1262, "samples_count": 51609600, "lr": 2.624583333333333e-07}}
:::MLLOG {"namespace": "", "time_ms": 1790258393293, "event_type": "POINT_IN_TIME", "key": "train_loss", "value": 0.12414185702800751, "metadata": {"file": "/workspace/recommendation/generative_recommenders/dlrm_v4/utils.py", "lineno": 1262, "samples_count": 52019200, "lr": 2.6454166666666667e-07}}
:::MLLOG {"namespace": "", "time_ms": 1790258419311, "event_type": "POINT_IN_TIME", "key": "train_loss", "value": 0.11780857294797897, "metadata": {"file": "/workspace/recommendation/generative_recommenders/dlrm_v4/utils.py", "lineno": 1262, "samples_count": 52428800, "lr": 2.6662499999999997e-07}}
:::MLLOG {"namespace": "", "time_ms": 1790258444881, "event_type": "POINT_IN_TIME", "key": "train_loss", "value": 0.13547608256340027, "metadata": {"file": "/workspace/recommendation/generative_recommenders/dlrm_v4/utils.py", "lineno": 1262, "samples_count": 52838400, "lr": 2.687083333333333e-07}}
:::MLLOG {"namespace": "", "time_ms": 1790258470061, "event_type": "POINT_IN_TIME", "key": "train_loss", "value": 0.12856854498386383, "metadata": {"file": "/workspace/recommendation/generative_recommenders/dlrm_v4/utils.py", "lineno": 1262, "samples_count": 53248000, "lr": 2.7079166666666666e-07}}
:::MLLOG {"namespace": "", "time_ms": 1790258495066, "event_type": "POINT_IN_TIME", "key": "train_loss", "value": 0.12436367571353912, "metadata": {"file": "/workspace/recommendation/generative_recommenders/dlrm_v4/utils.py", "lineno": 1262, "samples_count": 53657600, "lr": 2.7287499999999996e-07}}
:::MLLOG {"namespace": "", "time_ms": 1790258520069, "event_type": "POINT_IN_TIME", "key": "train_loss", "value": 0.12144602090120316, "metadata": {"file": "/workspace/recommendation/generative_recommenders/dlrm_v4/utils.py", "lineno": 1262, "samples_count": 54067200, "lr": 2.7495833333333336e-07}}
:::MLLOG {"namespace": "", "time_ms": 1790258545473, "event_type": "POINT_IN_TIME", "key": "train_loss", "value": 0.12876193225383759, "metadata": {"file": "/workspace/recommendation/generative_recommenders/dlrm_v4/utils.py", "lineno": 1262, "samples_count": 54476800, "lr": 2.7704166666666666e-07}}
:::MLLOG {"namespace": "", "time_ms": 1790258570773, "event_type": "POINT_IN_TIME", "key": "train_loss", "value": 0.12679409980773926, "metadata": {"file": "/workspace/recommendation/generative_recommenders/dlrm_v4/utils.py", "lineno": 1262, "samples_count": 54886400, "lr": 2.79125e-07}}
:::MLLOG {"namespace": "", "time_ms": 1790258595916, "event_type": "POINT_IN_TIME", "key": "train_loss", "value": 0.12458998709917068, "metadata": {"file": "/workspace/recommendation/generative_recommenders/dlrm_v4/utils.py", "lineno": 1262, "samples_count": 55296000, "lr": 2.812083333333333e-07}}
:::MLLOG {"namespace": "", "time_ms": 1790258621694, "event_type": "POINT_IN_TIME", "key": "train_loss", "value": 0.12074777483940125, "metadata": {"file": "/workspace/recommendation/generative_recommenders/dlrm_v4/utils.py", "lineno": 1262, "samples_count": 55705600, "lr": 2.8329166666666665e-07}}
:::MLLOG {"namespace": "", "time_ms": 1790258647037, "event_type": "POINT_IN_TIME", "key": "train_loss", "value": 0.1230129823088646, "metadata": {"file": "/workspace/recommendation/generative_recommenders/dlrm_v4/utils.py", "lineno": 1262, "samples_count": 56115200, "lr": 2.85375e-07}}
:::MLLOG {"namespace": "", "time_ms": 1790258672344, "event_type": "POINT_IN_TIME", "key": "train_loss", "value": 0.12478924542665482, "metadata": {"file": "/workspace/recommendation/generative_recommenders/dlrm_v4/utils.py", "lineno": 1262, "samples_count": 56524800, "lr": 2.874583333333333e-07}}
:::MLLOG {"namespace": "", "time_ms": 1790258697393, "event_type": "POINT_IN_TIME", "key": "train_loss", "value": 0.11858052760362625, "metadata": {"file": "/workspace/recommendation/generative_recommenders/dlrm_v4/utils.py", "lineno": 1262, "samples_count": 56934400, "lr": 2.8954166666666664e-07}}
:::MLLOG {"namespace": "", "time_ms": 1790258722507, "event_type": "POINT_IN_TIME", "key": "train_loss", "value": 0.12447555363178253, "metadata": {"file": "/workspace/recommendation/generative_recommenders/dlrm_v4/utils.py", "lineno": 1262, "samples_count": 57344000, "lr": 2.91625e-07}}
:::MLLOG {"namespace": "", "time_ms": 1790258722514, "event_type": "INTERVAL_END", "key": "block_stop", "value": null, "metadata": {"file": "/workspace/recommendation/generative_recommenders/dlrm_v4/train/mlperf_logging_utils.py", "lineno": 336, "samples_count": 57344000, "epoch_num": 0.02503191605309833}}
:::MLLOG {"namespace": "", "time_ms": 1790258722518, "event_type": "INTERVAL_START", "key": "eval_start", "value": null, "metadata": {"file": "/workspace/recommendation/generative_recommenders/dlrm_v4/train/mlperf_logging_utils.py", "lineno": 343, "samples_count": 57344000, "epoch_num": 0.02503191605309833}}
:::MLLOG {"namespace": "", "time_ms": 1790258948189, "event_type": "POINT_IN_TIME", "key": "eval_accuracy", "value": 0.638186514377594, "metadata": {"file": "/workspace/recommendation/generative_recommenders/dlrm_v4/train/mlperf_logging_utils.py", "lineno": 384, "samples_count": 57344000, "epoch_num": 0.02503191605309833}}
:::MLLOG {"namespace": "", "time_ms": 1790258948633, "event_type": "INTERVAL_END", "key": "eval_stop", "value": null, "metadata": {"file": "/workspace/recommendation/generative_recommenders/dlrm_v4/train/mlperf_logging_utils.py", "lineno": 387, "samples_count": 57344000, "epoch_num": 0.02503191605309833}}
:::MLLOG {"namespace": "", "time_ms": 1790258948636, "event_type": "INTERVAL_START", "key": "block_start", "value": null, "metadata": {"file": "/workspace/recommendation/generative_recommenders/dlrm_v4/train/mlperf_logging_utils.py", "lineno": 329, "samples_count": 57344000, "epoch_num": 0.02503191605309833}}
:::MLLOG {"namespace": "", "time_ms": 1790258974047, "event_type": "POINT_IN_TIME", "key": "train_loss", "value": 0.12135860323905945, "metadata": {"file": "/workspace/recommendation/generative_recommenders/dlrm_v4/utils.py", "lineno": 1262, "samples_count": 57753600, "lr": 2.9370833333333334e-07}}
:::MLLOG {"namespace": "", "time_ms": 1790258999386, "event_type": "POINT_IN_TIME", "key": "train_loss", "value": 0.12263519316911697, "metadata": {"file": "/workspace/recommendation/generative_recommenders/dlrm_v4/utils.py", "lineno": 1262, "samples_count": 58163200, "lr": 2.9579166666666664e-07}}
:::MLLOG {"namespace": "", "time_ms": 1790259024676, "event_type": "POINT_IN_TIME", "key": "train_loss", "value": 0.11932692676782608, "metadata": {"file": "/workspace/recommendation/generative_recommenders/dlrm_v4/utils.py", "lineno": 1262, "samples_count": 58572800, "lr": 2.97875e-07}}
:::MLLOG {"namespace": "", "time_ms": 1790259050892, "event_type": "POINT_IN_TIME", "key": "train_loss", "value": 0.11200463771820068, "metadata": {"file": "/workspace/recommendation/generative_recommenders/dlrm_v4/utils.py", "lineno": 1262, "samples_count": 58982400, "lr": 2.9995833333333333e-07}}
:::MLLOG {"namespace": "", "time_ms": 1790259076504, "event_type": "POINT_IN_TIME", "key": "train_loss", "value": 0.10945532470941544, "metadata": {"file": "/workspace/recommendation/generative_recommenders/dlrm_v4/utils.py", "lineno": 1262, "samples_count": 59392000, "lr": 3.0204166666666663e-07}}
:::MLLOG {"namespace": "", "time_ms": 1790259091670, "event_type": "INTERVAL_END", "key": "block_stop", "value": null, "metadata": {"file": "/workspace/recommendation/generative_recommenders/dlrm_v4/train/mlperf_logging_utils.py", "lineno": 336, "samples_count": 59637760, "epoch_num": 0.026033192695222262}}
:::MLLOG {"namespace": "", "time_ms": 1790259091677, "event_type": "INTERVAL_START", "key": "eval_start", "value": null, "metadata": {"file": "/workspace/recommendation/generative_recommenders/dlrm_v4/train/mlperf_logging_utils.py", "lineno": 343, "samples_count": 59637760, "epoch_num": 0.026033192695222262}}
:::MLLOG {"namespace": "", "time_ms": 1790259188491, "event_type": "POINT_IN_TIME", "key": "eval_accuracy", "value": 0.6608155369758606, "metadata": {"file": "/workspace/recommendation/generative_recommenders/dlrm_v4/train/mlperf_logging_utils.py", "lineno": 384, "samples_count": 59637760, "epoch_num": 0.026033192695222262}}
:::MLLOG {"namespace": "", "time_ms": 1790259188498, "event_type": "INTERVAL_END", "key": "eval_stop", "value": null, "metadata": {"file": "/workspace/recommendation/generative_recommenders/dlrm_v4/train/mlperf_logging_utils.py", "lineno": 387, "samples_count": 59637760, "epoch_num": 0.026033192695222262}}
:::MLLOG {"namespace": "", "time_ms": 1790259188501, "event_type": "INTERVAL_START", "key": "block_start", "value": null, "metadata": {"file": "/workspace/recommendation/generative_recommenders/dlrm_v4/train/mlperf_logging_utils.py", "lineno": 329, "samples_count": 59637760, "epoch_num": 0.026033192695222262}}
:::MLLOG {"namespace": "", "time_ms": 1790259198583, "event_type": "POINT_IN_TIME", "key": "train_loss", "value": 0.11787178367376328, "metadata": {"file": "/workspace/recommendation/generative_recommenders/dlrm_v4/utils.py", "lineno": 1262, "samples_count": 59801600, "lr": 3.04125e-07}}
:::MLLOG {"namespace": "", "time_ms": 1790259223754, "event_type": "POINT_IN_TIME", "key": "train_loss", "value": 0.11392717808485031, "metadata": {"file": "/workspace/recommendation/generative_recommenders/dlrm_v4/utils.py", "lineno": 1262, "samples_count": 60211200, "lr": 3.0620833333333333e-07}}
:::MLLOG {"namespace": "", "time_ms": 1790259248996, "event_type": "POINT_IN_TIME", "key": "train_loss", "value": 0.12147673219442368, "metadata": {"file": "/workspace/recommendation/generative_recommenders/dlrm_v4/utils.py", "lineno": 1262, "samples_count": 60620800, "lr": 3.082916666666667e-07}}
:::MLLOG {"namespace": "", "time_ms": 1790259274776, "event_type": "POINT_IN_TIME", "key": "train_loss", "value": 0.12357255071401596, "metadata": {"file": "/workspace/recommendation/generative_recommenders/dlrm_v4/utils.py", "lineno": 1262, "samples_count": 61030400, "lr": 3.1037499999999997e-07}}
:::MLLOG {"namespace": "", "time_ms": 1790259300311, "event_type": "POINT_IN_TIME", "key": "train_loss", "value": 0.11200462281703949, "metadata": {"file": "/workspace/recommendation/generative_recommenders/dlrm_v4/utils.py", "lineno": 1262, "samples_count": 61440000, "lr": 3.124583333333333e-07}}
:::MLLOG {"namespace": "", "time_ms": 1790259325705, "event_type": "POINT_IN_TIME", "key": "train_loss", "value": 0.11583632230758667, "metadata": {"file": "/workspace/recommendation/generative_recommenders/dlrm_v4/utils.py", "lineno": 1262, "samples_count": 61849600, "lr": 3.1454166666666667e-07}}
:::MLLOG {"namespace": "", "time_ms": 1790259330866, "event_type": "INTERVAL_END", "key": "block_stop", "value": null, "metadata": {"file": "/workspace/recommendation/generative_recommenders/dlrm_v4/train/mlperf_logging_utils.py", "lineno": 336, "samples_count": 61931520, "epoch_num": 0.027034469337346195}}
:::MLLOG {"namespace": "", "time_ms": 1790259330872, "event_type": "INTERVAL_START", "key": "eval_start", "value": null, "metadata": {"file": "/workspace/recommendation/generative_recommenders/dlrm_v4/train/mlperf_logging_utils.py", "lineno": 343, "samples_count": 61931520, "epoch_num": 0.027034469337346195}}
:::MLLOG {"namespace": "", "time_ms": 1790259432530, "event_type": "POINT_IN_TIME", "key": "eval_accuracy", "value": 0.6942700743675232, "metadata": {"file": "/workspace/recommendation/generative_recommenders/dlrm_v4/train/mlperf_logging_utils.py", "lineno": 384, "samples_count": 61931520, "epoch_num": 0.027034469337346195}}
:::MLLOG {"namespace": "", "time_ms": 1790259432543, "event_type": "INTERVAL_END", "key": "eval_stop", "value": null, "metadata": {"file": "/workspace/recommendation/generative_recommenders/dlrm_v4/train/mlperf_logging_utils.py", "lineno": 387, "samples_count": 61931520, "epoch_num": 0.027034469337346195}}
:::MLLOG {"namespace": "", "time_ms": 1790259432546, "event_type": "INTERVAL_START", "key": "block_start", "value": null, "metadata": {"file": "/workspace/recommendation/generative_recommenders/dlrm_v4/train/mlperf_logging_utils.py", "lineno": 329, "samples_count": 61931520, "epoch_num": 0.027034469337346195}}
:::MLLOG {"namespace": "", "time_ms": 1790259453023, "event_type": "POINT_IN_TIME", "key": "train_loss", "value": 0.11963684111833572, "metadata": {"file": "/workspace/recommendation/generative_recommenders/dlrm_v4/utils.py", "lineno": 1262, "samples_count": 62259200, "lr": 3.1662499999999996e-07}}
:::MLLOG {"namespace": "", "time_ms": 1790259478577, "event_type": "POINT_IN_TIME", "key": "train_loss", "value": 0.11508604884147644, "metadata": {"file": "/workspace/recommendation/generative_recommenders/dlrm_v4/utils.py", "lineno": 1262, "samples_count": 62668800, "lr": 3.187083333333333e-07}}
:::MLLOG {"namespace": "", "time_ms": 1790259503969, "event_type": "POINT_IN_TIME", "key": "train_loss", "value": 0.11914341151714325, "metadata": {"file": "/workspace/recommendation/generative_recommenders/dlrm_v4/utils.py", "lineno": 1262, "samples_count": 63078400, "lr": 3.207916666666666e-07}}
:::MLLOG {"namespace": "", "time_ms": 1790259529362, "event_type": "POINT_IN_TIME", "key": "train_loss", "value": 0.12010234594345093, "metadata": {"file": "/workspace/recommendation/generative_recommenders/dlrm_v4/utils.py", "lineno": 1262, "samples_count": 63488000, "lr": 3.22875e-07}}
:::MLLOG {"namespace": "", "time_ms": 1790259554645, "event_type": "POINT_IN_TIME", "key": "train_loss", "value": 0.11596716940402985, "metadata": {"file": "/workspace/recommendation/generative_recommenders/dlrm_v4/utils.py", "lineno": 1262, "samples_count": 63897600, "lr": 3.2495833333333336e-07}}
:::MLLOG {"namespace": "", "time_ms": 1790259574955, "event_type": "INTERVAL_END", "key": "block_stop", "value": null, "metadata": {"file": "/workspace/recommendation/generative_recommenders/dlrm_v4/train/mlperf_logging_utils.py", "lineno": 336, "samples_count": 64225280, "epoch_num": 0.028035745979470127}}
:::MLLOG {"namespace": "", "time_ms": 1790259574961, "event_type": "INTERVAL_START", "key": "eval_start", "value": null, "metadata": {"file": "/workspace/recommendation/generative_recommenders/dlrm_v4/train/mlperf_logging_utils.py", "lineno": 343, "samples_count": 64225280, "epoch_num": 0.028035745979470127}}
:::MLLOG {"namespace": "", "time_ms": 1790259669775, "event_type": "POINT_IN_TIME", "key": "eval_accuracy", "value": 0.7221087217330933, "metadata": {"file": "/workspace/recommendation/generative_recommenders/dlrm_v4/train/mlperf_logging_utils.py", "lineno": 384, "samples_count": 64225280, "epoch_num": 0.028035745979470127}}
:::MLLOG {"namespace": "", "time_ms": 1790259669789, "event_type": "INTERVAL_END", "key": "eval_stop", "value": null, "metadata": {"file": "/workspace/recommendation/generative_recommenders/dlrm_v4/train/mlperf_logging_utils.py", "lineno": 387, "samples_count": 64225280, "epoch_num": 0.028035745979470127}}
:::MLLOG {"namespace": "", "time_ms": 1790259669792, "event_type": "INTERVAL_START", "key": "block_start", "value": null, "metadata": {"file": "/workspace/recommendation/generative_recommenders/dlrm_v4/train/mlperf_logging_utils.py", "lineno": 329, "samples_count": 64225280, "epoch_num": 0.028035745979470127}}
:::MLLOG {"namespace": "", "time_ms": 1790259674894, "event_type": "POINT_IN_TIME", "key": "train_loss", "value": 0.11268140375614166, "metadata": {"file": "/workspace/recommendation/generative_recommenders/dlrm_v4/utils.py", "lineno": 1262, "samples_count": 64307200, "lr": 3.2704166666666666e-07}}
:::MLLOG {"namespace": "", "time_ms": 1790259700606, "event_type": "POINT_IN_TIME", "key": "train_loss", "value": 0.11595956236124039, "metadata": {"file": "/workspace/recommendation/generative_recommenders/dlrm_v4/utils.py", "lineno": 1262, "samples_count": 64716800, "lr": 3.29125e-07}}
:::MLLOG {"namespace": "", "time_ms": 1790259727281, "event_type": "POINT_IN_TIME", "key": "train_loss", "value": 0.10815020650625229, "metadata": {"file": "/workspace/recommendation/generative_recommenders/dlrm_v4/utils.py", "lineno": 1262, "samples_count": 65126400, "lr": 3.312083333333333e-07}}
:::MLLOG {"namespace": "", "time_ms": 1790259752742, "event_type": "POINT_IN_TIME", "key": "train_loss", "value": 0.10772106796503067, "metadata": {"file": "/workspace/recommendation/generative_recommenders/dlrm_v4/utils.py", "lineno": 1262, "samples_count": 65536000, "lr": 3.3329166666666665e-07}}
:::MLLOG {"namespace": "", "time_ms": 1790259779913, "event_type": "POINT_IN_TIME", "key": "train_loss", "value": 0.1241980493068695, "metadata": {"file": "/workspace/recommendation/generative_recommenders/dlrm_v4/utils.py", "lineno": 1262, "samples_count": 65945600, "lr": 3.3537499999999994e-07}}
:::MLLOG {"namespace": "", "time_ms": 1790259806451, "event_type": "POINT_IN_TIME", "key": "train_loss", "value": 0.12718302011489868, "metadata": {"file": "/workspace/recommendation/generative_recommenders/dlrm_v4/utils.py", "lineno": 1262, "samples_count": 66355200, "lr": 3.3745833333333335e-07}}
:::MLLOG {"namespace": "", "time_ms": 1790259817470, "event_type": "INTERVAL_END", "key": "block_stop", "value": null, "metadata": {"file": "/workspace/recommendation/generative_recommenders/dlrm_v4/train/mlperf_logging_utils.py", "lineno": 336, "samples_count": 66519040, "epoch_num": 0.02903702262159406}}
:::MLLOG {"namespace": "", "time_ms": 1790259817477, "event_type": "INTERVAL_START", "key": "eval_start", "value": null, "metadata": {"file": "/workspace/recommendation/generative_recommenders/dlrm_v4/train/mlperf_logging_utils.py", "lineno": 343, "samples_count": 66519040, "epoch_num": 0.02903702262159406}}
:::MLLOG {"namespace": "", "time_ms": 1790259916181, "event_type": "POINT_IN_TIME", "key": "eval_accuracy", "value": 0.751535177230835, "metadata": {"file": "/workspace/recommendation/generative_recommenders/dlrm_v4/train/mlperf_logging_utils.py", "lineno": 384, "samples_count": 66519040, "epoch_num": 0.02903702262159406}}
:::MLLOG {"namespace": "", "time_ms": 1790259916618, "event_type": "INTERVAL_END", "key": "eval_stop", "value": null, "metadata": {"file": "/workspace/recommendation/generative_recommenders/dlrm_v4/train/mlperf_logging_utils.py", "lineno": 387, "samples_count": 66519040, "epoch_num": 0.02903702262159406}}
:::MLLOG {"namespace": "", "time_ms": 1790259916623, "event_type": "INTERVAL_END", "key": "run_stop", "value": null, "metadata": {"file": "/workspace/recommendation/generative_recommenders/dlrm_v4/train/mlperf_logging_utils.py", "lineno": 368, "status": "success", "samples_count": 66519040, "epoch_num": 0.02903702262159406}}
