:::MLLOG {"namespace": "", "time_ms": 1790243499822, "event_type": "POINT_IN_TIME", "key": "cache_clear", "value": true, "metadata": {"file": "/workspace/recommendation/generative_recommenders/dlrm_v4/train/train_ranker.py", "lineno": 104}}
:::MLLOG {"namespace": "", "time_ms": 1790243499904, "event_type": "INTERVAL_START", "key": "init_start", "value": null, "metadata": {"file": "/workspace/recommendation/generative_recommenders/dlrm_v4/train/train_ranker.py", "lineno": 105}}
:::MLLOG {"namespace": "", "time_ms": 1790243513396, "event_type": "POINT_IN_TIME", "key": "submission_benchmark", "value": "dlrmv4", "metadata": {"file": "/workspace/recommendation/generative_recommenders/dlrm_v4/train/mlperf_logging_utils.py", "lineno": 153}}
:::MLLOG {"namespace": "", "time_ms": 1790243513402, "event_type": "POINT_IN_TIME", "key": "submission_org", "value": "AMD", "metadata": {"file": "/workspace/recommendation/generative_recommenders/dlrm_v4/train/mlperf_logging_utils.py", "lineno": 154}}
:::MLLOG {"namespace": "", "time_ms": 1790243513405, "event_type": "POINT_IN_TIME", "key": "submission_division", "value": "closed", "metadata": {"file": "/workspace/recommendation/generative_recommenders/dlrm_v4/train/mlperf_logging_utils.py", "lineno": 155}}
:::MLLOG {"namespace": "", "time_ms": 1790243513408, "event_type": "POINT_IN_TIME", "key": "submission_status", "value": "onprem", "metadata": {"file": "/workspace/recommendation/generative_recommenders/dlrm_v4/train/mlperf_logging_utils.py", "lineno": 156}}
:::MLLOG {"namespace": "", "time_ms": 1790243513411, "event_type": "POINT_IN_TIME", "key": "submission_platform", "value": "GB300", "metadata": {"file": "/workspace/recommendation/generative_recommenders/dlrm_v4/train/mlperf_logging_utils.py", "lineno": 157}}
:::MLLOG {"namespace": "", "time_ms": 1790243513414, "event_type": "POINT_IN_TIME", "key": "global_batch_size", "value": 8192, "metadata": {"file": "/workspace/recommendation/generative_recommenders/dlrm_v4/train/mlperf_logging_utils.py", "lineno": 179}}
:::MLLOG {"namespace": "", "time_ms": 1790243513417, "event_type": "POINT_IN_TIME", "key": "gradient_accumulation_steps", "value": 1, "metadata": {"file": "/workspace/recommendation/generative_recommenders/dlrm_v4/train/mlperf_logging_utils.py", "lineno": 180}}
:::MLLOG {"namespace": "", "time_ms": 1790243513420, "event_type": "POINT_IN_TIME", "key": "seed", "value": 27583, "metadata": {"file": "/workspace/recommendation/generative_recommenders/dlrm_v4/train/mlperf_logging_utils.py", "lineno": 183}}
:::MLLOG {"namespace": "", "time_ms": 1790243513423, "event_type": "POINT_IN_TIME", "key": "opt_name", "value": "Adam", "metadata": {"file": "/workspace/recommendation/generative_recommenders/dlrm_v4/train/mlperf_logging_utils.py", "lineno": 184}}
:::MLLOG {"namespace": "", "time_ms": 1790243513426, "event_type": "POINT_IN_TIME", "key": "opt_base_learning_rate", "value": 1e-06, "metadata": {"file": "/workspace/recommendation/generative_recommenders/dlrm_v4/train/mlperf_logging_utils.py", "lineno": 188}}
:::MLLOG {"namespace": "", "time_ms": 1790243513428, "event_type": "POINT_IN_TIME", "key": "opt_adam_beta_1", "value": 0.95, "metadata": {"file": "/workspace/recommendation/generative_recommenders/dlrm_v4/train/mlperf_logging_utils.py", "lineno": 193}}
:::MLLOG {"namespace": "", "time_ms": 1790243513431, "event_type": "POINT_IN_TIME", "key": "opt_adam_beta_2", "value": 0.999, "metadata": {"file": "/workspace/recommendation/generative_recommenders/dlrm_v4/train/mlperf_logging_utils.py", "lineno": 194}}
:::MLLOG {"namespace": "", "time_ms": 1790243513434, "event_type": "POINT_IN_TIME", "key": "opt_adam_epsilon", "value": 1e-08, "metadata": {"file": "/workspace/recommendation/generative_recommenders/dlrm_v4/train/mlperf_logging_utils.py", "lineno": 195}}
:::MLLOG {"namespace": "", "time_ms": 1790243513437, "event_type": "POINT_IN_TIME", "key": "opt_weight_decay", "value": 0.0, "metadata": {"file": "/workspace/recommendation/generative_recommenders/dlrm_v4/train/mlperf_logging_utils.py", "lineno": 199}}
:::MLLOG {"namespace": "", "time_ms": 1790243513439, "event_type": "POINT_IN_TIME", "key": "opt_gradient_clip_norm", "value": 1.0, "metadata": {"file": "/workspace/recommendation/generative_recommenders/dlrm_v4/train/mlperf_logging_utils.py", "lineno": 205}}
:::MLLOG {"namespace": "", "time_ms": 1790243513442, "event_type": "POINT_IN_TIME", "key": "opt_learning_rate_warmup_steps", "value": 24000, "metadata": {"file": "/workspace/recommendation/generative_recommenders/dlrm_v4/train/mlperf_logging_utils.py", "lineno": 209}}
:::MLLOG {"namespace": "", "time_ms": 1790243513445, "event_type": "POINT_IN_TIME", "key": "opt_learning_rate_warmup_start_lr", "value": 0.0, "metadata": {"file": "/workspace/recommendation/generative_recommenders/dlrm_v4/train/mlperf_logging_utils.py", "lineno": 215}}
:::MLLOG {"namespace": "", "time_ms": 1790243513448, "event_type": "POINT_IN_TIME", "key": "opt_sparse_name", "value": "RowWiseAdagrad", "metadata": {"file": "/workspace/recommendation/generative_recommenders/dlrm_v4/train/mlperf_logging_utils.py", "lineno": 221}}
:::MLLOG {"namespace": "", "time_ms": 1790243513451, "event_type": "POINT_IN_TIME", "key": "opt_sparse_base_learning_rate", "value": 1e-06, "metadata": {"file": "/workspace/recommendation/generative_recommenders/dlrm_v4/train/mlperf_logging_utils.py", "lineno": 227}}
:::MLLOG {"namespace": "", "time_ms": 1790243513453, "event_type": "POINT_IN_TIME", "key": "max_sequence_length", "value": 4096, "metadata": {"file": "/workspace/recommendation/generative_recommenders/dlrm_v4/train/mlperf_logging_utils.py", "lineno": 233}}
:::MLLOG {"namespace": "", "time_ms": 1790243513456, "event_type": "POINT_IN_TIME", "key": "eval_every_data_pct", "value": 0.001, "metadata": {"file": "/workspace/recommendation/generative_recommenders/dlrm_v4/train/mlperf_logging_utils.py", "lineno": 242}}
:::MLLOG {"namespace": "", "time_ms": 1790243513459, "event_type": "POINT_IN_TIME", "key": "skip_eval_epoch_pct", "value": 0.025, "metadata": {"file": "/workspace/recommendation/generative_recommenders/dlrm_v4/train/mlperf_logging_utils.py", "lineno": 248}}
:::MLLOG {"namespace": "", "time_ms": 1790243513631, "event_type": "INTERVAL_END", "key": "init_stop", "value": null, "metadata": {"file": "/workspace/recommendation/generative_recommenders/dlrm_v4/train/mlperf_logging_utils.py", "lineno": 254}}
:::MLLOG {"namespace": "", "time_ms": 1790243513636, "event_type": "INTERVAL_START", "key": "run_start", "value": null, "metadata": {"file": "/workspace/recommendation/generative_recommenders/dlrm_v4/train/mlperf_logging_utils.py", "lineno": 255}}
:::MLLOG {"namespace": "", "time_ms": 1790244342586, "event_type": "POINT_IN_TIME", "key": "train_samples", "value": 2290835423, "metadata": {"file": "/workspace/recommendation/generative_recommenders/dlrm_v4/train/mlperf_logging_utils.py", "lineno": 323}}
:::MLLOG {"namespace": "", "time_ms": 1790244343175, "event_type": "POINT_IN_TIME", "key": "eval_samples", "value": 2058204, "metadata": {"file": "/workspace/recommendation/generative_recommenders/dlrm_v4/train/mlperf_logging_utils.py", "lineno": 325}}
:::MLLOG {"namespace": "", "time_ms": 1790244343248, "event_type": "INTERVAL_START", "key": "block_start", "value": null, "metadata": {"file": "/workspace/recommendation/generative_recommenders/dlrm_v4/train/mlperf_logging_utils.py", "lineno": 329, "samples_count": 0, "epoch_num": 0.0}}
:::MLLOG {"namespace": "", "time_ms": 1790255256943, "event_type": "POINT_IN_TIME", "key": "train_loss", "value": 0.13863924145698547, "metadata": {"file": "/workspace/recommendation/generative_recommenders/dlrm_v4/utils.py", "lineno": 1262, "samples_count": 409600, "lr": 2.0416666666666663e-09}}
:::MLLOG {"namespace": "", "time_ms": 1790255281171, "event_type": "POINT_IN_TIME", "key": "train_loss", "value": 0.13865309953689575, "metadata": {"file": "/workspace/recommendation/generative_recommenders/dlrm_v4/utils.py", "lineno": 1262, "samples_count": 819200, "lr": 4.125e-09}}
:::MLLOG {"namespace": "", "time_ms": 1790255304336, "event_type": "POINT_IN_TIME", "key": "train_loss", "value": 0.13870729506015778, "metadata": {"file": "/workspace/recommendation/generative_recommenders/dlrm_v4/utils.py", "lineno": 1262, "samples_count": 1228800, "lr": 6.208333333333333e-09}}
:::MLLOG {"namespace": "", "time_ms": 1790255327740, "event_type": "POINT_IN_TIME", "key": "train_loss", "value": 0.13859739899635315, "metadata": {"file": "/workspace/recommendation/generative_recommenders/dlrm_v4/utils.py", "lineno": 1262, "samples_count": 1638400, "lr": 8.291666666666665e-09}}
:::MLLOG {"namespace": "", "time_ms": 1790255354190, "event_type": "POINT_IN_TIME", "key": "train_loss", "value": 0.13869962096214294, "metadata": {"file": "/workspace/recommendation/generative_recommenders/dlrm_v4/utils.py", "lineno": 1262, "samples_count": 2048000, "lr": 1.0375e-08}}
:::MLLOG {"namespace": "", "time_ms": 1790255379500, "event_type": "POINT_IN_TIME", "key": "train_loss", "value": 0.13851870596408844, "metadata": {"file": "/workspace/recommendation/generative_recommenders/dlrm_v4/utils.py", "lineno": 1262, "samples_count": 2457600, "lr": 1.2458333333333332e-08}}
:::MLLOG {"namespace": "", "time_ms": 1790255403418, "event_type": "POINT_IN_TIME", "key": "train_loss", "value": 0.1385657638311386, "metadata": {"file": "/workspace/recommendation/generative_recommenders/dlrm_v4/utils.py", "lineno": 1262, "samples_count": 2867200, "lr": 1.4541666666666666e-08}}
:::MLLOG {"namespace": "", "time_ms": 1790255426895, "event_type": "POINT_IN_TIME", "key": "train_loss", "value": 0.13825173676013947, "metadata": {"file": "/workspace/recommendation/generative_recommenders/dlrm_v4/utils.py", "lineno": 1262, "samples_count": 3276800, "lr": 1.6625e-08}}
:::MLLOG {"namespace": "", "time_ms": 1790255450678, "event_type": "POINT_IN_TIME", "key": "train_loss", "value": 0.13848723471164703, "metadata": {"file": "/workspace/recommendation/generative_recommenders/dlrm_v4/utils.py", "lineno": 1262, "samples_count": 3686400, "lr": 1.8708333333333334e-08}}
:::MLLOG {"namespace": "", "time_ms": 1790255474828, "event_type": "POINT_IN_TIME", "key": "train_loss", "value": 0.13844099640846252, "metadata": {"file": "/workspace/recommendation/generative_recommenders/dlrm_v4/utils.py", "lineno": 1262, "samples_count": 4096000, "lr": 2.0791666666666666e-08}}
:::MLLOG {"namespace": "", "time_ms": 1790255498902, "event_type": "POINT_IN_TIME", "key": "train_loss", "value": 0.13794395327568054, "metadata": {"file": "/workspace/recommendation/generative_recommenders/dlrm_v4/utils.py", "lineno": 1262, "samples_count": 4505600, "lr": 2.2874999999999998e-08}}
:::MLLOG {"namespace": "", "time_ms": 1790255523419, "event_type": "POINT_IN_TIME", "key": "train_loss", "value": 0.13819168508052826, "metadata": {"file": "/workspace/recommendation/generative_recommenders/dlrm_v4/utils.py", "lineno": 1262, "samples_count": 4915200, "lr": 2.495833333333333e-08}}
:::MLLOG {"namespace": "", "time_ms": 1790255547848, "event_type": "POINT_IN_TIME", "key": "train_loss", "value": 0.1378897726535797, "metadata": {"file": "/workspace/recommendation/generative_recommenders/dlrm_v4/utils.py", "lineno": 1262, "samples_count": 5324800, "lr": 2.7041666666666666e-08}}
:::MLLOG {"namespace": "", "time_ms": 1790255571702, "event_type": "POINT_IN_TIME", "key": "train_loss", "value": 0.1372426599264145, "metadata": {"file": "/workspace/recommendation/generative_recommenders/dlrm_v4/utils.py", "lineno": 1262, "samples_count": 5734400, "lr": 2.9125e-08}}
:::MLLOG {"namespace": "", "time_ms": 1790255595797, "event_type": "POINT_IN_TIME", "key": "train_loss", "value": 0.13670951128005981, "metadata": {"file": "/workspace/recommendation/generative_recommenders/dlrm_v4/utils.py", "lineno": 1262, "samples_count": 6144000, "lr": 3.120833333333333e-08}}
:::MLLOG {"namespace": "", "time_ms": 1790255619764, "event_type": "POINT_IN_TIME", "key": "train_loss", "value": 0.13742418587207794, "metadata": {"file": "/workspace/recommendation/generative_recommenders/dlrm_v4/utils.py", "lineno": 1262, "samples_count": 6553600, "lr": 3.329166666666666e-08}}
:::MLLOG {"namespace": "", "time_ms": 1790255644109, "event_type": "POINT_IN_TIME", "key": "train_loss", "value": 0.1367732286453247, "metadata": {"file": "/workspace/recommendation/generative_recommenders/dlrm_v4/utils.py", "lineno": 1262, "samples_count": 6963200, "lr": 3.5375e-08}}
:::MLLOG {"namespace": "", "time_ms": 1790255668152, "event_type": "POINT_IN_TIME", "key": "train_loss", "value": 0.13646705448627472, "metadata": {"file": "/workspace/recommendation/generative_recommenders/dlrm_v4/utils.py", "lineno": 1262, "samples_count": 7372800, "lr": 3.745833333333333e-08}}
:::MLLOG {"namespace": "", "time_ms": 1790255693624, "event_type": "POINT_IN_TIME", "key": "train_loss", "value": 0.13558027148246765, "metadata": {"file": "/workspace/recommendation/generative_recommenders/dlrm_v4/utils.py", "lineno": 1262, "samples_count": 7782400, "lr": 3.954166666666667e-08}}
:::MLLOG {"namespace": "", "time_ms": 1790255719073, "event_type": "POINT_IN_TIME", "key": "train_loss", "value": 0.13737940788269043, "metadata": {"file": "/workspace/recommendation/generative_recommenders/dlrm_v4/utils.py", "lineno": 1262, "samples_count": 8192000, "lr": 4.1625e-08}}
:::MLLOG {"namespace": "", "time_ms": 1790255776142, "event_type": "POINT_IN_TIME", "key": "train_loss", "value": 0.13444627821445465, "metadata": {"file": "/workspace/recommendation/generative_recommenders/dlrm_v4/utils.py", "lineno": 1262, "samples_count": 8601600, "lr": 4.370833333333333e-08}}
:::MLLOG {"namespace": "", "time_ms": 1790255800844, "event_type": "POINT_IN_TIME", "key": "train_loss", "value": 0.13539278507232666, "metadata": {"file": "/workspace/recommendation/generative_recommenders/dlrm_v4/utils.py", "lineno": 1262, "samples_count": 9011200, "lr": 4.579166666666667e-08}}
:::MLLOG {"namespace": "", "time_ms": 1790255825182, "event_type": "POINT_IN_TIME", "key": "train_loss", "value": 0.13555021584033966, "metadata": {"file": "/workspace/recommendation/generative_recommenders/dlrm_v4/utils.py", "lineno": 1262, "samples_count": 9420800, "lr": 4.7875e-08}}
:::MLLOG {"namespace": "", "time_ms": 1790255849311, "event_type": "POINT_IN_TIME", "key": "train_loss", "value": 0.13428735733032227, "metadata": {"file": "/workspace/recommendation/generative_recommenders/dlrm_v4/utils.py", "lineno": 1262, "samples_count": 9830400, "lr": 4.995833333333333e-08}}
:::MLLOG {"namespace": "", "time_ms": 1790255873622, "event_type": "POINT_IN_TIME", "key": "train_loss", "value": 0.13605999946594238, "metadata": {"file": "/workspace/recommendation/generative_recommenders/dlrm_v4/utils.py", "lineno": 1262, "samples_count": 10240000, "lr": 5.204166666666666e-08}}
:::MLLOG {"namespace": "", "time_ms": 1790255897757, "event_type": "POINT_IN_TIME", "key": "train_loss", "value": 0.13801690936088562, "metadata": {"file": "/workspace/recommendation/generative_recommenders/dlrm_v4/utils.py", "lineno": 1262, "samples_count": 10649600, "lr": 5.4124999999999997e-08}}
:::MLLOG {"namespace": "", "time_ms": 1790255921899, "event_type": "POINT_IN_TIME", "key": "train_loss", "value": 0.1355801224708557, "metadata": {"file": "/workspace/recommendation/generative_recommenders/dlrm_v4/utils.py", "lineno": 1262, "samples_count": 11059200, "lr": 5.620833333333333e-08}}
:::MLLOG {"namespace": "", "time_ms": 1790255945965, "event_type": "POINT_IN_TIME", "key": "train_loss", "value": 0.13792556524276733, "metadata": {"file": "/workspace/recommendation/generative_recommenders/dlrm_v4/utils.py", "lineno": 1262, "samples_count": 11468800, "lr": 5.829166666666666e-08}}
:::MLLOG {"namespace": "", "time_ms": 1790255970244, "event_type": "POINT_IN_TIME", "key": "train_loss", "value": 0.1361025720834732, "metadata": {"file": "/workspace/recommendation/generative_recommenders/dlrm_v4/utils.py", "lineno": 1262, "samples_count": 11878400, "lr": 6.0375e-08}}
:::MLLOG {"namespace": "", "time_ms": 1790255994386, "event_type": "POINT_IN_TIME", "key": "train_loss", "value": 0.13457922637462616, "metadata": {"file": "/workspace/recommendation/generative_recommenders/dlrm_v4/utils.py", "lineno": 1262, "samples_count": 12288000, "lr": 6.245833333333333e-08}}
:::MLLOG {"namespace": "", "time_ms": 1790256018597, "event_type": "POINT_IN_TIME", "key": "train_loss", "value": 0.1367400586605072, "metadata": {"file": "/workspace/recommendation/generative_recommenders/dlrm_v4/utils.py", "lineno": 1262, "samples_count": 12697600, "lr": 6.454166666666667e-08}}
:::MLLOG {"namespace": "", "time_ms": 1790256042877, "event_type": "POINT_IN_TIME", "key": "train_loss", "value": 0.1310545951128006, "metadata": {"file": "/workspace/recommendation/generative_recommenders/dlrm_v4/utils.py", "lineno": 1262, "samples_count": 13107200, "lr": 6.6625e-08}}
:::MLLOG {"namespace": "", "time_ms": 1790256066951, "event_type": "POINT_IN_TIME", "key": "train_loss", "value": 0.1328772008419037, "metadata": {"file": "/workspace/recommendation/generative_recommenders/dlrm_v4/utils.py", "lineno": 1262, "samples_count": 13516800, "lr": 6.870833333333332e-08}}
:::MLLOG {"namespace": "", "time_ms": 1790256091226, "event_type": "POINT_IN_TIME", "key": "train_loss", "value": 0.133669912815094, "metadata": {"file": "/workspace/recommendation/generative_recommenders/dlrm_v4/utils.py", "lineno": 1262, "samples_count": 13926400, "lr": 7.079166666666666e-08}}
:::MLLOG {"namespace": "", "time_ms": 1790256115704, "event_type": "POINT_IN_TIME", "key": "train_loss", "value": 0.1288246512413025, "metadata": {"file": "/workspace/recommendation/generative_recommenders/dlrm_v4/utils.py", "lineno": 1262, "samples_count": 14336000, "lr": 7.2875e-08}}
:::MLLOG {"namespace": "", "time_ms": 1790256139988, "event_type": "POINT_IN_TIME", "key": "train_loss", "value": 0.12734751403331757, "metadata": {"file": "/workspace/recommendation/generative_recommenders/dlrm_v4/utils.py", "lineno": 1262, "samples_count": 14745600, "lr": 7.495833333333333e-08}}
:::MLLOG {"namespace": "", "time_ms": 1790256164138, "event_type": "POINT_IN_TIME", "key": "train_loss", "value": 0.1323975920677185, "metadata": {"file": "/workspace/recommendation/generative_recommenders/dlrm_v4/utils.py", "lineno": 1262, "samples_count": 15155200, "lr": 7.704166666666665e-08}}
:::MLLOG {"namespace": "", "time_ms": 1790256188841, "event_type": "POINT_IN_TIME", "key": "train_loss", "value": 0.1331942230463028, "metadata": {"file": "/workspace/recommendation/generative_recommenders/dlrm_v4/utils.py", "lineno": 1262, "samples_count": 15564800, "lr": 7.9125e-08}}
:::MLLOG {"namespace": "", "time_ms": 1790256213558, "event_type": "POINT_IN_TIME", "key": "train_loss", "value": 0.13424187898635864, "metadata": {"file": "/workspace/recommendation/generative_recommenders/dlrm_v4/utils.py", "lineno": 1262, "samples_count": 15974400, "lr": 8.120833333333332e-08}}
:::MLLOG {"namespace": "", "time_ms": 1790256238428, "event_type": "POINT_IN_TIME", "key": "train_loss", "value": 0.1336572766304016, "metadata": {"file": "/workspace/recommendation/generative_recommenders/dlrm_v4/utils.py", "lineno": 1262, "samples_count": 16384000, "lr": 8.329166666666666e-08}}
:::MLLOG {"namespace": "", "time_ms": 1790256263400, "event_type": "POINT_IN_TIME", "key": "train_loss", "value": 0.1354222446680069, "metadata": {"file": "/workspace/recommendation/generative_recommenders/dlrm_v4/utils.py", "lineno": 1262, "samples_count": 16793600, "lr": 8.537500000000001e-08}}
:::MLLOG {"namespace": "", "time_ms": 1790256290763, "event_type": "POINT_IN_TIME", "key": "train_loss", "value": 0.13527964055538177, "metadata": {"file": "/workspace/recommendation/generative_recommenders/dlrm_v4/utils.py", "lineno": 1262, "samples_count": 17203200, "lr": 8.745833333333333e-08}}
:::MLLOG {"namespace": "", "time_ms": 1790256316341, "event_type": "POINT_IN_TIME", "key": "train_loss", "value": 0.13515642285346985, "metadata": {"file": "/workspace/recommendation/generative_recommenders/dlrm_v4/utils.py", "lineno": 1262, "samples_count": 17612800, "lr": 8.954166666666667e-08}}
:::MLLOG {"namespace": "", "time_ms": 1790256342276, "event_type": "POINT_IN_TIME", "key": "train_loss", "value": 0.1334613561630249, "metadata": {"file": "/workspace/recommendation/generative_recommenders/dlrm_v4/utils.py", "lineno": 1262, "samples_count": 18022400, "lr": 9.162499999999999e-08}}
:::MLLOG {"namespace": "", "time_ms": 1790256376015, "event_type": "POINT_IN_TIME", "key": "train_loss", "value": 0.1321313977241516, "metadata": {"file": "/workspace/recommendation/generative_recommenders/dlrm_v4/utils.py", "lineno": 1262, "samples_count": 18432000, "lr": 9.370833333333334e-08}}
:::MLLOG {"namespace": "", "time_ms": 1790256401539, "event_type": "POINT_IN_TIME", "key": "train_loss", "value": 0.1352483481168747, "metadata": {"file": "/workspace/recommendation/generative_recommenders/dlrm_v4/utils.py", "lineno": 1262, "samples_count": 18841600, "lr": 9.579166666666666e-08}}
:::MLLOG {"namespace": "", "time_ms": 1790256426948, "event_type": "POINT_IN_TIME", "key": "train_loss", "value": 0.13050416111946106, "metadata": {"file": "/workspace/recommendation/generative_recommenders/dlrm_v4/utils.py", "lineno": 1262, "samples_count": 19251200, "lr": 9.7875e-08}}
:::MLLOG {"namespace": "", "time_ms": 1790256452576, "event_type": "POINT_IN_TIME", "key": "train_loss", "value": 0.1338573396205902, "metadata": {"file": "/workspace/recommendation/generative_recommenders/dlrm_v4/utils.py", "lineno": 1262, "samples_count": 19660800, "lr": 9.995833333333333e-08}}
:::MLLOG {"namespace": "", "time_ms": 1790256477303, "event_type": "POINT_IN_TIME", "key": "train_loss", "value": 0.1319315880537033, "metadata": {"file": "/workspace/recommendation/generative_recommenders/dlrm_v4/utils.py", "lineno": 1262, "samples_count": 20070400, "lr": 1.0204166666666667e-07}}
:::MLLOG {"namespace": "", "time_ms": 1790256501847, "event_type": "POINT_IN_TIME", "key": "train_loss", "value": 0.12968657910823822, "metadata": {"file": "/workspace/recommendation/generative_recommenders/dlrm_v4/utils.py", "lineno": 1262, "samples_count": 20480000, "lr": 1.0412499999999999e-07}}
:::MLLOG {"namespace": "", "time_ms": 1790256526354, "event_type": "POINT_IN_TIME", "key": "train_loss", "value": 0.1397700309753418, "metadata": {"file": "/workspace/recommendation/generative_recommenders/dlrm_v4/utils.py", "lineno": 1262, "samples_count": 20889600, "lr": 1.0620833333333334e-07}}
:::MLLOG {"namespace": "", "time_ms": 1790256551044, "event_type": "POINT_IN_TIME", "key": "train_loss", "value": 0.13056813180446625, "metadata": {"file": "/workspace/recommendation/generative_recommenders/dlrm_v4/utils.py", "lineno": 1262, "samples_count": 21299200, "lr": 1.0829166666666666e-07}}
:::MLLOG {"namespace": "", "time_ms": 1790256575707, "event_type": "POINT_IN_TIME", "key": "train_loss", "value": 0.12991006672382355, "metadata": {"file": "/workspace/recommendation/generative_recommenders/dlrm_v4/utils.py", "lineno": 1262, "samples_count": 21708800, "lr": 1.10375e-07}}
:::MLLOG {"namespace": "", "time_ms": 1790256600456, "event_type": "POINT_IN_TIME", "key": "train_loss", "value": 0.1352471113204956, "metadata": {"file": "/workspace/recommendation/generative_recommenders/dlrm_v4/utils.py", "lineno": 1262, "samples_count": 22118400, "lr": 1.1245833333333332e-07}}
:::MLLOG {"namespace": "", "time_ms": 1790256624816, "event_type": "POINT_IN_TIME", "key": "train_loss", "value": 0.13434378802776337, "metadata": {"file": "/workspace/recommendation/generative_recommenders/dlrm_v4/utils.py", "lineno": 1262, "samples_count": 22528000, "lr": 1.1454166666666666e-07}}
:::MLLOG {"namespace": "", "time_ms": 1790256649558, "event_type": "POINT_IN_TIME", "key": "train_loss", "value": 0.12915222346782684, "metadata": {"file": "/workspace/recommendation/generative_recommenders/dlrm_v4/utils.py", "lineno": 1262, "samples_count": 22937600, "lr": 1.16625e-07}}
:::MLLOG {"namespace": "", "time_ms": 1790256674127, "event_type": "POINT_IN_TIME", "key": "train_loss", "value": 0.1295754313468933, "metadata": {"file": "/workspace/recommendation/generative_recommenders/dlrm_v4/utils.py", "lineno": 1262, "samples_count": 23347200, "lr": 1.1870833333333332e-07}}
:::MLLOG {"namespace": "", "time_ms": 1790256698795, "event_type": "POINT_IN_TIME", "key": "train_loss", "value": 0.1295149028301239, "metadata": {"file": "/workspace/recommendation/generative_recommenders/dlrm_v4/utils.py", "lineno": 1262, "samples_count": 23756800, "lr": 1.2079166666666667e-07}}
:::MLLOG {"namespace": "", "time_ms": 1790256723195, "event_type": "POINT_IN_TIME", "key": "train_loss", "value": 0.12857310473918915, "metadata": {"file": "/workspace/recommendation/generative_recommenders/dlrm_v4/utils.py", "lineno": 1262, "samples_count": 24166400, "lr": 1.22875e-07}}
:::MLLOG {"namespace": "", "time_ms": 1790256747637, "event_type": "POINT_IN_TIME", "key": "train_loss", "value": 0.13747747242450714, "metadata": {"file": "/workspace/recommendation/generative_recommenders/dlrm_v4/utils.py", "lineno": 1262, "samples_count": 24576000, "lr": 1.2495833333333334e-07}}
:::MLLOG {"namespace": "", "time_ms": 1790256772448, "event_type": "POINT_IN_TIME", "key": "train_loss", "value": 0.13643194735050201, "metadata": {"file": "/workspace/recommendation/generative_recommenders/dlrm_v4/utils.py", "lineno": 1262, "samples_count": 24985600, "lr": 1.2704166666666666e-07}}
:::MLLOG {"namespace": "", "time_ms": 1790256796886, "event_type": "POINT_IN_TIME", "key": "train_loss", "value": 0.13648024201393127, "metadata": {"file": "/workspace/recommendation/generative_recommenders/dlrm_v4/utils.py", "lineno": 1262, "samples_count": 25395200, "lr": 1.2912499999999999e-07}}
:::MLLOG {"namespace": "", "time_ms": 1790256821885, "event_type": "POINT_IN_TIME", "key": "train_loss", "value": 0.13225790858268738, "metadata": {"file": "/workspace/recommendation/generative_recommenders/dlrm_v4/utils.py", "lineno": 1262, "samples_count": 25804800, "lr": 1.3120833333333334e-07}}
:::MLLOG {"namespace": "", "time_ms": 1790256846523, "event_type": "POINT_IN_TIME", "key": "train_loss", "value": 0.1384790688753128, "metadata": {"file": "/workspace/recommendation/generative_recommenders/dlrm_v4/utils.py", "lineno": 1262, "samples_count": 26214400, "lr": 1.3329166666666666e-07}}
:::MLLOG {"namespace": "", "time_ms": 1790256871041, "event_type": "POINT_IN_TIME", "key": "train_loss", "value": 0.13007211685180664, "metadata": {"file": "/workspace/recommendation/generative_recommenders/dlrm_v4/utils.py", "lineno": 1262, "samples_count": 26624000, "lr": 1.3537499999999998e-07}}
:::MLLOG {"namespace": "", "time_ms": 1790256896297, "event_type": "POINT_IN_TIME", "key": "train_loss", "value": 0.1271447390317917, "metadata": {"file": "/workspace/recommendation/generative_recommenders/dlrm_v4/utils.py", "lineno": 1262, "samples_count": 27033600, "lr": 1.374583333333333e-07}}
:::MLLOG {"namespace": "", "time_ms": 1790256920916, "event_type": "POINT_IN_TIME", "key": "train_loss", "value": 0.13416144251823425, "metadata": {"file": "/workspace/recommendation/generative_recommenders/dlrm_v4/utils.py", "lineno": 1262, "samples_count": 27443200, "lr": 1.3954166666666668e-07}}
:::MLLOG {"namespace": "", "time_ms": 1790256946057, "event_type": "POINT_IN_TIME", "key": "train_loss", "value": 0.14221510291099548, "metadata": {"file": "/workspace/recommendation/generative_recommenders/dlrm_v4/utils.py", "lineno": 1262, "samples_count": 27852800, "lr": 1.41625e-07}}
:::MLLOG {"namespace": "", "time_ms": 1790256971721, "event_type": "POINT_IN_TIME", "key": "train_loss", "value": 0.13541916012763977, "metadata": {"file": "/workspace/recommendation/generative_recommenders/dlrm_v4/utils.py", "lineno": 1262, "samples_count": 28262400, "lr": 1.4370833333333332e-07}}
:::MLLOG {"namespace": "", "time_ms": 1790256997367, "event_type": "POINT_IN_TIME", "key": "train_loss", "value": 0.12571094930171967, "metadata": {"file": "/workspace/recommendation/generative_recommenders/dlrm_v4/utils.py", "lineno": 1262, "samples_count": 28672000, "lr": 1.4579166666666667e-07}}
:::MLLOG {"namespace": "", "time_ms": 1790257022818, "event_type": "POINT_IN_TIME", "key": "train_loss", "value": 0.1369466781616211, "metadata": {"file": "/workspace/recommendation/generative_recommenders/dlrm_v4/utils.py", "lineno": 1262, "samples_count": 29081600, "lr": 1.47875e-07}}
:::MLLOG {"namespace": "", "time_ms": 1790257048078, "event_type": "POINT_IN_TIME", "key": "train_loss", "value": 0.13312284648418427, "metadata": {"file": "/workspace/recommendation/generative_recommenders/dlrm_v4/utils.py", "lineno": 1262, "samples_count": 29491200, "lr": 1.4995833333333331e-07}}
:::MLLOG {"namespace": "", "time_ms": 1790257074212, "event_type": "POINT_IN_TIME", "key": "train_loss", "value": 0.13228298723697662, "metadata": {"file": "/workspace/recommendation/generative_recommenders/dlrm_v4/utils.py", "lineno": 1262, "samples_count": 29900800, "lr": 1.5204166666666666e-07}}
:::MLLOG {"namespace": "", "time_ms": 1790257099498, "event_type": "POINT_IN_TIME", "key": "train_loss", "value": 0.13172057271003723, "metadata": {"file": "/workspace/recommendation/generative_recommenders/dlrm_v4/utils.py", "lineno": 1262, "samples_count": 30310400, "lr": 1.54125e-07}}
:::MLLOG {"namespace": "", "time_ms": 1790257124974, "event_type": "POINT_IN_TIME", "key": "train_loss", "value": 0.13760274648666382, "metadata": {"file": "/workspace/recommendation/generative_recommenders/dlrm_v4/utils.py", "lineno": 1262, "samples_count": 30720000, "lr": 1.5620833333333333e-07}}
:::MLLOG {"namespace": "", "time_ms": 1790257150529, "event_type": "POINT_IN_TIME", "key": "train_loss", "value": 0.14123818278312683, "metadata": {"file": "/workspace/recommendation/generative_recommenders/dlrm_v4/utils.py", "lineno": 1262, "samples_count": 31129600, "lr": 1.5829166666666666e-07}}
:::MLLOG {"namespace": "", "time_ms": 1790257176064, "event_type": "POINT_IN_TIME", "key": "train_loss", "value": 0.13336175680160522, "metadata": {"file": "/workspace/recommendation/generative_recommenders/dlrm_v4/utils.py", "lineno": 1262, "samples_count": 31539200, "lr": 1.6037499999999998e-07}}
:::MLLOG {"namespace": "", "time_ms": 1790257200946, "event_type": "POINT_IN_TIME", "key": "train_loss", "value": 0.13417112827301025, "metadata": {"file": "/workspace/recommendation/generative_recommenders/dlrm_v4/utils.py", "lineno": 1262, "samples_count": 31948800, "lr": 1.6245833333333333e-07}}
:::MLLOG {"namespace": "", "time_ms": 1790257225802, "event_type": "POINT_IN_TIME", "key": "train_loss", "value": 0.131695955991745, "metadata": {"file": "/workspace/recommendation/generative_recommenders/dlrm_v4/utils.py", "lineno": 1262, "samples_count": 32358400, "lr": 1.6454166666666665e-07}}
:::MLLOG {"namespace": "", "time_ms": 1790257250634, "event_type": "POINT_IN_TIME", "key": "train_loss", "value": 0.1318683624267578, "metadata": {"file": "/workspace/recommendation/generative_recommenders/dlrm_v4/utils.py", "lineno": 1262, "samples_count": 32768000, "lr": 1.66625e-07}}
:::MLLOG {"namespace": "", "time_ms": 1790257275622, "event_type": "POINT_IN_TIME", "key": "train_loss", "value": 0.13546238839626312, "metadata": {"file": "/workspace/recommendation/generative_recommenders/dlrm_v4/utils.py", "lineno": 1262, "samples_count": 33177600, "lr": 1.6870833333333332e-07}}
:::MLLOG {"namespace": "", "time_ms": 1790257300604, "event_type": "POINT_IN_TIME", "key": "train_loss", "value": 0.13982419669628143, "metadata": {"file": "/workspace/recommendation/generative_recommenders/dlrm_v4/utils.py", "lineno": 1262, "samples_count": 33587200, "lr": 1.7079166666666667e-07}}
:::MLLOG {"namespace": "", "time_ms": 1790257325803, "event_type": "POINT_IN_TIME", "key": "train_loss", "value": 0.13474267721176147, "metadata": {"file": "/workspace/recommendation/generative_recommenders/dlrm_v4/utils.py", "lineno": 1262, "samples_count": 33996800, "lr": 1.72875e-07}}
:::MLLOG {"namespace": "", "time_ms": 1790257350615, "event_type": "POINT_IN_TIME", "key": "train_loss", "value": 0.13533778488636017, "metadata": {"file": "/workspace/recommendation/generative_recommenders/dlrm_v4/utils.py", "lineno": 1262, "samples_count": 34406400, "lr": 1.7495833333333331e-07}}
:::MLLOG {"namespace": "", "time_ms": 1790257375479, "event_type": "POINT_IN_TIME", "key": "train_loss", "value": 0.13078387081623077, "metadata": {"file": "/workspace/recommendation/generative_recommenders/dlrm_v4/utils.py", "lineno": 1262, "samples_count": 34816000, "lr": 1.7704166666666666e-07}}
:::MLLOG {"namespace": "", "time_ms": 1790257400482, "event_type": "POINT_IN_TIME", "key": "train_loss", "value": 0.13518737256526947, "metadata": {"file": "/workspace/recommendation/generative_recommenders/dlrm_v4/utils.py", "lineno": 1262, "samples_count": 35225600, "lr": 1.79125e-07}}
:::MLLOG {"namespace": "", "time_ms": 1790257425619, "event_type": "POINT_IN_TIME", "key": "train_loss", "value": 0.1345575749874115, "metadata": {"file": "/workspace/recommendation/generative_recommenders/dlrm_v4/utils.py", "lineno": 1262, "samples_count": 35635200, "lr": 1.8120833333333333e-07}}
:::MLLOG {"namespace": "", "time_ms": 1790257450550, "event_type": "POINT_IN_TIME", "key": "train_loss", "value": 0.13117718696594238, "metadata": {"file": "/workspace/recommendation/generative_recommenders/dlrm_v4/utils.py", "lineno": 1262, "samples_count": 36044800, "lr": 1.8329166666666666e-07}}
:::MLLOG {"namespace": "", "time_ms": 1790257475702, "event_type": "POINT_IN_TIME", "key": "train_loss", "value": 0.13369756937026978, "metadata": {"file": "/workspace/recommendation/generative_recommenders/dlrm_v4/utils.py", "lineno": 1262, "samples_count": 36454400, "lr": 1.85375e-07}}
:::MLLOG {"namespace": "", "time_ms": 1790257500460, "event_type": "POINT_IN_TIME", "key": "train_loss", "value": 0.1378445327281952, "metadata": {"file": "/workspace/recommendation/generative_recommenders/dlrm_v4/utils.py", "lineno": 1262, "samples_count": 36864000, "lr": 1.8745833333333333e-07}}
:::MLLOG {"namespace": "", "time_ms": 1790257525179, "event_type": "POINT_IN_TIME", "key": "train_loss", "value": 0.132502943277359, "metadata": {"file": "/workspace/recommendation/generative_recommenders/dlrm_v4/utils.py", "lineno": 1262, "samples_count": 37273600, "lr": 1.8954166666666665e-07}}
:::MLLOG {"namespace": "", "time_ms": 1790257550212, "event_type": "POINT_IN_TIME", "key": "train_loss", "value": 0.1321435421705246, "metadata": {"file": "/workspace/recommendation/generative_recommenders/dlrm_v4/utils.py", "lineno": 1262, "samples_count": 37683200, "lr": 1.9162499999999997e-07}}
:::MLLOG {"namespace": "", "time_ms": 1790257575453, "event_type": "POINT_IN_TIME", "key": "train_loss", "value": 0.12917223572731018, "metadata": {"file": "/workspace/recommendation/generative_recommenders/dlrm_v4/utils.py", "lineno": 1262, "samples_count": 38092800, "lr": 1.9370833333333335e-07}}
:::MLLOG {"namespace": "", "time_ms": 1790257600825, "event_type": "POINT_IN_TIME", "key": "train_loss", "value": 0.13376539945602417, "metadata": {"file": "/workspace/recommendation/generative_recommenders/dlrm_v4/utils.py", "lineno": 1262, "samples_count": 38502400, "lr": 1.9579166666666667e-07}}
:::MLLOG {"namespace": "", "time_ms": 1790257626161, "event_type": "POINT_IN_TIME", "key": "train_loss", "value": 0.12850500643253326, "metadata": {"file": "/workspace/recommendation/generative_recommenders/dlrm_v4/utils.py", "lineno": 1262, "samples_count": 38912000, "lr": 1.97875e-07}}
:::MLLOG {"namespace": "", "time_ms": 1790257651353, "event_type": "POINT_IN_TIME", "key": "train_loss", "value": 0.1348850578069687, "metadata": {"file": "/workspace/recommendation/generative_recommenders/dlrm_v4/utils.py", "lineno": 1262, "samples_count": 39321600, "lr": 1.999583333333333e-07}}
:::MLLOG {"namespace": "", "time_ms": 1790257676593, "event_type": "POINT_IN_TIME", "key": "train_loss", "value": 0.1366806924343109, "metadata": {"file": "/workspace/recommendation/generative_recommenders/dlrm_v4/utils.py", "lineno": 1262, "samples_count": 39731200, "lr": 2.0204166666666666e-07}}
:::MLLOG {"namespace": "", "time_ms": 1790257701421, "event_type": "POINT_IN_TIME", "key": "train_loss", "value": 0.12563179433345795, "metadata": {"file": "/workspace/recommendation/generative_recommenders/dlrm_v4/utils.py", "lineno": 1262, "samples_count": 40140800, "lr": 2.0412499999999998e-07}}
:::MLLOG {"namespace": "", "time_ms": 1790257726421, "event_type": "POINT_IN_TIME", "key": "train_loss", "value": 0.1321427822113037, "metadata": {"file": "/workspace/recommendation/generative_recommenders/dlrm_v4/utils.py", "lineno": 1262, "samples_count": 40550400, "lr": 2.062083333333333e-07}}
:::MLLOG {"namespace": "", "time_ms": 1790257751788, "event_type": "POINT_IN_TIME", "key": "train_loss", "value": 0.12697869539260864, "metadata": {"file": "/workspace/recommendation/generative_recommenders/dlrm_v4/utils.py", "lineno": 1262, "samples_count": 40960000, "lr": 2.0829166666666668e-07}}
:::MLLOG {"namespace": "", "time_ms": 1790257776625, "event_type": "POINT_IN_TIME", "key": "train_loss", "value": 0.13462238013744354, "metadata": {"file": "/workspace/recommendation/generative_recommenders/dlrm_v4/utils.py", "lineno": 1262, "samples_count": 41369600, "lr": 2.10375e-07}}
:::MLLOG {"namespace": "", "time_ms": 1790257801870, "event_type": "POINT_IN_TIME", "key": "train_loss", "value": 0.1336948573589325, "metadata": {"file": "/workspace/recommendation/generative_recommenders/dlrm_v4/utils.py", "lineno": 1262, "samples_count": 41779200, "lr": 2.1245833333333332e-07}}
:::MLLOG {"namespace": "", "time_ms": 1790257826901, "event_type": "POINT_IN_TIME", "key": "train_loss", "value": 0.1349349170923233, "metadata": {"file": "/workspace/recommendation/generative_recommenders/dlrm_v4/utils.py", "lineno": 1262, "samples_count": 42188800, "lr": 2.1454166666666665e-07}}
:::MLLOG {"namespace": "", "time_ms": 1790257851935, "event_type": "POINT_IN_TIME", "key": "train_loss", "value": 0.13494841754436493, "metadata": {"file": "/workspace/recommendation/generative_recommenders/dlrm_v4/utils.py", "lineno": 1262, "samples_count": 42598400, "lr": 2.16625e-07}}
:::MLLOG {"namespace": "", "time_ms": 1790257877088, "event_type": "POINT_IN_TIME", "key": "train_loss", "value": 0.13063842058181763, "metadata": {"file": "/workspace/recommendation/generative_recommenders/dlrm_v4/utils.py", "lineno": 1262, "samples_count": 43008000, "lr": 2.1870833333333332e-07}}
:::MLLOG {"namespace": "", "time_ms": 1790257902320, "event_type": "POINT_IN_TIME", "key": "train_loss", "value": 0.14026521146297455, "metadata": {"file": "/workspace/recommendation/generative_recommenders/dlrm_v4/utils.py", "lineno": 1262, "samples_count": 43417600, "lr": 2.2079166666666667e-07}}
:::MLLOG {"namespace": "", "time_ms": 1790257927572, "event_type": "POINT_IN_TIME", "key": "train_loss", "value": 0.1335054636001587, "metadata": {"file": "/workspace/recommendation/generative_recommenders/dlrm_v4/utils.py", "lineno": 1262, "samples_count": 43827200, "lr": 2.22875e-07}}
:::MLLOG {"namespace": "", "time_ms": 1790257952569, "event_type": "POINT_IN_TIME", "key": "train_loss", "value": 0.13870050013065338, "metadata": {"file": "/workspace/recommendation/generative_recommenders/dlrm_v4/utils.py", "lineno": 1262, "samples_count": 44236800, "lr": 2.2495833333333334e-07}}
:::MLLOG {"namespace": "", "time_ms": 1790257978883, "event_type": "POINT_IN_TIME", "key": "train_loss", "value": 0.1264066845178604, "metadata": {"file": "/workspace/recommendation/generative_recommenders/dlrm_v4/utils.py", "lineno": 1262, "samples_count": 44646400, "lr": 2.2704166666666666e-07}}
:::MLLOG {"namespace": "", "time_ms": 1790258004485, "event_type": "POINT_IN_TIME", "key": "train_loss", "value": 0.13448387384414673, "metadata": {"file": "/workspace/recommendation/generative_recommenders/dlrm_v4/utils.py", "lineno": 1262, "samples_count": 45056000, "lr": 2.2912499999999998e-07}}
:::MLLOG {"namespace": "", "time_ms": 1790258030051, "event_type": "POINT_IN_TIME", "key": "train_loss", "value": 0.13430677354335785, "metadata": {"file": "/workspace/recommendation/generative_recommenders/dlrm_v4/utils.py", "lineno": 1262, "samples_count": 45465600, "lr": 2.312083333333333e-07}}
:::MLLOG {"namespace": "", "time_ms": 1790258055862, "event_type": "POINT_IN_TIME", "key": "train_loss", "value": 0.13332988321781158, "metadata": {"file": "/workspace/recommendation/generative_recommenders/dlrm_v4/utils.py", "lineno": 1262, "samples_count": 45875200, "lr": 2.3329166666666665e-07}}
:::MLLOG {"namespace": "", "time_ms": 1790258081598, "event_type": "POINT_IN_TIME", "key": "train_loss", "value": 0.13697458803653717, "metadata": {"file": "/workspace/recommendation/generative_recommenders/dlrm_v4/utils.py", "lineno": 1262, "samples_count": 46284800, "lr": 2.35375e-07}}
:::MLLOG {"namespace": "", "time_ms": 1790258107445, "event_type": "POINT_IN_TIME", "key": "train_loss", "value": 0.1350473016500473, "metadata": {"file": "/workspace/recommendation/generative_recommenders/dlrm_v4/utils.py", "lineno": 1262, "samples_count": 46694400, "lr": 2.3745833333333332e-07}}
:::MLLOG {"namespace": "", "time_ms": 1790258133499, "event_type": "POINT_IN_TIME", "key": "train_loss", "value": 0.136031836271286, "metadata": {"file": "/workspace/recommendation/generative_recommenders/dlrm_v4/utils.py", "lineno": 1262, "samples_count": 47104000, "lr": 2.3954166666666665e-07}}
:::MLLOG {"namespace": "", "time_ms": 1790258159235, "event_type": "POINT_IN_TIME", "key": "train_loss", "value": 0.1321423500776291, "metadata": {"file": "/workspace/recommendation/generative_recommenders/dlrm_v4/utils.py", "lineno": 1262, "samples_count": 47513600, "lr": 2.41625e-07}}
:::MLLOG {"namespace": "", "time_ms": 1790258185051, "event_type": "POINT_IN_TIME", "key": "train_loss", "value": 0.12812986969947815, "metadata": {"file": "/workspace/recommendation/generative_recommenders/dlrm_v4/utils.py", "lineno": 1262, "samples_count": 47923200, "lr": 2.4370833333333334e-07}}
:::MLLOG {"namespace": "", "time_ms": 1790258210713, "event_type": "POINT_IN_TIME", "key": "train_loss", "value": 0.13104645907878876, "metadata": {"file": "/workspace/recommendation/generative_recommenders/dlrm_v4/utils.py", "lineno": 1262, "samples_count": 48332800, "lr": 2.4579166666666664e-07}}
:::MLLOG {"namespace": "", "time_ms": 1790258236813, "event_type": "POINT_IN_TIME", "key": "train_loss", "value": 0.1313900500535965, "metadata": {"file": "/workspace/recommendation/generative_recommenders/dlrm_v4/utils.py", "lineno": 1262, "samples_count": 48742400, "lr": 2.47875e-07}}
:::MLLOG {"namespace": "", "time_ms": 1790258262656, "event_type": "POINT_IN_TIME", "key": "train_loss", "value": 0.12849640846252441, "metadata": {"file": "/workspace/recommendation/generative_recommenders/dlrm_v4/utils.py", "lineno": 1262, "samples_count": 49152000, "lr": 2.4995833333333334e-07}}
:::MLLOG {"namespace": "", "time_ms": 1790258288284, "event_type": "POINT_IN_TIME", "key": "train_loss", "value": 0.12606531381607056, "metadata": {"file": "/workspace/recommendation/generative_recommenders/dlrm_v4/utils.py", "lineno": 1262, "samples_count": 49561600, "lr": 2.5204166666666663e-07}}
:::MLLOG {"namespace": "", "time_ms": 1790258313481, "event_type": "POINT_IN_TIME", "key": "train_loss", "value": 0.12989090383052826, "metadata": {"file": "/workspace/recommendation/generative_recommenders/dlrm_v4/utils.py", "lineno": 1262, "samples_count": 49971200, "lr": 2.54125e-07}}
:::MLLOG {"namespace": "", "time_ms": 1790258338643, "event_type": "POINT_IN_TIME", "key": "train_loss", "value": 0.12367969006299973, "metadata": {"file": "/workspace/recommendation/generative_recommenders/dlrm_v4/utils.py", "lineno": 1262, "samples_count": 50380800, "lr": 2.5620833333333333e-07}}
:::MLLOG {"namespace": "", "time_ms": 1790258363697, "event_type": "POINT_IN_TIME", "key": "train_loss", "value": 0.1256798356771469, "metadata": {"file": "/workspace/recommendation/generative_recommenders/dlrm_v4/utils.py", "lineno": 1262, "samples_count": 50790400, "lr": 2.582916666666666e-07}}
:::MLLOG {"namespace": "", "time_ms": 1790258389057, "event_type": "POINT_IN_TIME", "key": "train_loss", "value": 0.14015890657901764, "metadata": {"file": "/workspace/recommendation/generative_recommenders/dlrm_v4/utils.py", "lineno": 1262, "samples_count": 51200000, "lr": 2.6037500000000003e-07}}
:::MLLOG {"namespace": "", "time_ms": 1790258414189, "event_type": "POINT_IN_TIME", "key": "train_loss", "value": 0.12919119000434875, "metadata": {"file": "/workspace/recommendation/generative_recommenders/dlrm_v4/utils.py", "lineno": 1262, "samples_count": 51609600, "lr": 2.624583333333333e-07}}
:::MLLOG {"namespace": "", "time_ms": 1790258439417, "event_type": "POINT_IN_TIME", "key": "train_loss", "value": 0.12277025729417801, "metadata": {"file": "/workspace/recommendation/generative_recommenders/dlrm_v4/utils.py", "lineno": 1262, "samples_count": 52019200, "lr": 2.6454166666666667e-07}}
:::MLLOG {"namespace": "", "time_ms": 1790258465242, "event_type": "POINT_IN_TIME", "key": "train_loss", "value": 0.1163996160030365, "metadata": {"file": "/workspace/recommendation/generative_recommenders/dlrm_v4/utils.py", "lineno": 1262, "samples_count": 52428800, "lr": 2.6662499999999997e-07}}
:::MLLOG {"namespace": "", "time_ms": 1790258490478, "event_type": "POINT_IN_TIME", "key": "train_loss", "value": 0.13407520949840546, "metadata": {"file": "/workspace/recommendation/generative_recommenders/dlrm_v4/utils.py", "lineno": 1262, "samples_count": 52838400, "lr": 2.687083333333333e-07}}
:::MLLOG {"namespace": "", "time_ms": 1790258515434, "event_type": "POINT_IN_TIME", "key": "train_loss", "value": 0.12670496106147766, "metadata": {"file": "/workspace/recommendation/generative_recommenders/dlrm_v4/utils.py", "lineno": 1262, "samples_count": 53248000, "lr": 2.7079166666666666e-07}}
:::MLLOG {"namespace": "", "time_ms": 1790258540376, "event_type": "POINT_IN_TIME", "key": "train_loss", "value": 0.1222209632396698, "metadata": {"file": "/workspace/recommendation/generative_recommenders/dlrm_v4/utils.py", "lineno": 1262, "samples_count": 53657600, "lr": 2.7287499999999996e-07}}
:::MLLOG {"namespace": "", "time_ms": 1790258565386, "event_type": "POINT_IN_TIME", "key": "train_loss", "value": 0.11976934224367142, "metadata": {"file": "/workspace/recommendation/generative_recommenders/dlrm_v4/utils.py", "lineno": 1262, "samples_count": 54067200, "lr": 2.7495833333333336e-07}}
:::MLLOG {"namespace": "", "time_ms": 1790258590730, "event_type": "POINT_IN_TIME", "key": "train_loss", "value": 0.12757113575935364, "metadata": {"file": "/workspace/recommendation/generative_recommenders/dlrm_v4/utils.py", "lineno": 1262, "samples_count": 54476800, "lr": 2.7704166666666666e-07}}
:::MLLOG {"namespace": "", "time_ms": 1790258616014, "event_type": "POINT_IN_TIME", "key": "train_loss", "value": 0.1255662888288498, "metadata": {"file": "/workspace/recommendation/generative_recommenders/dlrm_v4/utils.py", "lineno": 1262, "samples_count": 54886400, "lr": 2.79125e-07}}
:::MLLOG {"namespace": "", "time_ms": 1790258641331, "event_type": "POINT_IN_TIME", "key": "train_loss", "value": 0.12311865389347076, "metadata": {"file": "/workspace/recommendation/generative_recommenders/dlrm_v4/utils.py", "lineno": 1262, "samples_count": 55296000, "lr": 2.812083333333333e-07}}
:::MLLOG {"namespace": "", "time_ms": 1790258667085, "event_type": "POINT_IN_TIME", "key": "train_loss", "value": 0.11933992058038712, "metadata": {"file": "/workspace/recommendation/generative_recommenders/dlrm_v4/utils.py", "lineno": 1262, "samples_count": 55705600, "lr": 2.8329166666666665e-07}}
:::MLLOG {"namespace": "", "time_ms": 1790258692388, "event_type": "POINT_IN_TIME", "key": "train_loss", "value": 0.12058468908071518, "metadata": {"file": "/workspace/recommendation/generative_recommenders/dlrm_v4/utils.py", "lineno": 1262, "samples_count": 56115200, "lr": 2.85375e-07}}
:::MLLOG {"namespace": "", "time_ms": 1790258717454, "event_type": "POINT_IN_TIME", "key": "train_loss", "value": 0.12278927862644196, "metadata": {"file": "/workspace/recommendation/generative_recommenders/dlrm_v4/utils.py", "lineno": 1262, "samples_count": 56524800, "lr": 2.874583333333333e-07}}
:::MLLOG {"namespace": "", "time_ms": 1790258742529, "event_type": "POINT_IN_TIME", "key": "train_loss", "value": 0.11650799959897995, "metadata": {"file": "/workspace/recommendation/generative_recommenders/dlrm_v4/utils.py", "lineno": 1262, "samples_count": 56934400, "lr": 2.8954166666666664e-07}}
:::MLLOG {"namespace": "", "time_ms": 1790258767589, "event_type": "POINT_IN_TIME", "key": "train_loss", "value": 0.12265721708536148, "metadata": {"file": "/workspace/recommendation/generative_recommenders/dlrm_v4/utils.py", "lineno": 1262, "samples_count": 57344000, "lr": 2.91625e-07}}
:::MLLOG {"namespace": "", "time_ms": 1790258767594, "event_type": "INTERVAL_END", "key": "block_stop", "value": null, "metadata": {"file": "/workspace/recommendation/generative_recommenders/dlrm_v4/train/mlperf_logging_utils.py", "lineno": 336, "samples_count": 57344000, "epoch_num": 0.02503191605309833}}
:::MLLOG {"namespace": "", "time_ms": 1790258767598, "event_type": "INTERVAL_START", "key": "eval_start", "value": null, "metadata": {"file": "/workspace/recommendation/generative_recommenders/dlrm_v4/train/mlperf_logging_utils.py", "lineno": 343, "samples_count": 57344000, "epoch_num": 0.02503191605309833}}
:::MLLOG {"namespace": "", "time_ms": 1790258997040, "event_type": "POINT_IN_TIME", "key": "eval_accuracy", "value": 0.6442604660987854, "metadata": {"file": "/workspace/recommendation/generative_recommenders/dlrm_v4/train/mlperf_logging_utils.py", "lineno": 384, "samples_count": 57344000, "epoch_num": 0.02503191605309833}}
:::MLLOG {"namespace": "", "time_ms": 1790258997604, "event_type": "INTERVAL_END", "key": "eval_stop", "value": null, "metadata": {"file": "/workspace/recommendation/generative_recommenders/dlrm_v4/train/mlperf_logging_utils.py", "lineno": 387, "samples_count": 57344000, "epoch_num": 0.02503191605309833}}
:::MLLOG {"namespace": "", "time_ms": 1790258997609, "event_type": "INTERVAL_START", "key": "block_start", "value": null, "metadata": {"file": "/workspace/recommendation/generative_recommenders/dlrm_v4/train/mlperf_logging_utils.py", "lineno": 329, "samples_count": 57344000, "epoch_num": 0.02503191605309833}}
:::MLLOG {"namespace": "", "time_ms": 1790259022997, "event_type": "POINT_IN_TIME", "key": "train_loss", "value": 0.11912533640861511, "metadata": {"file": "/workspace/recommendation/generative_recommenders/dlrm_v4/utils.py", "lineno": 1262, "samples_count": 57753600, "lr": 2.9370833333333334e-07}}
:::MLLOG {"namespace": "", "time_ms": 1790259048331, "event_type": "POINT_IN_TIME", "key": "train_loss", "value": 0.12130576372146606, "metadata": {"file": "/workspace/recommendation/generative_recommenders/dlrm_v4/utils.py", "lineno": 1262, "samples_count": 58163200, "lr": 2.9579166666666664e-07}}
:::MLLOG {"namespace": "", "time_ms": 1790259074058, "event_type": "POINT_IN_TIME", "key": "train_loss", "value": 0.11759189516305923, "metadata": {"file": "/workspace/recommendation/generative_recommenders/dlrm_v4/utils.py", "lineno": 1262, "samples_count": 58572800, "lr": 2.97875e-07}}
:::MLLOG {"namespace": "", "time_ms": 1790259099591, "event_type": "POINT_IN_TIME", "key": "train_loss", "value": 0.11053819209337234, "metadata": {"file": "/workspace/recommendation/generative_recommenders/dlrm_v4/utils.py", "lineno": 1262, "samples_count": 58982400, "lr": 2.9995833333333333e-07}}
:::MLLOG {"namespace": "", "time_ms": 1790259125276, "event_type": "POINT_IN_TIME", "key": "train_loss", "value": 0.10737836360931396, "metadata": {"file": "/workspace/recommendation/generative_recommenders/dlrm_v4/utils.py", "lineno": 1262, "samples_count": 59392000, "lr": 3.0204166666666663e-07}}
:::MLLOG {"namespace": "", "time_ms": 1790259140395, "event_type": "INTERVAL_END", "key": "block_stop", "value": null, "metadata": {"file": "/workspace/recommendation/generative_recommenders/dlrm_v4/train/mlperf_logging_utils.py", "lineno": 336, "samples_count": 59637760, "epoch_num": 0.026033192695222262}}
:::MLLOG {"namespace": "", "time_ms": 1790259140400, "event_type": "INTERVAL_START", "key": "eval_start", "value": null, "metadata": {"file": "/workspace/recommendation/generative_recommenders/dlrm_v4/train/mlperf_logging_utils.py", "lineno": 343, "samples_count": 59637760, "epoch_num": 0.026033192695222262}}
:::MLLOG {"namespace": "", "time_ms": 1790259240578, "event_type": "POINT_IN_TIME", "key": "eval_accuracy", "value": 0.6595771908760071, "metadata": {"file": "/workspace/recommendation/generative_recommenders/dlrm_v4/train/mlperf_logging_utils.py", "lineno": 384, "samples_count": 59637760, "epoch_num": 0.026033192695222262}}
:::MLLOG {"namespace": "", "time_ms": 1790259240584, "event_type": "INTERVAL_END", "key": "eval_stop", "value": null, "metadata": {"file": "/workspace/recommendation/generative_recommenders/dlrm_v4/train/mlperf_logging_utils.py", "lineno": 387, "samples_count": 59637760, "epoch_num": 0.026033192695222262}}
:::MLLOG {"namespace": "", "time_ms": 1790259240587, "event_type": "INTERVAL_START", "key": "block_start", "value": null, "metadata": {"file": "/workspace/recommendation/generative_recommenders/dlrm_v4/train/mlperf_logging_utils.py", "lineno": 329, "samples_count": 59637760, "epoch_num": 0.026033192695222262}}
:::MLLOG {"namespace": "", "time_ms": 1790259250668, "event_type": "POINT_IN_TIME", "key": "train_loss", "value": 0.1160207986831665, "metadata": {"file": "/workspace/recommendation/generative_recommenders/dlrm_v4/utils.py", "lineno": 1262, "samples_count": 59801600, "lr": 3.04125e-07}}
:::MLLOG {"namespace": "", "time_ms": 1790259275743, "event_type": "POINT_IN_TIME", "key": "train_loss", "value": 0.11227390170097351, "metadata": {"file": "/workspace/recommendation/generative_recommenders/dlrm_v4/utils.py", "lineno": 1262, "samples_count": 60211200, "lr": 3.0620833333333333e-07}}
:::MLLOG {"namespace": "", "time_ms": 1790259300847, "event_type": "POINT_IN_TIME", "key": "train_loss", "value": 0.12140318751335144, "metadata": {"file": "/workspace/recommendation/generative_recommenders/dlrm_v4/utils.py", "lineno": 1262, "samples_count": 60620800, "lr": 3.082916666666667e-07}}
:::MLLOG {"namespace": "", "time_ms": 1790259326355, "event_type": "POINT_IN_TIME", "key": "train_loss", "value": 0.12211210280656815, "metadata": {"file": "/workspace/recommendation/generative_recommenders/dlrm_v4/utils.py", "lineno": 1262, "samples_count": 61030400, "lr": 3.1037499999999997e-07}}
:::MLLOG {"namespace": "", "time_ms": 1790259351831, "event_type": "POINT_IN_TIME", "key": "train_loss", "value": 0.11138330399990082, "metadata": {"file": "/workspace/recommendation/generative_recommenders/dlrm_v4/utils.py", "lineno": 1262, "samples_count": 61440000, "lr": 3.124583333333333e-07}}
:::MLLOG {"namespace": "", "time_ms": 1790259377145, "event_type": "POINT_IN_TIME", "key": "train_loss", "value": 0.11484141647815704, "metadata": {"file": "/workspace/recommendation/generative_recommenders/dlrm_v4/utils.py", "lineno": 1262, "samples_count": 61849600, "lr": 3.1454166666666667e-07}}
:::MLLOG {"namespace": "", "time_ms": 1790259382426, "event_type": "INTERVAL_END", "key": "block_stop", "value": null, "metadata": {"file": "/workspace/recommendation/generative_recommenders/dlrm_v4/train/mlperf_logging_utils.py", "lineno": 336, "samples_count": 61931520, "epoch_num": 0.027034469337346195}}
:::MLLOG {"namespace": "", "time_ms": 1790259382434, "event_type": "INTERVAL_START", "key": "eval_start", "value": null, "metadata": {"file": "/workspace/recommendation/generative_recommenders/dlrm_v4/train/mlperf_logging_utils.py", "lineno": 343, "samples_count": 61931520, "epoch_num": 0.027034469337346195}}
:::MLLOG {"namespace": "", "time_ms": 1790259494210, "event_type": "POINT_IN_TIME", "key": "eval_accuracy", "value": 0.6741704940795898, "metadata": {"file": "/workspace/recommendation/generative_recommenders/dlrm_v4/train/mlperf_logging_utils.py", "lineno": 384, "samples_count": 61931520, "epoch_num": 0.027034469337346195}}
:::MLLOG {"namespace": "", "time_ms": 1790259494226, "event_type": "INTERVAL_END", "key": "eval_stop", "value": null, "metadata": {"file": "/workspace/recommendation/generative_recommenders/dlrm_v4/train/mlperf_logging_utils.py", "lineno": 387, "samples_count": 61931520, "epoch_num": 0.027034469337346195}}
:::MLLOG {"namespace": "", "time_ms": 1790259494230, "event_type": "INTERVAL_START", "key": "block_start", "value": null, "metadata": {"file": "/workspace/recommendation/generative_recommenders/dlrm_v4/train/mlperf_logging_utils.py", "lineno": 329, "samples_count": 61931520, "epoch_num": 0.027034469337346195}}
:::MLLOG {"namespace": "", "time_ms": 1790259514679, "event_type": "POINT_IN_TIME", "key": "train_loss", "value": 0.11932554095983505, "metadata": {"file": "/workspace/recommendation/generative_recommenders/dlrm_v4/utils.py", "lineno": 1262, "samples_count": 62259200, "lr": 3.1662499999999996e-07}}
:::MLLOG {"namespace": "", "time_ms": 1790259540223, "event_type": "POINT_IN_TIME", "key": "train_loss", "value": 0.11486553400754929, "metadata": {"file": "/workspace/recommendation/generative_recommenders/dlrm_v4/utils.py", "lineno": 1262, "samples_count": 62668800, "lr": 3.187083333333333e-07}}
:::MLLOG {"namespace": "", "time_ms": 1790259565783, "event_type": "POINT_IN_TIME", "key": "train_loss", "value": 0.11930965632200241, "metadata": {"file": "/workspace/recommendation/generative_recommenders/dlrm_v4/utils.py", "lineno": 1262, "samples_count": 63078400, "lr": 3.207916666666666e-07}}
:::MLLOG {"namespace": "", "time_ms": 1790259591141, "event_type": "POINT_IN_TIME", "key": "train_loss", "value": 0.11970588564872742, "metadata": {"file": "/workspace/recommendation/generative_recommenders/dlrm_v4/utils.py", "lineno": 1262, "samples_count": 63488000, "lr": 3.22875e-07}}
:::MLLOG {"namespace": "", "time_ms": 1790259616261, "event_type": "POINT_IN_TIME", "key": "train_loss", "value": 0.11574295908212662, "metadata": {"file": "/workspace/recommendation/generative_recommenders/dlrm_v4/utils.py", "lineno": 1262, "samples_count": 63897600, "lr": 3.2495833333333336e-07}}
:::MLLOG {"namespace": "", "time_ms": 1790259636574, "event_type": "INTERVAL_END", "key": "block_stop", "value": null, "metadata": {"file": "/workspace/recommendation/generative_recommenders/dlrm_v4/train/mlperf_logging_utils.py", "lineno": 336, "samples_count": 64225280, "epoch_num": 0.028035745979470127}}
:::MLLOG {"namespace": "", "time_ms": 1790259636580, "event_type": "INTERVAL_START", "key": "eval_start", "value": null, "metadata": {"file": "/workspace/recommendation/generative_recommenders/dlrm_v4/train/mlperf_logging_utils.py", "lineno": 343, "samples_count": 64225280, "epoch_num": 0.028035745979470127}}
:::MLLOG {"namespace": "", "time_ms": 1790259734490, "event_type": "POINT_IN_TIME", "key": "eval_accuracy", "value": 0.690159022808075, "metadata": {"file": "/workspace/recommendation/generative_recommenders/dlrm_v4/train/mlperf_logging_utils.py", "lineno": 384, "samples_count": 64225280, "epoch_num": 0.028035745979470127}}
:::MLLOG {"namespace": "", "time_ms": 1790259734510, "event_type": "INTERVAL_END", "key": "eval_stop", "value": null, "metadata": {"file": "/workspace/recommendation/generative_recommenders/dlrm_v4/train/mlperf_logging_utils.py", "lineno": 387, "samples_count": 64225280, "epoch_num": 0.028035745979470127}}
:::MLLOG {"namespace": "", "time_ms": 1790259734513, "event_type": "INTERVAL_START", "key": "block_start", "value": null, "metadata": {"file": "/workspace/recommendation/generative_recommenders/dlrm_v4/train/mlperf_logging_utils.py", "lineno": 329, "samples_count": 64225280, "epoch_num": 0.028035745979470127}}
:::MLLOG {"namespace": "", "time_ms": 1790259739618, "event_type": "POINT_IN_TIME", "key": "train_loss", "value": 0.11294619739055634, "metadata": {"file": "/workspace/recommendation/generative_recommenders/dlrm_v4/utils.py", "lineno": 1262, "samples_count": 64307200, "lr": 3.2704166666666666e-07}}
:::MLLOG {"namespace": "", "time_ms": 1790259765387, "event_type": "POINT_IN_TIME", "key": "train_loss", "value": 0.11658060550689697, "metadata": {"file": "/workspace/recommendation/generative_recommenders/dlrm_v4/utils.py", "lineno": 1262, "samples_count": 64716800, "lr": 3.29125e-07}}
:::MLLOG {"namespace": "", "time_ms": 1790259791011, "event_type": "POINT_IN_TIME", "key": "train_loss", "value": 0.1090916246175766, "metadata": {"file": "/workspace/recommendation/generative_recommenders/dlrm_v4/utils.py", "lineno": 1262, "samples_count": 65126400, "lr": 3.312083333333333e-07}}
:::MLLOG {"namespace": "", "time_ms": 1790259816365, "event_type": "POINT_IN_TIME", "key": "train_loss", "value": 0.10881788283586502, "metadata": {"file": "/workspace/recommendation/generative_recommenders/dlrm_v4/utils.py", "lineno": 1262, "samples_count": 65536000, "lr": 3.3329166666666665e-07}}
:::MLLOG {"namespace": "", "time_ms": 1790259845020, "event_type": "POINT_IN_TIME", "key": "train_loss", "value": 0.12425728887319565, "metadata": {"file": "/workspace/recommendation/generative_recommenders/dlrm_v4/utils.py", "lineno": 1262, "samples_count": 65945600, "lr": 3.3537499999999994e-07}}
:::MLLOG {"namespace": "", "time_ms": 1790259872413, "event_type": "POINT_IN_TIME", "key": "train_loss", "value": 0.12796270847320557, "metadata": {"file": "/workspace/recommendation/generative_recommenders/dlrm_v4/utils.py", "lineno": 1262, "samples_count": 66355200, "lr": 3.3745833333333335e-07}}
:::MLLOG {"namespace": "", "time_ms": 1790259883004, "event_type": "INTERVAL_END", "key": "block_stop", "value": null, "metadata": {"file": "/workspace/recommendation/generative_recommenders/dlrm_v4/train/mlperf_logging_utils.py", "lineno": 336, "samples_count": 66519040, "epoch_num": 0.02903702262159406}}
:::MLLOG {"namespace": "", "time_ms": 1790259883009, "event_type": "INTERVAL_START", "key": "eval_start", "value": null, "metadata": {"file": "/workspace/recommendation/generative_recommenders/dlrm_v4/train/mlperf_logging_utils.py", "lineno": 343, "samples_count": 66519040, "epoch_num": 0.02903702262159406}}
:::MLLOG {"namespace": "", "time_ms": 1790259975768, "event_type": "POINT_IN_TIME", "key": "eval_accuracy", "value": 0.6975309252738953, "metadata": {"file": "/workspace/recommendation/generative_recommenders/dlrm_v4/train/mlperf_logging_utils.py", "lineno": 384, "samples_count": 66519040, "epoch_num": 0.02903702262159406}}
:::MLLOG {"namespace": "", "time_ms": 1790259975773, "event_type": "INTERVAL_END", "key": "eval_stop", "value": null, "metadata": {"file": "/workspace/recommendation/generative_recommenders/dlrm_v4/train/mlperf_logging_utils.py", "lineno": 387, "samples_count": 66519040, "epoch_num": 0.02903702262159406}}
:::MLLOG {"namespace": "", "time_ms": 1790259975777, "event_type": "INTERVAL_START", "key": "block_start", "value": null, "metadata": {"file": "/workspace/recommendation/generative_recommenders/dlrm_v4/train/mlperf_logging_utils.py", "lineno": 329, "samples_count": 66519040, "epoch_num": 0.02903702262159406}}
:::MLLOG {"namespace": "", "time_ms": 1790259993852, "event_type": "POINT_IN_TIME", "key": "train_loss", "value": 0.1212012842297554, "metadata": {"file": "/workspace/recommendation/generative_recommenders/dlrm_v4/utils.py", "lineno": 1262, "samples_count": 66764800, "lr": 3.395416666666667e-07}}
:::MLLOG {"namespace": "", "time_ms": 1790260019979, "event_type": "POINT_IN_TIME", "key": "train_loss", "value": 0.112500861287117, "metadata": {"file": "/workspace/recommendation/generative_recommenders/dlrm_v4/utils.py", "lineno": 1262, "samples_count": 67174400, "lr": 3.41625e-07}}
:::MLLOG {"namespace": "", "time_ms": 1790260046038, "event_type": "POINT_IN_TIME", "key": "train_loss", "value": 0.11710026115179062, "metadata": {"file": "/workspace/recommendation/generative_recommenders/dlrm_v4/utils.py", "lineno": 1262, "samples_count": 67584000, "lr": 3.4370833333333334e-07}}
:::MLLOG {"namespace": "", "time_ms": 1790260072389, "event_type": "POINT_IN_TIME", "key": "train_loss", "value": 0.11718285828828812, "metadata": {"file": "/workspace/recommendation/generative_recommenders/dlrm_v4/utils.py", "lineno": 1262, "samples_count": 67993600, "lr": 3.4579166666666663e-07}}
:::MLLOG {"namespace": "", "time_ms": 1790260098529, "event_type": "POINT_IN_TIME", "key": "train_loss", "value": 0.11996804922819138, "metadata": {"file": "/workspace/recommendation/generative_recommenders/dlrm_v4/utils.py", "lineno": 1262, "samples_count": 68403200, "lr": 3.47875e-07}}
:::MLLOG {"namespace": "", "time_ms": 1790260124579, "event_type": "POINT_IN_TIME", "key": "train_loss", "value": 0.11636590957641602, "metadata": {"file": "/workspace/recommendation/generative_recommenders/dlrm_v4/utils.py", "lineno": 1262, "samples_count": 68812800, "lr": 3.499583333333333e-07}}
:::MLLOG {"namespace": "", "time_ms": 1790260124585, "event_type": "INTERVAL_END", "key": "block_stop", "value": null, "metadata": {"file": "/workspace/recommendation/generative_recommenders/dlrm_v4/train/mlperf_logging_utils.py", "lineno": 336, "samples_count": 68812800, "epoch_num": 0.030038299263717993}}
:::MLLOG {"namespace": "", "time_ms": 1790260124588, "event_type": "INTERVAL_START", "key": "eval_start", "value": null, "metadata": {"file": "/workspace/recommendation/generative_recommenders/dlrm_v4/train/mlperf_logging_utils.py", "lineno": 343, "samples_count": 68812800, "epoch_num": 0.030038299263717993}}
:::MLLOG {"namespace": "", "time_ms": 1790260230519, "event_type": "POINT_IN_TIME", "key": "eval_accuracy", "value": 0.7083998322486877, "metadata": {"file": "/workspace/recommendation/generative_recommenders/dlrm_v4/train/mlperf_logging_utils.py", "lineno": 384, "samples_count": 68812800, "epoch_num": 0.030038299263717993}}
:::MLLOG {"namespace": "", "time_ms": 1790260231064, "event_type": "INTERVAL_END", "key": "eval_stop", "value": null, "metadata": {"file": "/workspace/recommendation/generative_recommenders/dlrm_v4/train/mlperf_logging_utils.py", "lineno": 387, "samples_count": 68812800, "epoch_num": 0.030038299263717993}}
:::MLLOG {"namespace": "", "time_ms": 1790260231068, "event_type": "INTERVAL_START", "key": "block_start", "value": null, "metadata": {"file": "/workspace/recommendation/generative_recommenders/dlrm_v4/train/mlperf_logging_utils.py", "lineno": 329, "samples_count": 68812800, "epoch_num": 0.030038299263717993}}
:::MLLOG {"namespace": "", "time_ms": 1790260257228, "event_type": "POINT_IN_TIME", "key": "train_loss", "value": 0.11729041486978531, "metadata": {"file": "/workspace/recommendation/generative_recommenders/dlrm_v4/utils.py", "lineno": 1262, "samples_count": 69222400, "lr": 3.5204166666666663e-07}}
:::MLLOG {"namespace": "", "time_ms": 1790260283351, "event_type": "POINT_IN_TIME", "key": "train_loss", "value": 0.11012588441371918, "metadata": {"file": "/workspace/recommendation/generative_recommenders/dlrm_v4/utils.py", "lineno": 1262, "samples_count": 69632000, "lr": 3.5412500000000003e-07}}
:::MLLOG {"namespace": "", "time_ms": 1790260309385, "event_type": "POINT_IN_TIME", "key": "train_loss", "value": 0.10457449406385422, "metadata": {"file": "/workspace/recommendation/generative_recommenders/dlrm_v4/utils.py", "lineno": 1262, "samples_count": 70041600, "lr": 3.562083333333333e-07}}
:::MLLOG {"namespace": "", "time_ms": 1790260335343, "event_type": "POINT_IN_TIME", "key": "train_loss", "value": 0.10885877907276154, "metadata": {"file": "/workspace/recommendation/generative_recommenders/dlrm_v4/utils.py", "lineno": 1262, "samples_count": 70451200, "lr": 3.582916666666667e-07}}
:::MLLOG {"namespace": "", "time_ms": 1790260361624, "event_type": "POINT_IN_TIME", "key": "train_loss", "value": 0.11540206521749496, "metadata": {"file": "/workspace/recommendation/generative_recommenders/dlrm_v4/utils.py", "lineno": 1262, "samples_count": 70860800, "lr": 3.6037499999999997e-07}}
:::MLLOG {"namespace": "", "time_ms": 1790260377392, "event_type": "INTERVAL_END", "key": "block_stop", "value": null, "metadata": {"file": "/workspace/recommendation/generative_recommenders/dlrm_v4/train/mlperf_logging_utils.py", "lineno": 336, "samples_count": 71106560, "epoch_num": 0.03103957590584193}}
:::MLLOG {"namespace": "", "time_ms": 1790260377398, "event_type": "INTERVAL_START", "key": "eval_start", "value": null, "metadata": {"file": "/workspace/recommendation/generative_recommenders/dlrm_v4/train/mlperf_logging_utils.py", "lineno": 343, "samples_count": 71106560, "epoch_num": 0.03103957590584193}}
:::MLLOG {"namespace": "", "time_ms": 1790260467917, "event_type": "POINT_IN_TIME", "key": "eval_accuracy", "value": 0.7240133285522461, "metadata": {"file": "/workspace/recommendation/generative_recommenders/dlrm_v4/train/mlperf_logging_utils.py", "lineno": 384, "samples_count": 71106560, "epoch_num": 0.03103957590584193}}
:::MLLOG {"namespace": "", "time_ms": 1790260468131, "event_type": "INTERVAL_END", "key": "eval_stop", "value": null, "metadata": {"file": "/workspace/recommendation/generative_recommenders/dlrm_v4/train/mlperf_logging_utils.py", "lineno": 387, "samples_count": 71106560, "epoch_num": 0.03103957590584193}}
:::MLLOG {"namespace": "", "time_ms": 1790260468135, "event_type": "INTERVAL_START", "key": "block_start", "value": null, "metadata": {"file": "/workspace/recommendation/generative_recommenders/dlrm_v4/train/mlperf_logging_utils.py", "lineno": 329, "samples_count": 71106560, "epoch_num": 0.03103957590584193}}
:::MLLOG {"namespace": "", "time_ms": 1790260478655, "event_type": "POINT_IN_TIME", "key": "train_loss", "value": 0.11992426216602325, "metadata": {"file": "/workspace/recommendation/generative_recommenders/dlrm_v4/utils.py", "lineno": 1262, "samples_count": 71270400, "lr": 3.624583333333333e-07}}
:::MLLOG {"namespace": "", "time_ms": 1790260504855, "event_type": "POINT_IN_TIME", "key": "train_loss", "value": 0.1136675700545311, "metadata": {"file": "/workspace/recommendation/generative_recommenders/dlrm_v4/utils.py", "lineno": 1262, "samples_count": 71680000, "lr": 3.645416666666666e-07}}
:::MLLOG {"namespace": "", "time_ms": 1790260533269, "event_type": "POINT_IN_TIME", "key": "train_loss", "value": 0.10594359040260315, "metadata": {"file": "/workspace/recommendation/generative_recommenders/dlrm_v4/utils.py", "lineno": 1262, "samples_count": 72089600, "lr": 3.6662499999999996e-07}}
:::MLLOG {"namespace": "", "time_ms": 1790260559006, "event_type": "POINT_IN_TIME", "key": "train_loss", "value": 0.11371909081935883, "metadata": {"file": "/workspace/recommendation/generative_recommenders/dlrm_v4/utils.py", "lineno": 1262, "samples_count": 72499200, "lr": 3.6870833333333336e-07}}
:::MLLOG {"namespace": "", "time_ms": 1790260585629, "event_type": "POINT_IN_TIME", "key": "train_loss", "value": 0.10780265927314758, "metadata": {"file": "/workspace/recommendation/generative_recommenders/dlrm_v4/utils.py", "lineno": 1262, "samples_count": 72908800, "lr": 3.7079166666666666e-07}}
:::MLLOG {"namespace": "", "time_ms": 1790260611376, "event_type": "POINT_IN_TIME", "key": "train_loss", "value": 0.10527164489030838, "metadata": {"file": "/workspace/recommendation/generative_recommenders/dlrm_v4/utils.py", "lineno": 1262, "samples_count": 73318400, "lr": 3.72875e-07}}
:::MLLOG {"namespace": "", "time_ms": 1790260616548, "event_type": "INTERVAL_END", "key": "block_stop", "value": null, "metadata": {"file": "/workspace/recommendation/generative_recommenders/dlrm_v4/train/mlperf_logging_utils.py", "lineno": 336, "samples_count": 73400320, "epoch_num": 0.03204085254796586}}
:::MLLOG {"namespace": "", "time_ms": 1790260616553, "event_type": "INTERVAL_START", "key": "eval_start", "value": null, "metadata": {"file": "/workspace/recommendation/generative_recommenders/dlrm_v4/train/mlperf_logging_utils.py", "lineno": 343, "samples_count": 73400320, "epoch_num": 0.03204085254796586}}
:::MLLOG {"namespace": "", "time_ms": 1790260716793, "event_type": "POINT_IN_TIME", "key": "eval_accuracy", "value": 0.7375240325927734, "metadata": {"file": "/workspace/recommendation/generative_recommenders/dlrm_v4/train/mlperf_logging_utils.py", "lineno": 384, "samples_count": 73400320, "epoch_num": 0.03204085254796586}}
:::MLLOG {"namespace": "", "time_ms": 1790260716798, "event_type": "INTERVAL_END", "key": "eval_stop", "value": null, "metadata": {"file": "/workspace/recommendation/generative_recommenders/dlrm_v4/train/mlperf_logging_utils.py", "lineno": 387, "samples_count": 73400320, "epoch_num": 0.03204085254796586}}
:::MLLOG {"namespace": "", "time_ms": 1790260716801, "event_type": "INTERVAL_START", "key": "block_start", "value": null, "metadata": {"file": "/workspace/recommendation/generative_recommenders/dlrm_v4/train/mlperf_logging_utils.py", "lineno": 329, "samples_count": 73400320, "epoch_num": 0.03204085254796586}}
:::MLLOG {"namespace": "", "time_ms": 1790260737414, "event_type": "POINT_IN_TIME", "key": "train_loss", "value": 0.10853695869445801, "metadata": {"file": "/workspace/recommendation/generative_recommenders/dlrm_v4/utils.py", "lineno": 1262, "samples_count": 73728000, "lr": 3.749583333333333e-07}}
:::MLLOG {"namespace": "", "time_ms": 1790260763161, "event_type": "POINT_IN_TIME", "key": "train_loss", "value": 0.1129981055855751, "metadata": {"file": "/workspace/recommendation/generative_recommenders/dlrm_v4/utils.py", "lineno": 1262, "samples_count": 74137600, "lr": 3.7704166666666665e-07}}
:::MLLOG {"namespace": "", "time_ms": 1790260788935, "event_type": "POINT_IN_TIME", "key": "train_loss", "value": 0.11431287229061127, "metadata": {"file": "/workspace/recommendation/generative_recommenders/dlrm_v4/utils.py", "lineno": 1262, "samples_count": 74547200, "lr": 3.7912499999999995e-07}}
:::MLLOG {"namespace": "", "time_ms": 1790260814650, "event_type": "POINT_IN_TIME", "key": "train_loss", "value": 0.1118006706237793, "metadata": {"file": "/workspace/recommendation/generative_recommenders/dlrm_v4/utils.py", "lineno": 1262, "samples_count": 74956800, "lr": 3.812083333333333e-07}}
:::MLLOG {"namespace": "", "time_ms": 1790260840238, "event_type": "POINT_IN_TIME", "key": "train_loss", "value": 0.11546896398067474, "metadata": {"file": "/workspace/recommendation/generative_recommenders/dlrm_v4/utils.py", "lineno": 1262, "samples_count": 75366400, "lr": 3.8329166666666665e-07}}
:::MLLOG {"namespace": "", "time_ms": 1790260860639, "event_type": "INTERVAL_END", "key": "block_stop", "value": null, "metadata": {"file": "/workspace/recommendation/generative_recommenders/dlrm_v4/train/mlperf_logging_utils.py", "lineno": 336, "samples_count": 75694080, "epoch_num": 0.033042129190089795}}
:::MLLOG {"namespace": "", "time_ms": 1790260860644, "event_type": "INTERVAL_START", "key": "eval_start", "value": null, "metadata": {"file": "/workspace/recommendation/generative_recommenders/dlrm_v4/train/mlperf_logging_utils.py", "lineno": 343, "samples_count": 75694080, "epoch_num": 0.033042129190089795}}
:::MLLOG {"namespace": "", "time_ms": 1790260952752, "event_type": "POINT_IN_TIME", "key": "eval_accuracy", "value": 0.7440623044967651, "metadata": {"file": "/workspace/recommendation/generative_recommenders/dlrm_v4/train/mlperf_logging_utils.py", "lineno": 384, "samples_count": 75694080, "epoch_num": 0.033042129190089795}}
:::MLLOG {"namespace": "", "time_ms": 1790260952757, "event_type": "INTERVAL_END", "key": "eval_stop", "value": null, "metadata": {"file": "/workspace/recommendation/generative_recommenders/dlrm_v4/train/mlperf_logging_utils.py", "lineno": 387, "samples_count": 75694080, "epoch_num": 0.033042129190089795}}
:::MLLOG {"namespace": "", "time_ms": 1790260952761, "event_type": "INTERVAL_START", "key": "block_start", "value": null, "metadata": {"file": "/workspace/recommendation/generative_recommenders/dlrm_v4/train/mlperf_logging_utils.py", "lineno": 329, "samples_count": 75694080, "epoch_num": 0.033042129190089795}}
:::MLLOG {"namespace": "", "time_ms": 1790260957845, "event_type": "POINT_IN_TIME", "key": "train_loss", "value": 0.11884856224060059, "metadata": {"file": "/workspace/recommendation/generative_recommenders/dlrm_v4/utils.py", "lineno": 1262, "samples_count": 75776000, "lr": 3.85375e-07}}
:::MLLOG {"namespace": "", "time_ms": 1790260983251, "event_type": "POINT_IN_TIME", "key": "train_loss", "value": 0.09719108045101166, "metadata": {"file": "/workspace/recommendation/generative_recommenders/dlrm_v4/utils.py", "lineno": 1262, "samples_count": 76185600, "lr": 3.8745833333333334e-07}}
:::MLLOG {"namespace": "", "time_ms": 1790261008783, "event_type": "POINT_IN_TIME", "key": "train_loss", "value": 0.10000589489936829, "metadata": {"file": "/workspace/recommendation/generative_recommenders/dlrm_v4/utils.py", "lineno": 1262, "samples_count": 76595200, "lr": 3.8954166666666664e-07}}
:::MLLOG {"namespace": "", "time_ms": 1790261034086, "event_type": "POINT_IN_TIME", "key": "train_loss", "value": 0.10966013371944427, "metadata": {"file": "/workspace/recommendation/generative_recommenders/dlrm_v4/utils.py", "lineno": 1262, "samples_count": 77004800, "lr": 3.91625e-07}}
:::MLLOG {"namespace": "", "time_ms": 1790261059581, "event_type": "POINT_IN_TIME", "key": "train_loss", "value": 0.11244380474090576, "metadata": {"file": "/workspace/recommendation/generative_recommenders/dlrm_v4/utils.py", "lineno": 1262, "samples_count": 77414400, "lr": 3.937083333333333e-07}}
:::MLLOG {"namespace": "", "time_ms": 1790261085250, "event_type": "POINT_IN_TIME", "key": "train_loss", "value": 0.10190030932426453, "metadata": {"file": "/workspace/recommendation/generative_recommenders/dlrm_v4/utils.py", "lineno": 1262, "samples_count": 77824000, "lr": 3.9579166666666663e-07}}
:::MLLOG {"namespace": "", "time_ms": 1790261095585, "event_type": "INTERVAL_END", "key": "block_stop", "value": null, "metadata": {"file": "/workspace/recommendation/generative_recommenders/dlrm_v4/train/mlperf_logging_utils.py", "lineno": 336, "samples_count": 77987840, "epoch_num": 0.03404340583221373}}
:::MLLOG {"namespace": "", "time_ms": 1790261095590, "event_type": "INTERVAL_START", "key": "eval_start", "value": null, "metadata": {"file": "/workspace/recommendation/generative_recommenders/dlrm_v4/train/mlperf_logging_utils.py", "lineno": 343, "samples_count": 77987840, "epoch_num": 0.03404340583221373}}
:::MLLOG {"namespace": "", "time_ms": 1790261186235, "event_type": "POINT_IN_TIME", "key": "eval_accuracy", "value": 0.7492855191230774, "metadata": {"file": "/workspace/recommendation/generative_recommenders/dlrm_v4/train/mlperf_logging_utils.py", "lineno": 384, "samples_count": 77987840, "epoch_num": 0.03404340583221373}}
:::MLLOG {"namespace": "", "time_ms": 1790261186254, "event_type": "INTERVAL_END", "key": "eval_stop", "value": null, "metadata": {"file": "/workspace/recommendation/generative_recommenders/dlrm_v4/train/mlperf_logging_utils.py", "lineno": 387, "samples_count": 77987840, "epoch_num": 0.03404340583221373}}
:::MLLOG {"namespace": "", "time_ms": 1790261186258, "event_type": "INTERVAL_START", "key": "block_start", "value": null, "metadata": {"file": "/workspace/recommendation/generative_recommenders/dlrm_v4/train/mlperf_logging_utils.py", "lineno": 329, "samples_count": 77987840, "epoch_num": 0.03404340583221373}}
:::MLLOG {"namespace": "", "time_ms": 1790261201630, "event_type": "POINT_IN_TIME", "key": "train_loss", "value": 0.11258253455162048, "metadata": {"file": "/workspace/recommendation/generative_recommenders/dlrm_v4/utils.py", "lineno": 1262, "samples_count": 78233600, "lr": 3.97875e-07}}
:::MLLOG {"namespace": "", "time_ms": 1790261229837, "event_type": "POINT_IN_TIME", "key": "train_loss", "value": 0.10795053094625473, "metadata": {"file": "/workspace/recommendation/generative_recommenders/dlrm_v4/utils.py", "lineno": 1262, "samples_count": 78643200, "lr": 3.9995833333333333e-07}}
:::MLLOG {"namespace": "", "time_ms": 1790261256574, "event_type": "POINT_IN_TIME", "key": "train_loss", "value": 0.11311037093400955, "metadata": {"file": "/workspace/recommendation/generative_recommenders/dlrm_v4/utils.py", "lineno": 1262, "samples_count": 79052800, "lr": 4.020416666666667e-07}}
:::MLLOG {"namespace": "", "time_ms": 1790261283518, "event_type": "POINT_IN_TIME", "key": "train_loss", "value": 0.09789349883794785, "metadata": {"file": "/workspace/recommendation/generative_recommenders/dlrm_v4/utils.py", "lineno": 1262, "samples_count": 79462400, "lr": 4.04125e-07}}
:::MLLOG {"namespace": "", "time_ms": 1790261309646, "event_type": "POINT_IN_TIME", "key": "train_loss", "value": 0.11019787192344666, "metadata": {"file": "/workspace/recommendation/generative_recommenders/dlrm_v4/utils.py", "lineno": 1262, "samples_count": 79872000, "lr": 4.062083333333333e-07}}
:::MLLOG {"namespace": "", "time_ms": 1790261335139, "event_type": "POINT_IN_TIME", "key": "train_loss", "value": 0.11293045431375504, "metadata": {"file": "/workspace/recommendation/generative_recommenders/dlrm_v4/utils.py", "lineno": 1262, "samples_count": 80281600, "lr": 4.0829166666666667e-07}}
:::MLLOG {"namespace": "", "time_ms": 1790261335145, "event_type": "INTERVAL_END", "key": "block_stop", "value": null, "metadata": {"file": "/workspace/recommendation/generative_recommenders/dlrm_v4/train/mlperf_logging_utils.py", "lineno": 336, "samples_count": 80281600, "epoch_num": 0.03504468247433766}}
:::MLLOG {"namespace": "", "time_ms": 1790261335148, "event_type": "INTERVAL_START", "key": "eval_start", "value": null, "metadata": {"file": "/workspace/recommendation/generative_recommenders/dlrm_v4/train/mlperf_logging_utils.py", "lineno": 343, "samples_count": 80281600, "epoch_num": 0.03504468247433766}}
:::MLLOG {"namespace": "", "time_ms": 1790261434346, "event_type": "POINT_IN_TIME", "key": "eval_accuracy", "value": 0.7496070265769958, "metadata": {"file": "/workspace/recommendation/generative_recommenders/dlrm_v4/train/mlperf_logging_utils.py", "lineno": 384, "samples_count": 80281600, "epoch_num": 0.03504468247433766}}
:::MLLOG {"namespace": "", "time_ms": 1790261434918, "event_type": "INTERVAL_END", "key": "eval_stop", "value": null, "metadata": {"file": "/workspace/recommendation/generative_recommenders/dlrm_v4/train/mlperf_logging_utils.py", "lineno": 387, "samples_count": 80281600, "epoch_num": 0.03504468247433766}}
:::MLLOG {"namespace": "", "time_ms": 1790261434923, "event_type": "INTERVAL_START", "key": "block_start", "value": null, "metadata": {"file": "/workspace/recommendation/generative_recommenders/dlrm_v4/train/mlperf_logging_utils.py", "lineno": 329, "samples_count": 80281600, "epoch_num": 0.03504468247433766}}
:::MLLOG {"namespace": "", "time_ms": 1790261460323, "event_type": "POINT_IN_TIME", "key": "train_loss", "value": 0.100740447640419, "metadata": {"file": "/workspace/recommendation/generative_recommenders/dlrm_v4/utils.py", "lineno": 1262, "samples_count": 80691200, "lr": 4.1037499999999997e-07}}
:::MLLOG {"namespace": "", "time_ms": 1790261486043, "event_type": "POINT_IN_TIME", "key": "train_loss", "value": 0.11128898710012436, "metadata": {"file": "/workspace/recommendation/generative_recommenders/dlrm_v4/utils.py", "lineno": 1262, "samples_count": 81100800, "lr": 4.124583333333333e-07}}
:::MLLOG {"namespace": "", "time_ms": 1790261512125, "event_type": "POINT_IN_TIME", "key": "train_loss", "value": 0.11132203787565231, "metadata": {"file": "/workspace/recommendation/generative_recommenders/dlrm_v4/utils.py", "lineno": 1262, "samples_count": 81510400, "lr": 4.145416666666666e-07}}
:::MLLOG {"namespace": "", "time_ms": 1790261537888, "event_type": "POINT_IN_TIME", "key": "train_loss", "value": 0.108077771961689, "metadata": {"file": "/workspace/recommendation/generative_recommenders/dlrm_v4/utils.py", "lineno": 1262, "samples_count": 81920000, "lr": 4.16625e-07}}
:::MLLOG {"namespace": "", "time_ms": 1790261563401, "event_type": "POINT_IN_TIME", "key": "train_loss", "value": 0.10226741433143616, "metadata": {"file": "/workspace/recommendation/generative_recommenders/dlrm_v4/utils.py", "lineno": 1262, "samples_count": 82329600, "lr": 4.187083333333333e-07}}
:::MLLOG {"namespace": "", "time_ms": 1790261579901, "event_type": "INTERVAL_END", "key": "block_stop", "value": null, "metadata": {"file": "/workspace/recommendation/generative_recommenders/dlrm_v4/train/mlperf_logging_utils.py", "lineno": 336, "samples_count": 82575360, "epoch_num": 0.03604595911646159}}
:::MLLOG {"namespace": "", "time_ms": 1790261579906, "event_type": "INTERVAL_START", "key": "eval_start", "value": null, "metadata": {"file": "/workspace/recommendation/generative_recommenders/dlrm_v4/train/mlperf_logging_utils.py", "lineno": 343, "samples_count": 82575360, "epoch_num": 0.03604595911646159}}
:::MLLOG {"namespace": "", "time_ms": 1790261670373, "event_type": "POINT_IN_TIME", "key": "eval_accuracy", "value": 0.7523248195648193, "metadata": {"file": "/workspace/recommendation/generative_recommenders/dlrm_v4/train/mlperf_logging_utils.py", "lineno": 384, "samples_count": 82575360, "epoch_num": 0.03604595911646159}}
:::MLLOG {"namespace": "", "time_ms": 1790261670577, "event_type": "INTERVAL_END", "key": "eval_stop", "value": null, "metadata": {"file": "/workspace/recommendation/generative_recommenders/dlrm_v4/train/mlperf_logging_utils.py", "lineno": 387, "samples_count": 82575360, "epoch_num": 0.03604595911646159}}
:::MLLOG {"namespace": "", "time_ms": 1790261670581, "event_type": "INTERVAL_END", "key": "run_stop", "value": null, "metadata": {"file": "/workspace/recommendation/generative_recommenders/dlrm_v4/train/mlperf_logging_utils.py", "lineno": 368, "status": "success", "samples_count": 82575360, "epoch_num": 0.03604595911646159}}
